 **********************************************************************
                          MRCC program system
 **********************************************************************
 
                              Written by
     Mihaly Kallay, Peter R. Nagy, David Mester, Laszlo Gyevi-Nagy,
        Jozsef Csoka, P. Bernat Szabo, Zoltan Rolik, Gyula Samu,
      Bence Hegely, Bence Ladoczki, Klara Petrov, Jozsef Csontos,
     Adam Ganyecz, Istvan Ladjanszki, Lorant Szegedy, Mate Farkas,
          Pal D. Mezei, Reka A. Horvath, and Balazs D. Lorincz
 
        Department of Physical Chemistry and Materials Science
            Budapest University of Technology and Economics
                  Budapest P.O.Box 91, H-1521 Hungary
 
                              www.mrcc.hu
 
                            Version: 25.1.2

 ************************ 2025-10-11 14:17:32 *************************
 Executing minp...

 Reading input from MINP...
 
 Input file:
 
mem=4096MB
basis=cc-pVDZ-F12
calc=FNO-CCSD(T)-F12




unit=bohr
geom=xyz
4
Title AutoGenerated by MRCC_Ext Script
N       0.0000000000     0.0000000000     0.2172408440
H       0.0000000000     1.7720867617    -0.5068953026
H      -1.5330356025    -0.8850985178    -0.5068953026
H       1.5330356025    -0.8850985178    -0.5068953026


charge=0
mult=1



 
 
 Checking keyword combinations...
 
 Keywords:
 
 active=none
 agrid=ld0006-ld0590
 agrid_pssp=ld0006-ld0194
 agrid_pssp_sm=ld0006-ld0074
 basis=cc-pvdz-f12
 basis_sm=cc-pvdz-f12
 basopt=off
 bfbasis=none
 bfgsmem=10
 bfgstol=1.0d-3
 boysalg=jacobi
 bpcompo=0.985
 bpcompv=0.98
 bpdfo=0.985
 bpocc=0.985
 bppdo=0.985
 bppdv=0.98
 bpedo=0.985
 bpedv=0.98
 bp_subsyso=0.95
 bp_subsysv=0.95
 cabscorr=off
 cabsdual=off
 calc=ccsd(t)-f12
 ccmaxit=50
 ccprog=ccsd
 ccsdalg=dfdirect
 ccsdmkl=seq
 ccsdrest=trf
 ccsdthreads=2
 cctol=6
 charge=0
 cialg=auto
 ciguess=off
 cmpgrp=auto
 comprest=off
 coord_sys=ric
 core=frozen
 corembed=off
 csapprox=off
 cvs=off
 dboc=off
 deltaf12=off
 delocsomofact=
 dendec=cholesky
 dens=0
 denscorr=0
 dfalg=lineq
 dfbasis_cab=auto
 dfbasis_cor=auto
 dfbasis_scf=auto
 dfbasis_scf_sm=auto
 dfintran=drpa
 dft=off
 dhexc=adc(2)
 diag=david
 docc=
 domrad=10.d0
 drpaalg=fit
 dual=on
 dual_df=off
 dyson=off
 ecp=auto
 edisp=off
 edisp_embed=off
 embed=off
 epairestfact=off
 epairscale=1.d0
 etemp=300
 epert=none
 eps=
 espcharge=off
 excrad=0.d0
 excrad_f12=0.d0
 excrad_fin=0.000000000D+00
 fastdbbsc=v2
 fitting=coulomb
 fmm=off
 fmmord=8
 fnonorb=
 freq=off
 gamma=0.9d0
 gauss=spher
 geom=xyz
 gopt=off
 ghost=none
 gtol=7
 grdens=off
 grid=auto
 grid_sm=auto
 gridbatch_cos=2000
 grtol=10
 guido_ct=off
 hamilton=dc
 iface=none
 incore=off
 intalg=os
 ip_ea=off
 itol=10
 laptol=1.d-2
 lccoporder=trffirst
 lcorthr=normal
 lccrest=off
 ldfgrad_tol=8
 lmp2dens=on
 lnoepso=0.d0
 lnoepsv=1e-4
 localcc=off
 localcorrsymm=off
 locintrf=disk
 mact=
 maxact=off
 maxdim=200
 maxex=0
 maxmicroit=100
 mcscfiguess=hf
 mem=4096mb
 mmprog=
 molden=on
 mp2ongrid=off
 mpitasks=1
 mulmet=0
 mult=1
 nab=0.1d0
 nacto=0
 nactv=0
 naf_amp=3.16d-3
 naf_cor=5e-2
 naf_f12=5e-2
 naf_scf=off
 nafalg=albe
 nafdens=off
 naftyp=jpq_inv
 nchol=auto
 ndeps=1e-3
 nstate=1
 nsing=0
 nto=off
 ntrip=0
 num_grad=off
 occ=
 occri=off
 oniom=off
 oniom_eechg=off
 oniom_pcm=off
 oniom_qcorr=off
 optalg=
 optmaxit=50
 optetol=1e-6
 optex=0
 optgtol=1e-4
 optstol=1e-3
 orblocc=off
 orbloce=off
 orbloco=off
 orblocv=off
 orblocguess=cholesky
 osveps=1e-3
 ovirt=mp2
 ovltol=1e-7
 ovosnorb=80.0
 pao_subsys_tol=1e-3
 pao_tol=1e-3
 pcm=off
 popul=off
 pressure=100000
 pssp=off
 ptfreq=0.0
 ptthreads=2
 qmreg=
 qmmm=off
 qro=off
 qscf=off
 redcost_exc=off
 redcost_tddft=off
 refdet=none
 rest=0
 rgrid=log3
 rism=off
 rohfcore=semicanonical
 rohftype=semicanonical
 scfalg=direct
 scf_conv=auto
 scfdamp=0.0d0
 scfdamp_mode=off
 scfdamp_end=50
 scfdamp_dampstep=0.d0
 scfdamp_dtol=0.0d0
 scfdamp_maxfact=0.0d0
 scfdamp_minfact=0.0d0
 scfdiis=on
 scfdiis_dtol=0.0d0
 scfdiis_end=50
 scfdiis_start=2
 scfdiis_step=1
 scfdiis_watch=off
 scfdiis_wrange=10
 scfdiis_wlimit=5
 scfdiis_delmax=2
 scfdtol=7
 scfext=10
 scfguessdens=
 scfiguess=sad
 scfloc=off
 scflshift=0.20
 scflshift_end=8
 scflshift_dtol=0.0
 scflshift_gaptol=0.20
 scfmaxit=50
 scftype=
 scftol=6
 scspe=1.d0
 scsph=1.d0
 scsps=1.2d0
 scsps_t=1.2d0
 scspt=0.33333333333333
 scspt_t=0.33333333333333
 scspv=1.d0
 spairtol=1e-4
 sqmprog=
 subminp=top
 subsys_bopu=on
 symm=
 talg=occ
 temp=298.15
 test=off
 theodore=off
 tlmo=0.999
 tpao=0.94
 tprint=off
 uncontract=off
 unit=bohr
 usedisk=2
 verbosity=2
 wpairtol=0.100000000E-05

 ************************ 2025-10-11 14:17:45 *************************
 Executing integ...

 Allocation of 4096.0 Mbytes of memory...
 
 
 Number of atoms:                  4
 Charge:                           0
 Number of electrons:             10
 Number of core electrons:         2
 Spin multiplicity:                1
 
                 Cartesian coordinates [bohr]      Atomic mass [AMU]  Z
   1  N     0.00000000    0.00000000    0.21724084    14.003074       7
   2  H     0.00000000    1.77208676   -0.50689530     1.007825       1
   3  H    -1.53303560   -0.88509852   -0.50689530     1.007825       1
   4  H     1.53303560   -0.88509852   -0.50689530     1.007825       1
 
 This molecule is an asymmetric top.
 
 Rotational constants [cm-1]: 
      9.965062563589      9.953946300378      6.349440747495
 
 Point group: Cs  
 Computational point group: Cs  
 
 Cartesian coordinates in standard orientation [bohr]
   1  N     0.00000000    0.00015425    0.12858782
   2  H     0.00000000   -1.77217117   -0.59496400
   3  H    -1.53303560    0.88501396   -0.59584012
   4  H     1.53303560    0.88501396   -0.59584012
 
 Nuclear repulsion energy [au]:         11.954678810920
 
 
 Basis set information:
 
 Maximum angular momentum: g
 Maximum number of contracted Gaussians:   13
 Maximum number of primitive Gaussians:    13
 Spherical harmonic GTOs are used.
 
 
 Conventional basis set:
 
   1  N  cc-pvdz-f12 [ 11s 6p 2d | 5s 5p 2d ]
   2  H  cc-pvdz-f12 [ 5s 2p | 3s 2p ]
   3  H  cc-pvdz-f12 [ 5s 2p | 3s 2p ]
   4  H  cc-pvdz-f12 [ 5s 2p | 3s 2p ]
 
 Total number of basis functions:     57
 
 
 Fitting basis set for the SCF calculation:
 
   1  N  aug-cc-pvtz-ri-jk [ 11s 8p 6d 3f 2g | 11s 8p 6d 3f 2g ]
   2  H  aug-cc-pvtz-ri-jk [ 5s 4p 3d 2f | 5s 4p 3d 2f ]
   3  H  aug-cc-pvtz-ri-jk [ 5s 4p 3d 2f | 5s 4p 3d 2f ]
   4  H  aug-cc-pvtz-ri-jk [ 5s 4p 3d 2f | 5s 4p 3d 2f ]
 
 Total number of basis functions:    242
 
 
 Fitting basis set for the correlation calculation:
 
   1  N  aug-cc-pwcvtz-ri [ 13s 10p 8d 5f 2g | 13s 10p 8d 5f 2g ]
   2  H  aug-cc-pvtz-ri [ 5s 4p 3d 2f | 5s 4p 3d 2f ]
   3  H  aug-cc-pvtz-ri [ 5s 4p 3d 2f | 5s 4p 3d 2f ]
   4  H  aug-cc-pvtz-ri [ 5s 4p 3d 2f | 5s 4p 3d 2f ]
 
 Total number of basis functions:    274
 
 
 Initializing the SAD routines for the initial guess...
 Checking the files required for the initial guess...
 Density files have not been found for the initial guess.
 Generating SCFDENSITIES.N.cc-pvdz-f12.0
 Generating SCFDENSITIES.H.cc-pvdz-f12.0
 CPU time [min]:     0.005                   Wall time [min]:     5.475
 
 Character table for point group Cs:
 
          E  Qh  
    A'    1   1
    A"    1  -1
 
 Number of basis functions per irrep:
    A'     37
    A"     20
 
 
 Calculation of overlap integrals...
 CPU time [min]:     0.006                   Wall time [min]:     5.475
 
 Calculation of the square root of the overlap matrix...
 Minimum eigenvalue of the overlap matrix: 0.107915E-02
 CPU time [min]:     0.006                   Wall time [min]:     5.480
 
 Calculation of kinetic energy integrals...
 CPU time [min]:     0.006                   Wall time [min]:     5.480
 Calculation of nuclear attraction integrals...
 CPU time [min]:     0.006                   Wall time [min]:     5.480
 
 Calculation of prescreening integrals...
 CPU time [min]:     0.007                   Wall time [min]:     5.480
 
 Calculation of two-center Coulomb integrals...
   2% done.
  13% done.
  25% done.
  39% done.
  57% done.
  69% done.
  89% done.
 100% done.
 CPU time [min]:     0.007                   Wall time [min]:     5.484
 
 Cholesky decomposition of the two-center matrix...
 Reciprocal of the condition number:  0.372613E-04
 CPU time [min]:     0.008                   Wall time [min]:     5.486
 

 ************************ 2025-10-11 14:23:31 *************************
 Executing scf...

 Allocation of 4096.0 Mbytes of memory...
 ======================================================================
 ITERATION STEP   1
 CPU time [min]:     0.008                   Wall time [min]:     0.019
 
 Constructing Fock-matrix...
 
 First step of Coulomb + first step of exchange...
 Exchange contribution is evaluated for MOs 1 to 5.
   1% done.
  13% done.
  28% done.
  47% done.
  71% done.
 100% done.
 CPU time [min]:     0.010                   Wall time [min]:     0.035
 
 Fitting and assembly step of exchange...
 CPU time [min]:     0.010                   Wall time [min]:     0.036
 
 Second step of Coulomb...
   1% done.
  13% done.
  28% done.
  47% done.
  71% done.
 100% done.
 CPU time [min]:     0.011                   Wall time [min]:     0.040
 
 RMS of [F,P]:                                         0.05384288864102
 RMS of difference density:                            0.01145355866167
 Gap [au]:  0.55655271
 ALPHA OCC:   4   1
 BETA  OCC:   4   1
 
 ***HARTREE-FOCK ENERGY IN STEP   1 IS        -55.9406879981215397 [AU]
 ======================================================================
 ITERATION STEP   2
 CPU time [min]:     0.011                   Wall time [min]:     0.041
 
 Constructing Fock-matrix...
 
 First step of Coulomb + first step of exchange...
 Exchange contribution is evaluated for MOs 1 to 5.
   1% done.
  13% done.
  28% done.
  47% done.
  71% done.
 100% done.
 CPU time [min]:     0.013                   Wall time [min]:     0.056
 
 Fitting and assembly step of exchange...
 CPU time [min]:     0.013                   Wall time [min]:     0.057
 
 Second step of Coulomb...
   1% done.
  13% done.
  28% done.
  47% done.
  71% done.
 100% done.
 CPU time [min]:     0.014                   Wall time [min]:     0.060
 
 RMS of [F,P]:                                         0.00740441640002
 RMS of difference density:                            0.00376591764615
 Gap [au]:  0.50582119
 ALPHA OCC:   4   1
 BETA  OCC:   4   1
 
 ***HARTREE-FOCK ENERGY IN STEP   2 IS        -56.2063899773913889 [AU]
 ======================================================================
 ITERATION STEP   3
 CPU time [min]:     0.014                   Wall time [min]:     0.063
 
 Constructing Fock-matrix...
 
 First step of Coulomb + first step of exchange...
 Exchange contribution is evaluated for MOs 1 to 5.
   1% done.
  13% done.
  28% done.
  47% done.
  71% done.
 100% done.
 CPU time [min]:     0.017                   Wall time [min]:     0.078
 
 Fitting and assembly step of exchange...
 CPU time [min]:     0.017                   Wall time [min]:     0.078
 
 Second step of Coulomb...
   1% done.
  13% done.
  28% done.
  47% done.
  71% done.
 100% done.
 CPU time [min]:     0.017                   Wall time [min]:     0.082
 
 RMS of [F,P]:                                         0.00237307495269
 RMS of difference density:                            0.00086935002972
 Gap [au]:  0.52291971
 ALPHA OCC:   4   1
 BETA  OCC:   4   1
 
 ***HARTREE-FOCK ENERGY IN STEP   3 IS        -56.2168704142452711 [AU]
 ======================================================================
 ITERATION STEP   4
 CPU time [min]:     0.017                   Wall time [min]:     0.084
 
 Constructing Fock-matrix...
 
 First step of Coulomb + first step of exchange...
 Exchange contribution is evaluated for MOs 1 to 5.
   1% done.
  13% done.
  28% done.
  47% done.
  71% done.
 100% done.
 CPU time [min]:     0.020                   Wall time [min]:     0.100
 
 Fitting and assembly step of exchange...
 CPU time [min]:     0.020                   Wall time [min]:     0.101
 
 Second step of Coulomb...
   1% done.
  13% done.
  28% done.
  47% done.
  71% done.
 100% done.
 CPU time [min]:     0.021                   Wall time [min]:     0.106
 
 RMS of [F,P]:                                         0.00088178336441
 RMS of difference density:                            0.00051008748058
 Gap [au]:  0.51078736
 ALPHA OCC:   4   1
 BETA  OCC:   4   1
 
 ***HARTREE-FOCK ENERGY IN STEP   4 IS        -56.2181414336697856 [AU]
 ======================================================================
 ITERATION STEP   5
 CPU time [min]:     0.021                   Wall time [min]:     0.108
 
 Constructing Fock-matrix...
 
 First step of Coulomb + first step of exchange...
 Exchange contribution is evaluated for MOs 1 to 5.
   1% done.
  13% done.
  28% done.
  47% done.
  71% done.
 100% done.
 CPU time [min]:     0.023                   Wall time [min]:     0.124
 
 Fitting and assembly step of exchange...
 CPU time [min]:     0.023                   Wall time [min]:     0.124
 
 Second step of Coulomb...
   1% done.
  13% done.
  28% done.
  47% done.
  71% done.
 100% done.
 CPU time [min]:     0.024                   Wall time [min]:     0.131
 
 RMS of [F,P]:                                         0.00024438460049
 RMS of difference density:                            0.00019479685545
 Gap [au]:  0.51095533
 ALPHA OCC:   4   1
 BETA  OCC:   4   1
 
 ***HARTREE-FOCK ENERGY IN STEP   5 IS        -56.2184032882035609 [AU]
 ======================================================================
 ITERATION STEP   6
 CPU time [min]:     0.025                   Wall time [min]:     0.133
 
 Constructing Fock-matrix...
 
 First step of Coulomb + first step of exchange...
 Exchange contribution is evaluated for MOs 1 to 5.
   1% done.
  13% done.
  28% done.
  47% done.
  71% done.
 100% done.
 CPU time [min]:     0.027                   Wall time [min]:     0.149
 
 Fitting and assembly step of exchange...
 CPU time [min]:     0.027                   Wall time [min]:     0.149
 
 Second step of Coulomb...
   1% done.
  13% done.
  28% done.
  47% done.
  71% done.
 100% done.
 CPU time [min]:     0.028                   Wall time [min]:     0.154
 
 RMS of [F,P]:                                         0.00003787146867
 RMS of difference density:                            0.00005558118960
 Gap [au]:  0.51073703
 ALPHA OCC:   4   1
 BETA  OCC:   4   1
 
 ***HARTREE-FOCK ENERGY IN STEP   6 IS        -56.2184270674486015 [AU]
 ======================================================================
 ITERATION STEP   7
 CPU time [min]:     0.029                   Wall time [min]:     0.158
 
 Constructing Fock-matrix...
 
 First step of Coulomb + first step of exchange...
 Exchange contribution is evaluated for MOs 1 to 5.
   1% done.
  13% done.
  28% done.
  47% done.
  71% done.
 100% done.
 CPU time [min]:     0.031                   Wall time [min]:     0.176
 
 Fitting and assembly step of exchange...
 CPU time [min]:     0.031                   Wall time [min]:     0.176
 
 Second step of Coulomb...
   1% done.
  13% done.
  28% done.
  47% done.
  71% done.
 100% done.
 CPU time [min]:     0.032                   Wall time [min]:     0.181
 
 RMS of [F,P]:                                         0.00000879741421
 RMS of difference density:                            0.00001328528260
 Gap [au]:  0.51068844
 ALPHA OCC:   4   1
 BETA  OCC:   4   1
 
 ***HARTREE-FOCK ENERGY IN STEP   7 IS        -56.2184281131398578 [AU]
 ======================================================================
 ITERATION STEP   8
 CPU time [min]:     0.033                   Wall time [min]:     0.183
 
 Constructing Fock-matrix...
 
 First step of Coulomb + first step of exchange...
 Exchange contribution is evaluated for MOs 1 to 5.
   1% done.
  13% done.
  28% done.
  47% done.
  71% done.
 100% done.
 CPU time [min]:     0.035                   Wall time [min]:     0.197
 
 Fitting and assembly step of exchange...
 CPU time [min]:     0.035                   Wall time [min]:     0.197
 
 Second step of Coulomb...
   1% done.
  13% done.
  28% done.
  47% done.
  71% done.
 100% done.
 CPU time [min]:     0.036                   Wall time [min]:     0.202
 
 RMS of [F,P]:                                         0.00000101479391
 RMS of difference density:                            0.00000227063447
 Gap [au]:  0.51067876
 ALPHA OCC:   4   1
 BETA  OCC:   4   1
 
 ***HARTREE-FOCK ENERGY IN STEP   8 IS        -56.2184281684202674 [AU]
 ======================================================================
 ITERATION STEP   9
 CPU time [min]:     0.036                   Wall time [min]:     0.205
 
 Constructing Fock-matrix...
 
 First step of Coulomb + first step of exchange...
 Exchange contribution is evaluated for MOs 1 to 5.
   1% done.
  13% done.
  28% done.
  47% done.
  71% done.
 100% done.
 CPU time [min]:     0.039                   Wall time [min]:     0.223
 
 Fitting and assembly step of exchange...
 CPU time [min]:     0.039                   Wall time [min]:     0.223
 
 Second step of Coulomb...
   1% done.
  13% done.
  28% done.
  47% done.
  71% done.
 100% done.
 CPU time [min]:     0.039                   Wall time [min]:     0.227
 
 RMS of [F,P]:                                         0.00000017744116
 RMS of difference density:                            0.00000054686673
 Gap [au]:  0.51067861
 ALPHA OCC:   4   1
 BETA  OCC:   4   1
 
 ***HARTREE-FOCK ENERGY IN STEP   9 IS        -56.2184281691650227 [AU]
 ======================================================================
 ITERATION STEP  10
 CPU time [min]:     0.040                   Wall time [min]:     0.229
 
 Constructing Fock-matrix...
 
 First step of Coulomb + first step of exchange...
 Exchange contribution is evaluated for MOs 1 to 5.
   1% done.
  13% done.
  28% done.
  47% done.
  71% done.
 100% done.
 CPU time [min]:     0.042                   Wall time [min]:     0.244
 
 Fitting and assembly step of exchange...
 CPU time [min]:     0.042                   Wall time [min]:     0.245
 
 Second step of Coulomb...
   1% done.
  13% done.
  28% done.
  47% done.
  71% done.
 100% done.
 CPU time [min]:     0.043                   Wall time [min]:     0.248
 
 RMS of [F,P]:                                         0.00000005118955
 RMS of difference density:                            0.00000009027184
 Gap [au]:  0.51067867
 ALPHA OCC:   4   1
 BETA  OCC:   4   1
 
 ***HARTREE-FOCK ENERGY IN STEP  10 IS        -56.2184281691979564 [AU]
 ======================================================================
 
 SUCCESS...
 THE SCF ITERATION HAS CONVERGED!
 
                   A'  A"  
 FINAL ALPHA OCC:   4   1
 FINAL BETA  OCC:   4   1
 
 ***FINAL HARTREE-FOCK ENERGY:        -56.2184281691979564 [AU]
 
 RETURNING FROM SCF ALGORITHM
 ======================================================================

 ************************ 2025-10-11 14:23:57 *************************
 Executing integ...

 Allocation of 4096.0 Mbytes of memory...
 
 
 Number of atoms:                  4
 Charge:                           0
 Number of electrons:             10
 Number of core electrons:         2
 Spin multiplicity:                1
 
                 Cartesian coordinates [bohr]      Atomic mass [AMU]  Z
   1  N     0.00000000    0.00000000    0.21724084    14.003074       7
   2  H     0.00000000    1.77208676   -0.50689530     1.007825       1
   3  H    -1.53303560   -0.88509852   -0.50689530     1.007825       1
   4  H     1.53303560   -0.88509852   -0.50689530     1.007825       1
 
 This molecule is an asymmetric top.
 
 Rotational constants [cm-1]: 
      9.965062563589      9.953946300378      6.349440747495
 
 Point group: Cs  
 Computational point group: Cs  
 
 Cartesian coordinates in standard orientation [bohr]
   1  N     0.00000000    0.00015425    0.12858782
   2  H     0.00000000   -1.77217117   -0.59496400
   3  H    -1.53303560    0.88501396   -0.59584012
   4  H     1.53303560    0.88501396   -0.59584012
 
 Nuclear repulsion energy [au]:         11.954678810920
 
 
 Basis set information:
 
 Maximum angular momentum: g
 Maximum number of contracted Gaussians:   13
 Maximum number of primitive Gaussians:    15
 Spherical harmonic GTOs are used.
 
 
 Conventional basis set:
 
   1  N  cc-pvdz-f12 [ 11s 6p 2d | 5s 5p 2d ]
   2  H  cc-pvdz-f12 [ 5s 2p | 3s 2p ]
   3  H  cc-pvdz-f12 [ 5s 2p | 3s 2p ]
   4  H  cc-pvdz-f12 [ 5s 2p | 3s 2p ]
 
 Total number of basis functions:     57
 
 
 Fitting basis set for the SCF calculation:
 
   1  N  aug-cc-pvtz-ri-jk [ 11s 8p 6d 3f 2g | 11s 8p 6d 3f 2g ]
   2  H  aug-cc-pvtz-ri-jk [ 5s 4p 3d 2f | 5s 4p 3d 2f ]
   3  H  aug-cc-pvtz-ri-jk [ 5s 4p 3d 2f | 5s 4p 3d 2f ]
   4  H  aug-cc-pvtz-ri-jk [ 5s 4p 3d 2f | 5s 4p 3d 2f ]
 
 Total number of basis functions:    242
 
 
 Fitting basis set for the correlation calculation:
 
   1  N  aug-cc-pwcvtz-ri [ 13s 10p 8d 5f 2g | 13s 10p 8d 5f 2g ]
   2  H  aug-cc-pvtz-ri [ 5s 4p 3d 2f | 5s 4p 3d 2f ]
   3  H  aug-cc-pvtz-ri [ 5s 4p 3d 2f | 5s 4p 3d 2f ]
   4  H  aug-cc-pvtz-ri [ 5s 4p 3d 2f | 5s 4p 3d 2f ]
 
 Total number of basis functions:    274
 
 
 Old basis set for SCF restart
 
   1  N  cc-pvdz-f12 [ 11s 6p 2d | 5s 5p 2d ]
   2  H  cc-pvdz-f12 [ 5s 2p | 3s 2p ]
   3  H  cc-pvdz-f12 [ 5s 2p | 3s 2p ]
   4  H  cc-pvdz-f12 [ 5s 2p | 3s 2p ]
 
 Total number of basis functions:     57
 
 
 Complimentary auxiliary basis set (CABS):
 
   1  N  cc-pvdz-f12-optri [ 4s 4p 4d 3f 1g | 4s 4p 4d 3f 1g ]
   2  H  cc-pvdz-f12-optri [ 3s 3p 2d | 3s 3p 2d ]
   3  H  cc-pvdz-f12-optri [ 3s 3p 2d | 3s 3p 2d ]
   4  H  cc-pvdz-f12-optri [ 3s 3p 2d | 3s 3p 2d ]
 
 Total number of basis functions:    132
 
 
 Character table for point group Cs:
 
          E  Qh  
    A'    1   1
    A"    1  -1
 
 Number of basis functions per irrep:
    A'    115
    A"     74
 
 
 Calculation of overlap integrals...
 CPU time [min]:     0.006                   Wall time [min]:     0.064
 
 Calculation of the square root of the overlap matrix...
 Minimum eigenvalue of the overlap matrix: 0.146352E-04
 CPU time [min]:     0.006                   Wall time [min]:     0.068
 
 Calculation of kinetic energy integrals...
 CPU time [min]:     0.007                   Wall time [min]:     0.071
 Calculation of nuclear attraction integrals...
 CPU time [min]:     0.007                   Wall time [min]:     0.072
 Calculation of overlap integrals...
 CPU time [min]:     0.007                   Wall time [min]:     0.072
 
 Calculation of prescreening integrals...
 CPU time [min]:     0.011                   Wall time [min]:     0.098
 
 Calculation of two-center Coulomb integrals...
   2% done.
  13% done.
  25% done.
  39% done.
  57% done.
  69% done.
  89% done.
 100% done.
 CPU time [min]:     0.011                   Wall time [min]:     0.100
 
 Cholesky decomposition of the two-center matrix...
 Reciprocal of the condition number:  0.372613E-04
 CPU time [min]:     0.012                   Wall time [min]:     0.102
 

 ************************ 2025-10-11 14:24:15 *************************
 Executing scf...

 Allocation of 4096.0 Mbytes of memory...
 Constructing Fock-matrix...
 
 First step of Coulomb...
   1% done.
  13% done.
  28% done.
  47% done.
  71% done.
 100% done.
 CPU time [min]:     0.009                   Wall time [min]:     0.017
 
 Second step of Coulomb...
   3% done.
  40% done.
 CPU time [min]:     0.011                   Wall time [min]:     0.024
 
 
 First step of exchange...
 Exchange contribution is evaluated for MOs 1 to 5.
   1% done.
  13% done.
  28% done.
  47% done.
  71% done.
 100% done.
 CPU time [min]:     0.013                   Wall time [min]:     0.037
 
 Fitting and assembly step of exchange...
 CPU time [min]:     0.013                   Wall time [min]:     0.038
 

 ************************ 2025-10-11 14:24:25 *************************
 Executing mp2f12...

 MP2-F12 calculation
 
 Allocation of 4096.0 Mbytes of memory...
 
 Calculating CABS singles correction...
 CPU time [min]:     0.002                   Wall time [min]:     0.006
 
 Closed-shell CC mem. requirement in Mb
 
 Calculating Coulomb integrals in memory...
 CPU time [min]:     0.009                   Wall time [min]:     0.030
 
 Calculating (DelF12)^2 integrals...
 CPU time [min]:     0.011                   Wall time [min]:     0.038
 
 Calculating F12/r12 integrals...
 CPU time [min]:     0.012                   Wall time [min]:     0.045
 
 Calculating F12^2 integrals...
 Calculating F12^2 contribution 
 CPU time [min]:     0.016                   Wall time [min]:     0.065
 
 Calculating F12 integrals...
 CPU time [min]:     0.019                   Wall time [min]:     0.078
 
 Calculating pair energies...
 CPU time [min]:     0.020                   Wall time [min]:     0.084
 
 Reference energy [au]:                   -56.218428169198
 CABS singles correction [au]:             -0.002698684731
 Corrected reference energy [au]:         -56.221126853929
 MP2 correlation energy [au]:              -0.218190771581
 MP2 energy [au]:                         -56.436618940779
 F12 contribution [au]:                    -0.043531833670
 Coupling term [au]:                       -0.002996854024
 MP2-F12 correlation energy [au]:          -0.261722605251
 MP2-F12 energy [au]:                     -56.482849459180
 
 CPU time [min]:     0.020                   Wall time [min]:     0.084
 
 Constructing natural orbitals...
 Number of virtual natural orbitals: 30 (57.69%)
 CPU time [min]:     0.021                   Wall time [min]:     0.091
 
 Calculating MP2 energy and coupling term in NO basis...
 MP2 correlation energy [au]:              -0.213165606183
 MP2 energy [au]:                         -56.431593775381
 MP2 correction [au]:                      -0.005025165398
 Coupling term [au]:                        0.001384557659
 Coupling term correction [au]:            -0.004381411682
 CPU time [min]:     0.021                   Wall time [min]:     0.091
 
 Constructing the natural auxiliary basis...
 Number of natural auxiliary basis functions: 107 (69.5%)
 CPU time [min]:     0.022                   Wall time [min]:     0.099
 
 Constructing natural auxiliary functions...
 Number of natural auxiliary functions: 168 (61.3%)
 CPU time [min]:     0.023                   Wall time [min]:     0.106
 
 Calculating CCSD-F12 intermediates...
 CPU time [min]:     0.024                   Wall time [min]:     0.110
 
 Constructing natural auxiliary functions for the CC calculation...
 Number of CC natural auxiliary functions: 54 (19.7%)
 CPU time [min]:     0.025                   Wall time [min]:     0.115

 ************************ 2025-10-11 14:25:16 *************************
 Executing ccsd...

 Allocation of 4096.0 Mbytes of memory...

 Direct DF-CCSD(T)-F12 calculation
 
 Convergence criterion:  1.0E-06
 
 Number of occupied/virtual/auxiliary orbitals:     4    30    54
      2.71 MB is the minimal memory requirement for (T)
      1.22 MB is the minimal memory requirement for CCSD
 
 Reference energy [au]:             -56.218428169198
 T1 contribution [au]:               -0.000000000000
 Same spin MP2 energy [au]:          -0.049700049483
 Opposite spin MP2 energy [au]:      -0.163182854103
 MP2 correlation energy [au]:        -0.212882903586
 Total MP2 energy [au]:             -56.431311072784
 MP2 correction [au]:                -0.005307867995
 
 CABS singles correction [au]:       -0.002698684731
 Corrected reference energy [au]:   -56.221126853929
 MP2-F12 contribution [au]:          -0.044916391328
 
 CPU time [min]:     0.001                   Wall time [min]:     0.011
 
 Starting CCSD iterations...
 
                     Residual norm          Energy
 Iteration  1        0.135534590247      -56.475205609586
 Iteration  2        0.031372760434      -56.479336319586
 Iteration  3        0.009800007031      -56.480083004221
 Iteration  4        0.001759781559      -56.480111384444
 Iteration  5        0.000431571851      -56.480126641405
 Iteration  6        0.000104924482      -56.480126615066
 Iteration  7        0.000022310824      -56.480126701632
 Iteration  8        0.000006102435      -56.480126653478
 
 CCSD iteration has converged in  8 steps.
        4.29 MB memory was utilized by CCSD
 
 T1 diagnostic:      6.669E-03            D1 diagnostic:      1.045E-02
 
 T1 contribution [au]:                            0.000000000838
 CCSD(F12*) correlation energy [au]:             -0.259105914904
 CCSD(F12*) correlation energy + MP2 [au]:       -0.264413782900
 Total CCSD(F12*) energy [au]:                  -56.480232768834
 Total CCSD(F12*) energy + MP2 corr. [au]:      -56.485540636829
 
 CPU time [min]:     0.003                   Wall time [min]:     0.017
 
 Calculation of (T) correction...
 
 
        2.63 MB memory is utilized for (T)

 0%       25%       50%       75%       100%
 |---------|---------|---------|---------| 
 
 (T)  correction [au]:                         -0.006145936166
 (T*) correction [au]:                         -0.007545919128
 (T+) correction [au]:                         -0.007377866388
 CCSD(F12*)(T)  correlation energy [au]:       -0.265251851071
 CCSD(F12*)(T*) correlation energy [au]:       -0.266651834032
 CCSD(F12*)(T+) correlation energy [au]:       -0.266483781292
 CCSD(F12*)(T)  corr. energy + MP2 [au]:       -0.270559719066
 CCSD(F12*)(T*) corr. energy + MP2 [au]:       -0.271959702027
 CCSD(F12*)(T+) corr. energy + MP2 [au]:       -0.271791649287
 Total CCSD(F12*)(T)  energy [au]:            -56.486378705000
 Total CCSD(F12*)(T*) energy [au]:            -56.487778687962
 Total CCSD(F12*)(T+) energy [au]:            -56.487610635221
 Total CCSD(F12*)(T)  energy + MP2 [au]:      -56.491686572995
 Total CCSD(F12*)(T*) energy + MP2 [au]:      -56.493086555957
 Total CCSD(F12*)(T+) energy + MP2 [au]:      -56.492918503217
 CPU time [min]:     0.003                   Wall time [min]:     0.018
 
 ************************ 2025-10-11 14:25:31 *************************
                      Normal termination of mrcc.
 **********************************************************************
