 **********************************************************************
                          MRCC program system
 **********************************************************************
 
                              Written by
     Mihaly Kallay, Peter R. Nagy, David Mester, Laszlo Gyevi-Nagy,
        Jozsef Csoka, P. Bernat Szabo, Zoltan Rolik, Gyula Samu,
      Bence Hegely, Bence Ladoczki, Klara Petrov, Jozsef Csontos,
     Adam Ganyecz, Istvan Ladjanszki, Lorant Szegedy, Mate Farkas,
          Pal D. Mezei, Reka A. Horvath, and Balazs D. Lorincz
 
        Department of Physical Chemistry and Materials Science
            Budapest University of Technology and Economics
                  Budapest P.O.Box 91, H-1521 Hungary
 
                              www.mrcc.hu
 
                            Version: 25.1.2

 ************************ 2025-10-11 14:05:23 *************************
 Executing minp...

 Reading input from MINP...
 
 Input file:
 
mem=4096MB
basis=cc-pVDZ-F12
calc=CCSD(T)-F12




unit=bohr
geom=xyz
4
Title AutoGenerated by MRCC_Ext Script
N       0.0000000000     0.0000000000     0.2173276671
H       0.0000000000     1.7726032638    -0.5070978899
H      -1.5334829065    -0.8853567689    -0.5070978899
H       1.5334829065    -0.8853567689    -0.5070978899


charge=0
mult=1



 
 
 Checking keyword combinations...
 
 Keywords:
 
 active=none
 agrid=ld0006-ld0590
 agrid_pssp=ld0006-ld0194
 agrid_pssp_sm=ld0006-ld0074
 basis=cc-pvdz-f12
 basis_sm=cc-pvdz-f12
 basopt=off
 bfbasis=none
 bfgsmem=10
 bfgstol=1.0d-3
 boysalg=jacobi
 bpcompo=0.985
 bpcompv=0.98
 bpdfo=0.985
 bpocc=0.985
 bppdo=0.985
 bppdv=0.98
 bpedo=0.985
 bpedv=0.98
 bp_subsyso=0.95
 bp_subsysv=0.95
 cabscorr=off
 cabsdual=off
 calc=ccsd(t)-f12
 ccmaxit=50
 ccprog=ccsd
 ccsdalg=dfdirect
 ccsdmkl=seq
 ccsdrest=trf
 ccsdthreads=2
 cctol=6
 charge=0
 cialg=auto
 ciguess=off
 cmpgrp=auto
 comprest=off
 coord_sys=ric
 core=frozen
 corembed=off
 csapprox=off
 cvs=off
 dboc=off
 deltaf12=off
 delocsomofact=
 dendec=cholesky
 dens=0
 denscorr=0
 dfalg=lineq
 dfbasis_cab=auto
 dfbasis_cor=auto
 dfbasis_scf=auto
 dfbasis_scf_sm=auto
 dfintran=drpa
 dft=off
 dhexc=adc(2)
 diag=david
 docc=
 domrad=10.d0
 drpaalg=fit
 dual=on
 dual_df=off
 dyson=off
 ecp=auto
 edisp=off
 edisp_embed=off
 embed=off
 epairestfact=off
 epairscale=1.d0
 etemp=300
 epert=none
 eps=
 espcharge=off
 excrad=0.d0
 excrad_f12=0.d0
 excrad_fin=0.000000000D+00
 fastdbbsc=v2
 fitting=coulomb
 fmm=off
 fmmord=8
 fnonorb=
 freq=off
 gamma=0.9d0
 gauss=spher
 geom=xyz
 gopt=off
 ghost=none
 gtol=7
 grdens=off
 grid=auto
 grid_sm=auto
 gridbatch_cos=2000
 grtol=10
 guido_ct=off
 hamilton=dc
 iface=none
 incore=off
 intalg=os
 ip_ea=off
 itol=10
 laptol=1.d-2
 lccoporder=trffirst
 lcorthr=normal
 lccrest=off
 ldfgrad_tol=8
 lmp2dens=on
 lnoepso=0.d0
 lnoepsv=5e-5
 localcc=off
 localcorrsymm=off
 locintrf=disk
 mact=
 maxact=off
 maxdim=200
 maxex=0
 maxmicroit=100
 mcscfiguess=hf
 mem=4096mb
 mmprog=
 molden=on
 mp2ongrid=off
 mpitasks=1
 mulmet=0
 mult=1
 nab=off
 nacto=0
 nactv=0
 naf_amp=3.16d-3
 naf_cor=off
 naf_f12=off
 naf_scf=off
 nafalg=albe
 nafdens=off
 naftyp=
 nchol=auto
 ndeps=1e-3
 nstate=1
 nsing=0
 nto=off
 ntrip=0
 num_grad=off
 occ=
 occri=off
 oniom=off
 oniom_eechg=off
 oniom_pcm=off
 oniom_qcorr=off
 optalg=
 optmaxit=50
 optetol=1e-6
 optex=0
 optgtol=1e-4
 optstol=1e-3
 orblocc=off
 orbloce=off
 orbloco=off
 orblocv=off
 orblocguess=cholesky
 osveps=1e-3
 ovirt=off
 ovltol=1e-7
 ovosnorb=80.0
 pao_subsys_tol=1e-3
 pao_tol=1e-3
 pcm=off
 popul=off
 pressure=100000
 pssp=off
 ptfreq=0.0
 ptthreads=2
 qmreg=
 qmmm=off
 qro=off
 qscf=off
 redcost_exc=off
 redcost_tddft=off
 refdet=none
 rest=0
 rgrid=log3
 rism=off
 rohfcore=semicanonical
 rohftype=semicanonical
 scfalg=direct
 scf_conv=auto
 scfdamp=0.0d0
 scfdamp_mode=off
 scfdamp_end=50
 scfdamp_dampstep=0.d0
 scfdamp_dtol=0.0d0
 scfdamp_maxfact=0.0d0
 scfdamp_minfact=0.0d0
 scfdiis=on
 scfdiis_dtol=0.0d0
 scfdiis_end=50
 scfdiis_start=2
 scfdiis_step=1
 scfdiis_watch=off
 scfdiis_wrange=10
 scfdiis_wlimit=5
 scfdiis_delmax=2
 scfdtol=7
 scfext=10
 scfguessdens=
 scfiguess=sad
 scfloc=off
 scflshift=0.20
 scflshift_end=8
 scflshift_dtol=0.0
 scflshift_gaptol=0.20
 scfmaxit=50
 scftype=
 scftol=6
 scspe=1.d0
 scsph=1.d0
 scsps=1.2d0
 scsps_t=1.2d0
 scspt=0.33333333333333
 scspt_t=0.33333333333333
 scspv=1.d0
 spairtol=1e-4
 sqmprog=
 subminp=top
 subsys_bopu=on
 symm=
 talg=occ
 temp=298.15
 test=off
 theodore=off
 tlmo=0.999
 tpao=0.94
 tprint=off
 uncontract=off
 unit=bohr
 usedisk=2
 verbosity=2
 wpairtol=0.100000000E-05

 ************************ 2025-10-11 14:05:37 *************************
 Executing integ...

 Allocation of 4096.0 Mbytes of memory...
 
 
 Number of atoms:                  4
 Charge:                           0
 Number of electrons:             10
 Number of core electrons:         2
 Spin multiplicity:                1
 
                 Cartesian coordinates [bohr]      Atomic mass [AMU]  Z
   1  N     0.00000000    0.00000000    0.21732767    14.003074       7
   2  H     0.00000000    1.77260326   -0.50709789     1.007825       1
   3  H    -1.53348291   -0.88535677   -0.50709789     1.007825       1
   4  H     1.53348291   -0.88535677   -0.50709789     1.007825       1
 
 This molecule is an asymmetric top.
 
 Rotational constants [cm-1]: 
      9.958786271051      9.947680764504      6.345738449261
 
 Point group: Cs  
 Computational point group: Cs  
 
 Cartesian coordinates in standard orientation [bohr]
   1  N     0.00000000    0.00015427    0.12863921
   2  H     0.00000000   -1.77268773   -0.59520191
   3  H    -1.53348291    0.88527216   -0.59607819
   4  H     1.53348291    0.88527216   -0.59607819
 
 Nuclear repulsion energy [au]:         11.951023245843
 
 
 Basis set information:
 
 Maximum angular momentum: g
 Maximum number of contracted Gaussians:   13
 Maximum number of primitive Gaussians:    13
 Spherical harmonic GTOs are used.
 
 
 Conventional basis set:
 
   1  N  cc-pvdz-f12 [ 11s 6p 2d | 5s 5p 2d ]
   2  H  cc-pvdz-f12 [ 5s 2p | 3s 2p ]
   3  H  cc-pvdz-f12 [ 5s 2p | 3s 2p ]
   4  H  cc-pvdz-f12 [ 5s 2p | 3s 2p ]
 
 Total number of basis functions:     57
 
 
 Fitting basis set for the SCF calculation:
 
   1  N  aug-cc-pvtz-ri-jk [ 11s 8p 6d 3f 2g | 11s 8p 6d 3f 2g ]
   2  H  aug-cc-pvtz-ri-jk [ 5s 4p 3d 2f | 5s 4p 3d 2f ]
   3  H  aug-cc-pvtz-ri-jk [ 5s 4p 3d 2f | 5s 4p 3d 2f ]
   4  H  aug-cc-pvtz-ri-jk [ 5s 4p 3d 2f | 5s 4p 3d 2f ]
 
 Total number of basis functions:    242
 
 
 Fitting basis set for the correlation calculation:
 
   1  N  aug-cc-pwcvtz-ri [ 13s 10p 8d 5f 2g | 13s 10p 8d 5f 2g ]
   2  H  aug-cc-pvtz-ri [ 5s 4p 3d 2f | 5s 4p 3d 2f ]
   3  H  aug-cc-pvtz-ri [ 5s 4p 3d 2f | 5s 4p 3d 2f ]
   4  H  aug-cc-pvtz-ri [ 5s 4p 3d 2f | 5s 4p 3d 2f ]
 
 Total number of basis functions:    274
 
 
 Initializing the SAD routines for the initial guess...
 Checking the files required for the initial guess...
 Density files have not been found for the initial guess.
 Generating SCFDENSITIES.N.cc-pvdz-f12.0
 Generating SCFDENSITIES.H.cc-pvdz-f12.0
 CPU time [min]:     0.006                   Wall time [min]:     2.259
 
 Character table for point group Cs:
 
          E  Qh  
    A'    1   1
    A"    1  -1
 
 Number of basis functions per irrep:
    A'     37
    A"     20
 
 
 Calculation of overlap integrals...
 CPU time [min]:     0.006                   Wall time [min]:     2.260
 
 Calculation of the square root of the overlap matrix...
 Minimum eigenvalue of the overlap matrix: 0.107999E-02
 CPU time [min]:     0.007                   Wall time [min]:     2.263
 
 Calculation of kinetic energy integrals...
 CPU time [min]:     0.007                   Wall time [min]:     2.263
 Calculation of nuclear attraction integrals...
 CPU time [min]:     0.007                   Wall time [min]:     2.263
 
 Calculation of prescreening integrals...
 CPU time [min]:     0.007                   Wall time [min]:     2.266
 
 Calculation of two-center Coulomb integrals...
   2% done.
  13% done.
  25% done.
  39% done.
  57% done.
  69% done.
  89% done.
 100% done.
 CPU time [min]:     0.008                   Wall time [min]:     2.271
 
 Cholesky decomposition of the two-center matrix...
 Reciprocal of the condition number:  0.372889E-04
 CPU time [min]:     0.008                   Wall time [min]:     2.272
 

 ************************ 2025-10-11 14:08:06 *************************
 Executing scf...

 Allocation of 4096.0 Mbytes of memory...
 ======================================================================
 ITERATION STEP   1
 CPU time [min]:     0.007                   Wall time [min]:     0.013
 
 Constructing Fock-matrix...
 
 First step of Coulomb + first step of exchange...
 Exchange contribution is evaluated for MOs 1 to 5.
   1% done.
  13% done.
  28% done.
  47% done.
  71% done.
 100% done.
 CPU time [min]:     0.010                   Wall time [min]:     0.029
 
 Fitting and assembly step of exchange...
 CPU time [min]:     0.010                   Wall time [min]:     0.030
 
 Second step of Coulomb...
   1% done.
  13% done.
  28% done.
  47% done.
  71% done.
 100% done.
 CPU time [min]:     0.010                   Wall time [min]:     0.032
 
 RMS of [F,P]:                                         0.05382810681488
 RMS of difference density:                            0.01144945100464
 Gap [au]:  0.55645856
 ALPHA OCC:   4   1
 BETA  OCC:   4   1
 
 ***HARTREE-FOCK ENERGY IN STEP   1 IS        -55.9408676601063277 [AU]
 ======================================================================
 ITERATION STEP   2
 CPU time [min]:     0.011                   Wall time [min]:     0.033
 
 Constructing Fock-matrix...
 
 First step of Coulomb + first step of exchange...
 Exchange contribution is evaluated for MOs 1 to 5.
   1% done.
  13% done.
  28% done.
  47% done.
  71% done.
 100% done.
 CPU time [min]:     0.013                   Wall time [min]:     0.051
 
 Fitting and assembly step of exchange...
 CPU time [min]:     0.013                   Wall time [min]:     0.051
 
 Second step of Coulomb...
   1% done.
  13% done.
  28% done.
  47% done.
  71% done.
 100% done.
 CPU time [min]:     0.014                   Wall time [min]:     0.056
 
 RMS of [F,P]:                                         0.00739916023474
 RMS of difference density:                            0.00376354932247
 Gap [au]:  0.50585712
 ALPHA OCC:   4   1
 BETA  OCC:   4   1
 
 ***HARTREE-FOCK ENERGY IN STEP   2 IS        -56.2063867347582828 [AU]
 ======================================================================
 ITERATION STEP   3
 CPU time [min]:     0.014                   Wall time [min]:     0.059
 
 Constructing Fock-matrix...
 
 First step of Coulomb + first step of exchange...
 Exchange contribution is evaluated for MOs 1 to 5.
   1% done.
  13% done.
  28% done.
  47% done.
  71% done.
 100% done.
 CPU time [min]:     0.017                   Wall time [min]:     0.074
 
 Fitting and assembly step of exchange...
 CPU time [min]:     0.017                   Wall time [min]:     0.074
 
 Second step of Coulomb...
   1% done.
  13% done.
  28% done.
  47% done.
  71% done.
 100% done.
 CPU time [min]:     0.017                   Wall time [min]:     0.079
 
 RMS of [F,P]:                                         0.00236997813859
 RMS of difference density:                            0.00086888195545
 Gap [au]:  0.52291551
 ALPHA OCC:   4   1
 BETA  OCC:   4   1
 
 ***HARTREE-FOCK ENERGY IN STEP   3 IS        -56.2168550791668480 [AU]
 ======================================================================
 ITERATION STEP   4
 CPU time [min]:     0.018                   Wall time [min]:     0.081
 
 Constructing Fock-matrix...
 
 First step of Coulomb + first step of exchange...
 Exchange contribution is evaluated for MOs 1 to 5.
   1% done.
  13% done.
  28% done.
  47% done.
  71% done.
 100% done.
 CPU time [min]:     0.020                   Wall time [min]:     0.097
 
 Fitting and assembly step of exchange...
 CPU time [min]:     0.020                   Wall time [min]:     0.097
 
 Second step of Coulomb...
   1% done.
  13% done.
  28% done.
  47% done.
  71% done.
 100% done.
 CPU time [min]:     0.020                   Wall time [min]:     0.100
 
 RMS of [F,P]:                                         0.00088147786411
 RMS of difference density:                            0.00050972842312
 Gap [au]:  0.51078943
 ALPHA OCC:   4   1
 BETA  OCC:   4   1
 
 ***HARTREE-FOCK ENERGY IN STEP   4 IS        -56.2181237620989052 [AU]
 ======================================================================
 ITERATION STEP   5
 CPU time [min]:     0.021                   Wall time [min]:     0.103
 
 Constructing Fock-matrix...
 
 First step of Coulomb + first step of exchange...
 Exchange contribution is evaluated for MOs 1 to 5.
   1% done.
  13% done.
  28% done.
  47% done.
  71% done.
 100% done.
 CPU time [min]:     0.023                   Wall time [min]:     0.118
 
 Fitting and assembly step of exchange...
 CPU time [min]:     0.023                   Wall time [min]:     0.119
 
 Second step of Coulomb...
   1% done.
  13% done.
  28% done.
  47% done.
  71% done.
 100% done.
 CPU time [min]:     0.024                   Wall time [min]:     0.123
 
 RMS of [F,P]:                                         0.00024433117585
 RMS of difference density:                            0.00019472504418
 Gap [au]:  0.51095817
 ALPHA OCC:   4   1
 BETA  OCC:   4   1
 
 ***HARTREE-FOCK ENERGY IN STEP   5 IS        -56.2183852990640034 [AU]
 ======================================================================
 ITERATION STEP   6
 CPU time [min]:     0.024                   Wall time [min]:     0.125
 
 Constructing Fock-matrix...
 
 First step of Coulomb + first step of exchange...
 Exchange contribution is evaluated for MOs 1 to 5.
   1% done.
  13% done.
  28% done.
  47% done.
  71% done.
 100% done.
 CPU time [min]:     0.026                   Wall time [min]:     0.141
 
 Fitting and assembly step of exchange...
 CPU time [min]:     0.026                   Wall time [min]:     0.141
 
 Second step of Coulomb...
   1% done.
  13% done.
  28% done.
  47% done.
  71% done.
 100% done.
 CPU time [min]:     0.027                   Wall time [min]:     0.146
 
 RMS of [F,P]:                                         0.00003785758827
 RMS of difference density:                            0.00005556520929
 Gap [au]:  0.51073979
 ALPHA OCC:   4   1
 BETA  OCC:   4   1
 
 ***HARTREE-FOCK ENERGY IN STEP   6 IS        -56.2184090617057350 [AU]
 ======================================================================
 ITERATION STEP   7
 CPU time [min]:     0.027                   Wall time [min]:     0.148
 
 Constructing Fock-matrix...
 
 First step of Coulomb + first step of exchange...
 Exchange contribution is evaluated for MOs 1 to 5.
   1% done.
  13% done.
  28% done.
  47% done.
  71% done.
 100% done.
 CPU time [min]:     0.030                   Wall time [min]:     0.163
 
 Fitting and assembly step of exchange...
 CPU time [min]:     0.030                   Wall time [min]:     0.163
 
 Second step of Coulomb...
   1% done.
  13% done.
  28% done.
  47% done.
  71% done.
 100% done.
 CPU time [min]:     0.030                   Wall time [min]:     0.167
 
 RMS of [F,P]:                                         0.00000879771598
 RMS of difference density:                            0.00001328414778
 Gap [au]:  0.51069117
 ALPHA OCC:   4   1
 BETA  OCC:   4   1
 
 ***HARTREE-FOCK ENERGY IN STEP   7 IS        -56.2184101068219348 [AU]
 ======================================================================
 ITERATION STEP   8
 CPU time [min]:     0.031                   Wall time [min]:     0.170
 
 Constructing Fock-matrix...
 
 First step of Coulomb + first step of exchange...
 Exchange contribution is evaluated for MOs 1 to 5.
   1% done.
  13% done.
  28% done.
  47% done.
  71% done.
 100% done.
 CPU time [min]:     0.033                   Wall time [min]:     0.185
 
 Fitting and assembly step of exchange...
 CPU time [min]:     0.033                   Wall time [min]:     0.185
 
 Second step of Coulomb...
   1% done.
  13% done.
  28% done.
  47% done.
  71% done.
 100% done.
 CPU time [min]:     0.034                   Wall time [min]:     0.189
 
 RMS of [F,P]:                                         0.00000101519660
 RMS of difference density:                            0.00000227086683
 Gap [au]:  0.51068148
 ALPHA OCC:   4   1
 BETA  OCC:   4   1
 
 ***HARTREE-FOCK ENERGY IN STEP   8 IS        -56.2184101621209251 [AU]
 ======================================================================
 ITERATION STEP   9
 CPU time [min]:     0.034                   Wall time [min]:     0.191
 
 Constructing Fock-matrix...
 
 First step of Coulomb + first step of exchange...
 Exchange contribution is evaluated for MOs 1 to 5.
   1% done.
  13% done.
  28% done.
  47% done.
  71% done.
 100% done.
 CPU time [min]:     0.036                   Wall time [min]:     0.207
 
 Fitting and assembly step of exchange...
 CPU time [min]:     0.037                   Wall time [min]:     0.207
 
 Second step of Coulomb...
   1% done.
  13% done.
  28% done.
  47% done.
  71% done.
 100% done.
 CPU time [min]:     0.037                   Wall time [min]:     0.211
 
 RMS of [F,P]:                                         0.00000017762036
 RMS of difference density:                            0.00000054708982
 Gap [au]:  0.51068133
 ALPHA OCC:   4   1
 BETA  OCC:   4   1
 
 ***HARTREE-FOCK ENERGY IN STEP   9 IS        -56.2184101628666681 [AU]
 ======================================================================
 ITERATION STEP  10
 CPU time [min]:     0.037                   Wall time [min]:     0.213
 
 Constructing Fock-matrix...
 
 First step of Coulomb + first step of exchange...
 Exchange contribution is evaluated for MOs 1 to 5.
   1% done.
  13% done.
  28% done.
  47% done.
  71% done.
 100% done.
 CPU time [min]:     0.040                   Wall time [min]:     0.228
 
 Fitting and assembly step of exchange...
 CPU time [min]:     0.040                   Wall time [min]:     0.228
 
 Second step of Coulomb...
   1% done.
  13% done.
  28% done.
  47% done.
  71% done.
 100% done.
 CPU time [min]:     0.040                   Wall time [min]:     0.231
 
 RMS of [F,P]:                                         0.00000005125969
 RMS of difference density:                            0.00000009039106
 Gap [au]:  0.51068139
 ALPHA OCC:   4   1
 BETA  OCC:   4   1
 
 ***HARTREE-FOCK ENERGY IN STEP  10 IS        -56.2184101628995876 [AU]
 ======================================================================
 
 SUCCESS...
 THE SCF ITERATION HAS CONVERGED!
 
                   A'  A"  
 FINAL ALPHA OCC:   4   1
 FINAL BETA  OCC:   4   1
 
 ***FINAL HARTREE-FOCK ENERGY:        -56.2184101628995876 [AU]
 
 RETURNING FROM SCF ALGORITHM
 ======================================================================

 ************************ 2025-10-11 14:08:34 *************************
 Executing integ...

 Allocation of 4096.0 Mbytes of memory...
 
 
 Number of atoms:                  4
 Charge:                           0
 Number of electrons:             10
 Number of core electrons:         2
 Spin multiplicity:                1
 
                 Cartesian coordinates [bohr]      Atomic mass [AMU]  Z
   1  N     0.00000000    0.00000000    0.21732767    14.003074       7
   2  H     0.00000000    1.77260326   -0.50709789     1.007825       1
   3  H    -1.53348291   -0.88535677   -0.50709789     1.007825       1
   4  H     1.53348291   -0.88535677   -0.50709789     1.007825       1
 
 This molecule is an asymmetric top.
 
 Rotational constants [cm-1]: 
      9.958786271051      9.947680764504      6.345738449261
 
 Point group: Cs  
 Computational point group: Cs  
 
 Cartesian coordinates in standard orientation [bohr]
   1  N     0.00000000    0.00015427    0.12863921
   2  H     0.00000000   -1.77268773   -0.59520191
   3  H    -1.53348291    0.88527216   -0.59607819
   4  H     1.53348291    0.88527216   -0.59607819
 
 Nuclear repulsion energy [au]:         11.951023245843
 
 
 Basis set information:
 
 Maximum angular momentum: g
 Maximum number of contracted Gaussians:   13
 Maximum number of primitive Gaussians:    15
 Spherical harmonic GTOs are used.
 
 
 Conventional basis set:
 
   1  N  cc-pvdz-f12 [ 11s 6p 2d | 5s 5p 2d ]
   2  H  cc-pvdz-f12 [ 5s 2p | 3s 2p ]
   3  H  cc-pvdz-f12 [ 5s 2p | 3s 2p ]
   4  H  cc-pvdz-f12 [ 5s 2p | 3s 2p ]
 
 Total number of basis functions:     57
 
 
 Fitting basis set for the SCF calculation:
 
   1  N  aug-cc-pvtz-ri-jk [ 11s 8p 6d 3f 2g | 11s 8p 6d 3f 2g ]
   2  H  aug-cc-pvtz-ri-jk [ 5s 4p 3d 2f | 5s 4p 3d 2f ]
   3  H  aug-cc-pvtz-ri-jk [ 5s 4p 3d 2f | 5s 4p 3d 2f ]
   4  H  aug-cc-pvtz-ri-jk [ 5s 4p 3d 2f | 5s 4p 3d 2f ]
 
 Total number of basis functions:    242
 
 
 Fitting basis set for the correlation calculation:
 
   1  N  aug-cc-pwcvtz-ri [ 13s 10p 8d 5f 2g | 13s 10p 8d 5f 2g ]
   2  H  aug-cc-pvtz-ri [ 5s 4p 3d 2f | 5s 4p 3d 2f ]
   3  H  aug-cc-pvtz-ri [ 5s 4p 3d 2f | 5s 4p 3d 2f ]
   4  H  aug-cc-pvtz-ri [ 5s 4p 3d 2f | 5s 4p 3d 2f ]
 
 Total number of basis functions:    274
 
 
 Old basis set for SCF restart
 
   1  N  cc-pvdz-f12 [ 11s 6p 2d | 5s 5p 2d ]
   2  H  cc-pvdz-f12 [ 5s 2p | 3s 2p ]
   3  H  cc-pvdz-f12 [ 5s 2p | 3s 2p ]
   4  H  cc-pvdz-f12 [ 5s 2p | 3s 2p ]
 
 Total number of basis functions:     57
 
 
 Complimentary auxiliary basis set (CABS):
 
   1  N  cc-pvdz-f12-optri [ 4s 4p 4d 3f 1g | 4s 4p 4d 3f 1g ]
   2  H  cc-pvdz-f12-optri [ 3s 3p 2d | 3s 3p 2d ]
   3  H  cc-pvdz-f12-optri [ 3s 3p 2d | 3s 3p 2d ]
   4  H  cc-pvdz-f12-optri [ 3s 3p 2d | 3s 3p 2d ]
 
 Total number of basis functions:    132
 
 
 Character table for point group Cs:
 
          E  Qh  
    A'    1   1
    A"    1  -1
 
 Number of basis functions per irrep:
    A'    115
    A"     74
 
 
 Calculation of overlap integrals...
 CPU time [min]:     0.006                   Wall time [min]:     0.061
 
 Calculation of the square root of the overlap matrix...
 Minimum eigenvalue of the overlap matrix: 0.146448E-04
 CPU time [min]:     0.006                   Wall time [min]:     0.064
 
 Calculation of kinetic energy integrals...
 CPU time [min]:     0.006                   Wall time [min]:     0.064
 Calculation of nuclear attraction integrals...
 CPU time [min]:     0.006                   Wall time [min]:     0.064
 Calculation of overlap integrals...
 CPU time [min]:     0.006                   Wall time [min]:     0.064
 
 Calculation of prescreening integrals...
 CPU time [min]:     0.010                   Wall time [min]:     0.092
 
 Calculation of two-center Coulomb integrals...
   2% done.
  13% done.
  25% done.
  39% done.
  57% done.
  69% done.
  89% done.
 100% done.
 CPU time [min]:     0.011                   Wall time [min]:     0.096
 
 Cholesky decomposition of the two-center matrix...
 Reciprocal of the condition number:  0.372889E-04
 CPU time [min]:     0.011                   Wall time [min]:     0.098
 

 ************************ 2025-10-11 14:08:47 *************************
 Executing scf...

 Allocation of 4096.0 Mbytes of memory...
 Constructing Fock-matrix...
 
 First step of Coulomb...
   1% done.
  13% done.
  28% done.
  47% done.
  71% done.
 100% done.
 CPU time [min]:     0.009                   Wall time [min]:     0.020
 
 Second step of Coulomb...
   3% done.
  40% done.
 CPU time [min]:     0.010                   Wall time [min]:     0.031
 
 
 First step of exchange...
 Exchange contribution is evaluated for MOs 1 to 5.
   1% done.
  13% done.
  28% done.
  47% done.
  71% done.
 100% done.
 CPU time [min]:     0.012                   Wall time [min]:     0.044
 
 Fitting and assembly step of exchange...
 CPU time [min]:     0.012                   Wall time [min]:     0.044
 

 ************************ 2025-10-11 14:09:02 *************************
 Executing mp2f12...

 MP2-F12 calculation
 
 Allocation of 4096.0 Mbytes of memory...
 
 Calculating CABS singles correction...
 CPU time [min]:     0.002                   Wall time [min]:     0.009
 
 Closed-shell CC mem. requirement in Mb
 
 Calculating Coulomb integrals in memory...
 CPU time [min]:     0.007                   Wall time [min]:     0.045
 
 Calculating (DelF12)^2 integrals...
 CPU time [min]:     0.009                   Wall time [min]:     0.057
 
 Calculating F12/r12 integrals...
 CPU time [min]:     0.010                   Wall time [min]:     0.067
 
 Calculating F12^2 integrals...
 Calculating F12^2 contribution 
 CPU time [min]:     0.014                   Wall time [min]:     0.090
 
 Calculating F12 integrals...
 CPU time [min]:     0.016                   Wall time [min]:     0.106
 
 Calculating pair energies...
 CPU time [min]:     0.017                   Wall time [min]:     0.114
 
 Reference energy [au]:                   -56.218410162900
 CABS singles correction [au]:             -0.002696037682
 Corrected reference energy [au]:         -56.221106200582
 MP2 correlation energy [au]:              -0.218209595148
 MP2 energy [au]:                         -56.436619758048
 F12 contribution [au]:                    -0.043530656713
 Coupling term [au]:                       -0.002996832678
 MP2-F12 correlation energy [au]:          -0.261740251862
 MP2-F12 energy [au]:                     -56.482846452443
 
 CPU time [min]:     0.017                   Wall time [min]:     0.114
 
 Calculating CCSD-F12 intermediates...
 CPU time [min]:     0.022                   Wall time [min]:     0.143

 ************************ 2025-10-11 14:09:29 *************************
 Executing ccsd...

 Allocation of 4096.0 Mbytes of memory...

 Direct DF-CCSD(T)-F12 calculation
 
 Convergence criterion:  1.0E-06
 
 Number of occupied/virtual/auxiliary orbitals:     4    52   274
     16.76 MB is the minimal memory requirement for (T)
      8.65 MB is the minimal memory requirement for CCSD
 
 Reference energy [au]:             -56.218410162900
 T1 contribution [au]:               -0.000000000000
 Same spin MP2 energy [au]:          -0.050017019186
 Opposite spin MP2 energy [au]:      -0.168192575963
 MP2 correlation energy [au]:        -0.218209595148
 Total MP2 energy [au]:             -56.436619758048
 
 CABS singles correction [au]:       -0.002696037682
 Corrected reference energy [au]:   -56.221106200582
 MP2-F12 contribution [au]:          -0.040533824035
 
 CPU time [min]:     0.002                   Wall time [min]:     0.021
 
 Starting CCSD iterations...
 
                     Residual norm          Energy
 Iteration  1        0.145937401336      -56.480070201545
 Iteration  2        0.033400624282      -56.484398019855
 Iteration  3        0.010600848850      -56.485241777465
 Iteration  4        0.001973303557      -56.485249675144
 Iteration  5        0.000644577585      -56.485265346733
 Iteration  6        0.000180986945      -56.485266371340
 Iteration  7        0.000048226035      -56.485265209953
 Iteration  8        0.000017060096      -56.485265286276
 Iteration  9        0.000005449716      -56.485265132042
 
 CCSD iteration has converged in  9 steps.
       36.68 MB memory was utilized by CCSD
 
 T1 diagnostic:      7.536E-03            D1 diagnostic:      1.392E-02
 
 T1 contribution [au]:                            0.000000000946
 CCSD(F12*) correlation energy [au]:             -0.264158931460
 Total CCSD(F12*) energy [au]:                  -56.485265132042
 
 CPU time [min]:     0.015                   Wall time [min]:     0.113
 
 Calculation of (T) correction...
 
 
       16.06 MB memory is utilized for (T)

 0%       25%       50%       75%       100%
 |---------|---------|---------|---------| 
 
 (T)  correction [au]:                         -0.006742735282
 (T*) correction [au]:                         -0.008087844303
 (T+) correction [au]:                         -0.008065344874
 CCSD(F12*)(T)  correlation energy [au]:       -0.270901666742
 CCSD(F12*)(T*) correlation energy [au]:       -0.272246775763
 CCSD(F12*)(T+) correlation energy [au]:       -0.272224276334
 Total CCSD(F12*)(T)  energy [au]:            -56.492007867324
 Total CCSD(F12*)(T*) energy [au]:            -56.493352976345
 Total CCSD(F12*)(T+) energy [au]:            -56.493330476916
 CPU time [min]:     0.016                   Wall time [min]:     0.121
 
 ************************ 2025-10-11 14:09:44 *************************
                      Normal termination of mrcc.
 **********************************************************************
