 **********************************************************************
                          MRCC program system
 **********************************************************************
 
                              Written by
     Mihaly Kallay, Peter R. Nagy, David Mester, Laszlo Gyevi-Nagy,
        Jozsef Csoka, P. Bernat Szabo, Zoltan Rolik, Gyula Samu,
      Bence Hegely, Bence Ladoczki, Klara Petrov, Jozsef Csontos,
     Adam Ganyecz, Istvan Ladjanszki, Lorant Szegedy, Mate Farkas,
          Pal D. Mezei, Reka A. Horvath, and Balazs D. Lorincz
 
        Department of Physical Chemistry and Materials Science
            Budapest University of Technology and Economics
                  Budapest P.O.Box 91, H-1521 Hungary
 
                              www.mrcc.hu
 
                            Version: 25.1.2

 ************************ 2025-10-11 14:17:32 *************************
 Executing minp...

 Reading input from MINP...
 
 Input file:
 
mem=4096MB
basis=cc-pVDZ-F12
calc=FNO-CCSD(T)-F12




unit=bohr
geom=xyz
4
Title AutoGenerated by MRCC_Ext Script
N       0.0000000000     0.0018897261     0.2172408440
H       0.0000000000     1.7701970355    -0.5068953026
H      -1.5330356025    -0.8850985178    -0.5068953026
H       1.5330356025    -0.8850985178    -0.5068953026


charge=0
mult=1



 
 
 Checking keyword combinations...
 
 Keywords:
 
 active=none
 agrid=ld0006-ld0590
 agrid_pssp=ld0006-ld0194
 agrid_pssp_sm=ld0006-ld0074
 basis=cc-pvdz-f12
 basis_sm=cc-pvdz-f12
 basopt=off
 bfbasis=none
 bfgsmem=10
 bfgstol=1.0d-3
 boysalg=jacobi
 bpcompo=0.985
 bpcompv=0.98
 bpdfo=0.985
 bpocc=0.985
 bppdo=0.985
 bppdv=0.98
 bpedo=0.985
 bpedv=0.98
 bp_subsyso=0.95
 bp_subsysv=0.95
 cabscorr=off
 cabsdual=off
 calc=ccsd(t)-f12
 ccmaxit=50
 ccprog=ccsd
 ccsdalg=dfdirect
 ccsdmkl=seq
 ccsdrest=trf
 ccsdthreads=2
 cctol=6
 charge=0
 cialg=auto
 ciguess=off
 cmpgrp=auto
 comprest=off
 coord_sys=ric
 core=frozen
 corembed=off
 csapprox=off
 cvs=off
 dboc=off
 deltaf12=off
 delocsomofact=
 dendec=cholesky
 dens=0
 denscorr=0
 dfalg=lineq
 dfbasis_cab=auto
 dfbasis_cor=auto
 dfbasis_scf=auto
 dfbasis_scf_sm=auto
 dfintran=drpa
 dft=off
 dhexc=adc(2)
 diag=david
 docc=
 domrad=10.d0
 drpaalg=fit
 dual=on
 dual_df=off
 dyson=off
 ecp=auto
 edisp=off
 edisp_embed=off
 embed=off
 epairestfact=off
 epairscale=1.d0
 etemp=300
 epert=none
 eps=
 espcharge=off
 excrad=0.d0
 excrad_f12=0.d0
 excrad_fin=0.000000000D+00
 fastdbbsc=v2
 fitting=coulomb
 fmm=off
 fmmord=8
 fnonorb=
 freq=off
 gamma=0.9d0
 gauss=spher
 geom=xyz
 gopt=off
 ghost=none
 gtol=7
 grdens=off
 grid=auto
 grid_sm=auto
 gridbatch_cos=2000
 grtol=10
 guido_ct=off
 hamilton=dc
 iface=none
 incore=off
 intalg=os
 ip_ea=off
 itol=10
 laptol=1.d-2
 lccoporder=trffirst
 lcorthr=normal
 lccrest=off
 ldfgrad_tol=8
 lmp2dens=on
 lnoepso=0.d0
 lnoepsv=1e-4
 localcc=off
 localcorrsymm=off
 locintrf=disk
 mact=
 maxact=off
 maxdim=200
 maxex=0
 maxmicroit=100
 mcscfiguess=hf
 mem=4096mb
 mmprog=
 molden=on
 mp2ongrid=off
 mpitasks=1
 mulmet=0
 mult=1
 nab=0.1d0
 nacto=0
 nactv=0
 naf_amp=3.16d-3
 naf_cor=5e-2
 naf_f12=5e-2
 naf_scf=off
 nafalg=albe
 nafdens=off
 naftyp=jpq_inv
 nchol=auto
 ndeps=1e-3
 nstate=1
 nsing=0
 nto=off
 ntrip=0
 num_grad=off
 occ=
 occri=off
 oniom=off
 oniom_eechg=off
 oniom_pcm=off
 oniom_qcorr=off
 optalg=
 optmaxit=50
 optetol=1e-6
 optex=0
 optgtol=1e-4
 optstol=1e-3
 orblocc=off
 orbloce=off
 orbloco=off
 orblocv=off
 orblocguess=cholesky
 osveps=1e-3
 ovirt=mp2
 ovltol=1e-7
 ovosnorb=80.0
 pao_subsys_tol=1e-3
 pao_tol=1e-3
 pcm=off
 popul=off
 pressure=100000
 pssp=off
 ptfreq=0.0
 ptthreads=2
 qmreg=
 qmmm=off
 qro=off
 qscf=off
 redcost_exc=off
 redcost_tddft=off
 refdet=none
 rest=0
 rgrid=log3
 rism=off
 rohfcore=semicanonical
 rohftype=semicanonical
 scfalg=direct
 scf_conv=auto
 scfdamp=0.0d0
 scfdamp_mode=off
 scfdamp_end=50
 scfdamp_dampstep=0.d0
 scfdamp_dtol=0.0d0
 scfdamp_maxfact=0.0d0
 scfdamp_minfact=0.0d0
 scfdiis=on
 scfdiis_dtol=0.0d0
 scfdiis_end=50
 scfdiis_start=2
 scfdiis_step=1
 scfdiis_watch=off
 scfdiis_wrange=10
 scfdiis_wlimit=5
 scfdiis_delmax=2
 scfdtol=7
 scfext=10
 scfguessdens=
 scfiguess=sad
 scfloc=off
 scflshift=0.20
 scflshift_end=8
 scflshift_dtol=0.0
 scflshift_gaptol=0.20
 scfmaxit=50
 scftype=
 scftol=6
 scspe=1.d0
 scsph=1.d0
 scsps=1.2d0
 scsps_t=1.2d0
 scspt=0.33333333333333
 scspt_t=0.33333333333333
 scspv=1.d0
 spairtol=1e-4
 sqmprog=
 subminp=top
 subsys_bopu=on
 symm=
 talg=occ
 temp=298.15
 test=off
 theodore=off
 tlmo=0.999
 tpao=0.94
 tprint=off
 uncontract=off
 unit=bohr
 usedisk=2
 verbosity=2
 wpairtol=0.100000000E-05

 ************************ 2025-10-11 14:17:45 *************************
 Executing integ...

 Allocation of 4096.0 Mbytes of memory...
 
 
 Number of atoms:                  4
 Charge:                           0
 Number of electrons:             10
 Number of core electrons:         2
 Spin multiplicity:                1
 
                 Cartesian coordinates [bohr]      Atomic mass [AMU]  Z
   1  N     0.00000000    0.00188973    0.21724084    14.003074       7
   2  H     0.00000000    1.77019704   -0.50689530     1.007825       1
   3  H    -1.53303560   -0.88509852   -0.50689530     1.007825       1
   4  H     1.53303560   -0.88509852   -0.50689530     1.007825       1
 
 This molecule is an asymmetric top.
 
 Rotational constants [cm-1]: 
      9.965067509583      9.965047299363      6.353953833504
 
 Point group: Cs  
 Computational point group: Cs  
 
 Cartesian coordinates in standard orientation [bohr]
   1  N     0.00000000   -0.00046301    0.12858747
   2  H     0.00000000   -1.76805177   -0.59730087
   3  H    -1.53303560    0.88724248   -0.59466924
   4  H     1.53303560    0.88724248   -0.59466924
 
 Nuclear repulsion energy [au]:         11.958372578167
 
 
 Basis set information:
 
 Maximum angular momentum: g
 Maximum number of contracted Gaussians:   13
 Maximum number of primitive Gaussians:    13
 Spherical harmonic GTOs are used.
 
 
 Conventional basis set:
 
   1  N  cc-pvdz-f12 [ 11s 6p 2d | 5s 5p 2d ]
   2  H  cc-pvdz-f12 [ 5s 2p | 3s 2p ]
   3  H  cc-pvdz-f12 [ 5s 2p | 3s 2p ]
   4  H  cc-pvdz-f12 [ 5s 2p | 3s 2p ]
 
 Total number of basis functions:     57
 
 
 Fitting basis set for the SCF calculation:
 
   1  N  aug-cc-pvtz-ri-jk [ 11s 8p 6d 3f 2g | 11s 8p 6d 3f 2g ]
   2  H  aug-cc-pvtz-ri-jk [ 5s 4p 3d 2f | 5s 4p 3d 2f ]
   3  H  aug-cc-pvtz-ri-jk [ 5s 4p 3d 2f | 5s 4p 3d 2f ]
   4  H  aug-cc-pvtz-ri-jk [ 5s 4p 3d 2f | 5s 4p 3d 2f ]
 
 Total number of basis functions:    242
 
 
 Fitting basis set for the correlation calculation:
 
   1  N  aug-cc-pwcvtz-ri [ 13s 10p 8d 5f 2g | 13s 10p 8d 5f 2g ]
   2  H  aug-cc-pvtz-ri [ 5s 4p 3d 2f | 5s 4p 3d 2f ]
   3  H  aug-cc-pvtz-ri [ 5s 4p 3d 2f | 5s 4p 3d 2f ]
   4  H  aug-cc-pvtz-ri [ 5s 4p 3d 2f | 5s 4p 3d 2f ]
 
 Total number of basis functions:    274
 
 
 Initializing the SAD routines for the initial guess...
 Checking the files required for the initial guess...
 Density files have not been found for the initial guess.
 Generating SCFDENSITIES.N.cc-pvdz-f12.0
 Generating SCFDENSITIES.H.cc-pvdz-f12.0
 CPU time [min]:     0.005                   Wall time [min]:     5.473
 
 Character table for point group Cs:
 
          E  Qh  
    A'    1   1
    A"    1  -1
 
 Number of basis functions per irrep:
    A'     37
    A"     20
 
 
 Calculation of overlap integrals...
 CPU time [min]:     0.006                   Wall time [min]:     5.474
 
 Calculation of the square root of the overlap matrix...
 Minimum eigenvalue of the overlap matrix: 0.107784E-02
 CPU time [min]:     0.006                   Wall time [min]:     5.477
 
 Calculation of kinetic energy integrals...
 CPU time [min]:     0.006                   Wall time [min]:     5.477
 Calculation of nuclear attraction integrals...
 CPU time [min]:     0.006                   Wall time [min]:     5.477
 
 Calculation of prescreening integrals...
 CPU time [min]:     0.007                   Wall time [min]:     5.479
 
 Calculation of two-center Coulomb integrals...
   2% done.
  13% done.
  25% done.
  39% done.
  57% done.
  69% done.
  89% done.
 100% done.
 CPU time [min]:     0.007                   Wall time [min]:     5.485
 
 Cholesky decomposition of the two-center matrix...
 Reciprocal of the condition number:  0.370996E-04
 CPU time [min]:     0.008                   Wall time [min]:     5.487
 

 ************************ 2025-10-11 14:23:31 *************************
 Executing scf...

 Allocation of 4096.0 Mbytes of memory...
 ======================================================================
 ITERATION STEP   1
 CPU time [min]:     0.008                   Wall time [min]:     0.020
 
 Constructing Fock-matrix...
 
 First step of Coulomb + first step of exchange...
 Exchange contribution is evaluated for MOs 1 to 5.
   1% done.
  13% done.
  28% done.
  47% done.
  71% done.
 100% done.
 CPU time [min]:     0.010                   Wall time [min]:     0.035
 
 Fitting and assembly step of exchange...
 CPU time [min]:     0.010                   Wall time [min]:     0.036
 
 Second step of Coulomb...
   1% done.
  13% done.
  28% done.
  47% done.
  71% done.
 100% done.
 CPU time [min]:     0.011                   Wall time [min]:     0.039
 
 RMS of [F,P]:                                         0.05385734101908
 RMS of difference density:                            0.01145810141354
 Gap [au]:  0.55663730
 ALPHA OCC:   4   1
 BETA  OCC:   4   1
 
 ***HARTREE-FOCK ENERGY IN STEP   1 IS        -55.9404809662265734 [AU]
 ======================================================================
 ITERATION STEP   2
 CPU time [min]:     0.011                   Wall time [min]:     0.040
 
 Constructing Fock-matrix...
 
 First step of Coulomb + first step of exchange...
 Exchange contribution is evaluated for MOs 1 to 5.
   1% done.
  13% done.
  28% done.
  47% done.
  71% done.
 100% done.
 CPU time [min]:     0.013                   Wall time [min]:     0.056
 
 Fitting and assembly step of exchange...
 CPU time [min]:     0.013                   Wall time [min]:     0.056
 
 Second step of Coulomb...
   1% done.
  13% done.
  28% done.
  47% done.
  71% done.
 100% done.
 CPU time [min]:     0.014                   Wall time [min]:     0.060
 
 RMS of [F,P]:                                         0.00741002153754
 RMS of difference density:                            0.00376837109561
 Gap [au]:  0.50580595
 ALPHA OCC:   4   1
 BETA  OCC:   4   1
 
 ***HARTREE-FOCK ENERGY IN STEP   2 IS        -56.2063928406458047 [AU]
 ======================================================================
 ITERATION STEP   3
 CPU time [min]:     0.014                   Wall time [min]:     0.063
 
 Constructing Fock-matrix...
 
 First step of Coulomb + first step of exchange...
 Exchange contribution is evaluated for MOs 1 to 5.
   1% done.
  13% done.
  28% done.
  47% done.
  71% done.
 100% done.
 CPU time [min]:     0.017                   Wall time [min]:     0.079
 
 Fitting and assembly step of exchange...
 CPU time [min]:     0.017                   Wall time [min]:     0.079
 
 Second step of Coulomb...
   1% done.
  13% done.
  28% done.
  47% done.
  71% done.
 100% done.
 CPU time [min]:     0.018                   Wall time [min]:     0.088
 
 RMS of [F,P]:                                         0.00237553288174
 RMS of difference density:                            0.00086970202526
 Gap [au]:  0.52293792
 ALPHA OCC:   4   1
 BETA  OCC:   4   1
 
 ***HARTREE-FOCK ENERGY IN STEP   3 IS        -56.2168843899547852 [AU]
 ======================================================================
 ITERATION STEP   4
 CPU time [min]:     0.018                   Wall time [min]:     0.089
 
 Constructing Fock-matrix...
 
 First step of Coulomb + first step of exchange...
 Exchange contribution is evaluated for MOs 1 to 5.
   1% done.
  13% done.
  28% done.
  47% done.
  71% done.
 100% done.
 CPU time [min]:     0.020                   Wall time [min]:     0.103
 
 Fitting and assembly step of exchange...
 CPU time [min]:     0.020                   Wall time [min]:     0.103
 
 Second step of Coulomb...
   1% done.
  13% done.
  28% done.
  47% done.
  71% done.
 100% done.
 CPU time [min]:     0.022                   Wall time [min]:     0.112
 
 RMS of [F,P]:                                         0.00088201697283
 RMS of difference density:                            0.00051033030374
 Gap [au]:  0.51080064
 ALPHA OCC:   4   1
 BETA  OCC:   4   1
 
 ***HARTREE-FOCK ENERGY IN STEP   4 IS        -56.2181571877862041 [AU]
 ======================================================================
 ITERATION STEP   5
 CPU time [min]:     0.022                   Wall time [min]:     0.114
 
 Constructing Fock-matrix...
 
 First step of Coulomb + first step of exchange...
 Exchange contribution is evaluated for MOs 1 to 5.
   1% done.
  13% done.
  28% done.
  47% done.
  71% done.
 100% done.
 CPU time [min]:     0.024                   Wall time [min]:     0.127
 
 Fitting and assembly step of exchange...
 CPU time [min]:     0.024                   Wall time [min]:     0.127
 
 Second step of Coulomb...
   1% done.
  13% done.
  28% done.
  47% done.
  71% done.
 100% done.
 CPU time [min]:     0.025                   Wall time [min]:     0.136
 
 RMS of [F,P]:                                         0.00024441697285
 RMS of difference density:                            0.00019482597971
 Gap [au]:  0.51096848
 ALPHA OCC:   4   1
 BETA  OCC:   4   1
 
 ***HARTREE-FOCK ENERGY IN STEP   5 IS        -56.2184192332574924 [AU]
 ======================================================================
 ITERATION STEP   6
 CPU time [min]:     0.026                   Wall time [min]:     0.138
 
 Constructing Fock-matrix...
 
 First step of Coulomb + first step of exchange...
 Exchange contribution is evaluated for MOs 1 to 5.
   1% done.
  13% done.
  28% done.
  47% done.
  71% done.
 100% done.
 CPU time [min]:     0.028                   Wall time [min]:     0.154
 
 Fitting and assembly step of exchange...
 CPU time [min]:     0.028                   Wall time [min]:     0.154
 
 Second step of Coulomb...
   1% done.
  13% done.
  28% done.
  47% done.
  71% done.
 100% done.
 CPU time [min]:     0.029                   Wall time [min]:     0.159
 
 RMS of [F,P]:                                         0.00003786926424
 RMS of difference density:                            0.00005559220269
 Gap [au]:  0.51075037
 ALPHA OCC:   4   1
 BETA  OCC:   4   1
 
 ***HARTREE-FOCK ENERGY IN STEP   6 IS        -56.2184430176648391 [AU]
 ======================================================================
 ITERATION STEP   7
 CPU time [min]:     0.029                   Wall time [min]:     0.161
 
 Constructing Fock-matrix...
 
 First step of Coulomb + first step of exchange...
 Exchange contribution is evaluated for MOs 1 to 5.
   1% done.
  13% done.
  28% done.
  47% done.
  71% done.
 100% done.
 CPU time [min]:     0.032                   Wall time [min]:     0.178
 
 Fitting and assembly step of exchange...
 CPU time [min]:     0.032                   Wall time [min]:     0.178
 
 Second step of Coulomb...
   1% done.
  13% done.
  28% done.
  47% done.
  71% done.
 100% done.
 CPU time [min]:     0.033                   Wall time [min]:     0.183
 
 RMS of [F,P]:                                         0.00000879318313
 RMS of difference density:                            0.00001328515470
 Gap [au]:  0.51070184
 ALPHA OCC:   4   1
 BETA  OCC:   4   1
 
 ***HARTREE-FOCK ENERGY IN STEP   7 IS        -56.2184440630771149 [AU]
 ======================================================================
 ITERATION STEP   8
 CPU time [min]:     0.033                   Wall time [min]:     0.184
 
 Constructing Fock-matrix...
 
 First step of Coulomb + first step of exchange...
 Exchange contribution is evaluated for MOs 1 to 5.
   1% done.
  13% done.
  28% done.
  47% done.
  71% done.
 100% done.
 CPU time [min]:     0.035                   Wall time [min]:     0.202
 
 Fitting and assembly step of exchange...
 CPU time [min]:     0.035                   Wall time [min]:     0.202
 
 Second step of Coulomb...
   1% done.
  13% done.
  28% done.
  47% done.
  71% done.
 100% done.
 CPU time [min]:     0.036                   Wall time [min]:     0.206
 
 RMS of [F,P]:                                         0.00000101385891
 RMS of difference density:                            0.00000226895677
 Gap [au]:  0.51069217
 ALPHA OCC:   4   1
 BETA  OCC:   4   1
 
 ***HARTREE-FOCK ENERGY IN STEP   8 IS        -56.2184441182879908 [AU]
 ======================================================================
 ITERATION STEP   9
 CPU time [min]:     0.036                   Wall time [min]:     0.207
 
 Constructing Fock-matrix...
 
 First step of Coulomb + first step of exchange...
 Exchange contribution is evaluated for MOs 1 to 5.
   1% done.
  13% done.
  28% done.
  47% done.
  71% done.
 100% done.
 CPU time [min]:     0.039                   Wall time [min]:     0.227
 
 Fitting and assembly step of exchange...
 CPU time [min]:     0.039                   Wall time [min]:     0.227
 
 Second step of Coulomb...
   1% done.
  13% done.
  28% done.
  47% done.
  71% done.
 100% done.
 CPU time [min]:     0.040                   Wall time [min]:     0.232
 
 RMS of [F,P]:                                         0.00000017705959
 RMS of difference density:                            0.00000054623974
 Gap [au]:  0.51069202
 ALPHA OCC:   4   1
 BETA  OCC:   4   1
 
 ***HARTREE-FOCK ENERGY IN STEP   9 IS        -56.2184441190307354 [AU]
 ======================================================================
 ITERATION STEP  10
 CPU time [min]:     0.040                   Wall time [min]:     0.233
 
 Constructing Fock-matrix...
 
 First step of Coulomb + first step of exchange...
 Exchange contribution is evaluated for MOs 1 to 5.
   1% done.
  13% done.
  28% done.
  47% done.
  71% done.
 100% done.
 CPU time [min]:     0.043                   Wall time [min]:     0.248
 
 Fitting and assembly step of exchange...
 CPU time [min]:     0.043                   Wall time [min]:     0.248
 
 Second step of Coulomb...
   1% done.
  13% done.
  28% done.
  47% done.
  71% done.
 100% done.
 CPU time [min]:     0.044                   Wall time [min]:     0.252
 
 RMS of [F,P]:                                         0.00000005105119
 RMS of difference density:                            0.00000009001317
 Gap [au]:  0.51069208
 ALPHA OCC:   4   1
 BETA  OCC:   4   1
 
 ***HARTREE-FOCK ENERGY IN STEP  10 IS        -56.2184441190635056 [AU]
 ======================================================================
 
 SUCCESS...
 THE SCF ITERATION HAS CONVERGED!
 
                   A'  A"  
 FINAL ALPHA OCC:   4   1
 FINAL BETA  OCC:   4   1
 
 ***FINAL HARTREE-FOCK ENERGY:        -56.2184441190635056 [AU]
 
 RETURNING FROM SCF ALGORITHM
 ======================================================================

 ************************ 2025-10-11 14:23:58 *************************
 Executing integ...

 Allocation of 4096.0 Mbytes of memory...
 
 
 Number of atoms:                  4
 Charge:                           0
 Number of electrons:             10
 Number of core electrons:         2
 Spin multiplicity:                1
 
                 Cartesian coordinates [bohr]      Atomic mass [AMU]  Z
   1  N     0.00000000    0.00188973    0.21724084    14.003074       7
   2  H     0.00000000    1.77019704   -0.50689530     1.007825       1
   3  H    -1.53303560   -0.88509852   -0.50689530     1.007825       1
   4  H     1.53303560   -0.88509852   -0.50689530     1.007825       1
 
 This molecule is an asymmetric top.
 
 Rotational constants [cm-1]: 
      9.965067509583      9.965047299363      6.353953833504
 
 Point group: Cs  
 Computational point group: Cs  
 
 Cartesian coordinates in standard orientation [bohr]
   1  N     0.00000000   -0.00046301    0.12858747
   2  H     0.00000000   -1.76805177   -0.59730087
   3  H    -1.53303560    0.88724248   -0.59466924
   4  H     1.53303560    0.88724248   -0.59466924
 
 Nuclear repulsion energy [au]:         11.958372578167
 
 
 Basis set information:
 
 Maximum angular momentum: g
 Maximum number of contracted Gaussians:   13
 Maximum number of primitive Gaussians:    15
 Spherical harmonic GTOs are used.
 
 
 Conventional basis set:
 
   1  N  cc-pvdz-f12 [ 11s 6p 2d | 5s 5p 2d ]
   2  H  cc-pvdz-f12 [ 5s 2p | 3s 2p ]
   3  H  cc-pvdz-f12 [ 5s 2p | 3s 2p ]
   4  H  cc-pvdz-f12 [ 5s 2p | 3s 2p ]
 
 Total number of basis functions:     57
 
 
 Fitting basis set for the SCF calculation:
 
   1  N  aug-cc-pvtz-ri-jk [ 11s 8p 6d 3f 2g | 11s 8p 6d 3f 2g ]
   2  H  aug-cc-pvtz-ri-jk [ 5s 4p 3d 2f | 5s 4p 3d 2f ]
   3  H  aug-cc-pvtz-ri-jk [ 5s 4p 3d 2f | 5s 4p 3d 2f ]
   4  H  aug-cc-pvtz-ri-jk [ 5s 4p 3d 2f | 5s 4p 3d 2f ]
 
 Total number of basis functions:    242
 
 
 Fitting basis set for the correlation calculation:
 
   1  N  aug-cc-pwcvtz-ri [ 13s 10p 8d 5f 2g | 13s 10p 8d 5f 2g ]
   2  H  aug-cc-pvtz-ri [ 5s 4p 3d 2f | 5s 4p 3d 2f ]
   3  H  aug-cc-pvtz-ri [ 5s 4p 3d 2f | 5s 4p 3d 2f ]
   4  H  aug-cc-pvtz-ri [ 5s 4p 3d 2f | 5s 4p 3d 2f ]
 
 Total number of basis functions:    274
 
 
 Old basis set for SCF restart
 
   1  N  cc-pvdz-f12 [ 11s 6p 2d | 5s 5p 2d ]
   2  H  cc-pvdz-f12 [ 5s 2p | 3s 2p ]
   3  H  cc-pvdz-f12 [ 5s 2p | 3s 2p ]
   4  H  cc-pvdz-f12 [ 5s 2p | 3s 2p ]
 
 Total number of basis functions:     57
 
 
 Complimentary auxiliary basis set (CABS):
 
   1  N  cc-pvdz-f12-optri [ 4s 4p 4d 3f 1g | 4s 4p 4d 3f 1g ]
   2  H  cc-pvdz-f12-optri [ 3s 3p 2d | 3s 3p 2d ]
   3  H  cc-pvdz-f12-optri [ 3s 3p 2d | 3s 3p 2d ]
   4  H  cc-pvdz-f12-optri [ 3s 3p 2d | 3s 3p 2d ]
 
 Total number of basis functions:    132
 
 
 Character table for point group Cs:
 
          E  Qh  
    A'    1   1
    A"    1  -1
 
 Number of basis functions per irrep:
    A'    115
    A"     74
 
 
 Calculation of overlap integrals...
 CPU time [min]:     0.006                   Wall time [min]:     0.064
 
 Calculation of the square root of the overlap matrix...
 Minimum eigenvalue of the overlap matrix: 0.146253E-04
 CPU time [min]:     0.007                   Wall time [min]:     0.068
 
 Calculation of kinetic energy integrals...
 CPU time [min]:     0.007                   Wall time [min]:     0.068
 Calculation of nuclear attraction integrals...
 CPU time [min]:     0.007                   Wall time [min]:     0.069
 Calculation of overlap integrals...
 CPU time [min]:     0.007                   Wall time [min]:     0.069
 
 Calculation of prescreening integrals...
 CPU time [min]:     0.011                   Wall time [min]:     0.092
 
 Calculation of two-center Coulomb integrals...
   2% done.
  13% done.
  25% done.
  39% done.
  57% done.
  69% done.
  89% done.
 100% done.
 CPU time [min]:     0.011                   Wall time [min]:     0.095
 
 Cholesky decomposition of the two-center matrix...
 Reciprocal of the condition number:  0.370996E-04
 CPU time [min]:     0.012                   Wall time [min]:     0.096
 

 ************************ 2025-10-11 14:24:15 *************************
 Executing scf...

 Allocation of 4096.0 Mbytes of memory...
 Constructing Fock-matrix...
 
 First step of Coulomb...
   1% done.
  13% done.
  28% done.
  47% done.
  71% done.
 100% done.
 CPU time [min]:     0.009                   Wall time [min]:     0.017
 
 Second step of Coulomb...
   3% done.
  40% done.
 CPU time [min]:     0.011                   Wall time [min]:     0.028
 
 
 First step of exchange...
 Exchange contribution is evaluated for MOs 1 to 5.
   1% done.
  13% done.
  28% done.
  47% done.
  71% done.
 100% done.
 CPU time [min]:     0.014                   Wall time [min]:     0.041
 
 Fitting and assembly step of exchange...
 CPU time [min]:     0.014                   Wall time [min]:     0.041
 

 ************************ 2025-10-11 14:24:28 *************************
 Executing mp2f12...

 MP2-F12 calculation
 
 Allocation of 4096.0 Mbytes of memory...
 
 Calculating CABS singles correction...
 CPU time [min]:     0.002                   Wall time [min]:     0.005
 
 Closed-shell CC mem. requirement in Mb
 
 Calculating Coulomb integrals in memory...
 CPU time [min]:     0.008                   Wall time [min]:     0.040
 
 Calculating (DelF12)^2 integrals...
 CPU time [min]:     0.010                   Wall time [min]:     0.052
 
 Calculating F12/r12 integrals...
 CPU time [min]:     0.012                   Wall time [min]:     0.063
 
 Calculating F12^2 integrals...
 Calculating F12^2 contribution 
 CPU time [min]:     0.016                   Wall time [min]:     0.083
 
 Calculating F12 integrals...
 CPU time [min]:     0.018                   Wall time [min]:     0.094
 
 Calculating pair energies...
 CPU time [min]:     0.020                   Wall time [min]:     0.099
 
 Reference energy [au]:                   -56.218444119064
 CABS singles correction [au]:             -0.002700958460
 Corrected reference energy [au]:         -56.221145077523
 MP2 correlation energy [au]:              -0.218172795311
 MP2 energy [au]:                         -56.436616914374
 F12 contribution [au]:                    -0.043533157756
 Coupling term [au]:                       -0.002996748543
 MP2-F12 correlation energy [au]:          -0.261705953067
 MP2-F12 energy [au]:                     -56.482851030590
 
 CPU time [min]:     0.020                   Wall time [min]:     0.099
 
 Constructing natural orbitals...
 Number of virtual natural orbitals: 30 (57.69%)
 CPU time [min]:     0.020                   Wall time [min]:     0.102
 
 Calculating MP2 energy and coupling term in NO basis...
 MP2 correlation energy [au]:              -0.213148677404
 MP2 energy [au]:                         -56.431592796468
 MP2 correction [au]:                      -0.005024117906
 Coupling term [au]:                        0.001383581114
 Coupling term correction [au]:            -0.004380329657
 CPU time [min]:     0.021                   Wall time [min]:     0.103
 
 Constructing the natural auxiliary basis...
 Number of natural auxiliary basis functions: 107 (69.5%)
 CPU time [min]:     0.022                   Wall time [min]:     0.108
 
 Constructing natural auxiliary functions...
 Number of natural auxiliary functions: 168 (61.3%)
 CPU time [min]:     0.024                   Wall time [min]:     0.116
 
 Calculating CCSD-F12 intermediates...
 CPU time [min]:     0.025                   Wall time [min]:     0.121
 
 Constructing natural auxiliary functions for the CC calculation...
 Number of CC natural auxiliary functions: 54 (19.7%)
 CPU time [min]:     0.027                   Wall time [min]:     0.126

 ************************ 2025-10-11 14:25:34 *************************
 Executing ccsd...

 Allocation of 4096.0 Mbytes of memory...

 Direct DF-CCSD(T)-F12 calculation
 
 Convergence criterion:  1.0E-06
 
 Number of occupied/virtual/auxiliary orbitals:     4    30    54
      2.71 MB is the minimal memory requirement for (T)
      1.22 MB is the minimal memory requirement for CCSD
 
 Reference energy [au]:             -56.218444119064
 T1 contribution [au]:               -0.000000000000
 Same spin MP2 energy [au]:          -0.049697232729
 Opposite spin MP2 energy [au]:      -0.163168789611
 MP2 correlation energy [au]:        -0.212866022340
 Total MP2 energy [au]:             -56.431310141403
 MP2 correction [au]:                -0.005306772971
 
 CABS singles correction [au]:       -0.002700958460
 Corrected reference energy [au]:   -56.221145077523
 MP2-F12 contribution [au]:          -0.044916738871
 
 CPU time [min]:     0.002                   Wall time [min]:     0.017
 
 Starting CCSD iterations...
 
                     Residual norm          Energy
 Iteration  1        0.135506610898      -56.475212731904
 Iteration  2        0.031355210345      -56.479340587969
 Iteration  3        0.009791144565      -56.480086406936
 Iteration  4        0.001758286159      -56.480114786909
 Iteration  5        0.000431014446      -56.480130011076
 Iteration  6        0.000104752676      -56.480129981024
 Iteration  7        0.000022264638      -56.480130066720
 Iteration  8        0.000006088815      -56.480130018533
 
 CCSD iteration has converged in  8 steps.
        4.29 MB memory was utilized by CCSD
 
 T1 diagnostic:      6.666E-03            D1 diagnostic:      1.045E-02
 
 T1 contribution [au]:                            0.000000000833
 CCSD(F12*) correlation energy [au]:             -0.259091029513
 CCSD(F12*) correlation energy + MP2 [au]:       -0.264397802484
 Total CCSD(F12*) energy [au]:                  -56.480236107037
 Total CCSD(F12*) energy + MP2 corr. [au]:      -56.485542880007
 
 CPU time [min]:     0.006                   Wall time [min]:     0.020
 
 Calculation of (T) correction...
 
 
        2.63 MB memory is utilized for (T)

 0%       25%       50%       75%       100%
 |---------|---------|---------|---------| 
 
 (T)  correction [au]:                         -0.006143536626
 (T*) correction [au]:                         -0.007543092115
 (T+) correction [au]:                         -0.007375120761
 CCSD(F12*)(T)  correlation energy [au]:       -0.265234566139
 CCSD(F12*)(T*) correlation energy [au]:       -0.266634121628
 CCSD(F12*)(T+) correlation energy [au]:       -0.266466150274
 CCSD(F12*)(T)  corr. energy + MP2 [au]:       -0.270541339110
 CCSD(F12*)(T*) corr. energy + MP2 [au]:       -0.271940894599
 CCSD(F12*)(T+) corr. energy + MP2 [au]:       -0.271772923245
 Total CCSD(F12*)(T)  energy [au]:            -56.486379643662
 Total CCSD(F12*)(T*) energy [au]:            -56.487779199151
 Total CCSD(F12*)(T+) energy [au]:            -56.487611227798
 Total CCSD(F12*)(T)  energy + MP2 [au]:      -56.491686416633
 Total CCSD(F12*)(T*) energy + MP2 [au]:      -56.493085972122
 Total CCSD(F12*)(T+) energy + MP2 [au]:      -56.492918000768
 CPU time [min]:     0.006                   Wall time [min]:     0.020
 
 ************************ 2025-10-11 14:25:42 *************************
                      Normal termination of mrcc.
 **********************************************************************
