 Cartesian Coordinates are in [bohr]
 Creating new Variables:
 NX1               0.00000000
 NY1               0.00000000
 NZ1               0.21707066
 HX2               0.00000000
 HY2               1.77060078
 HZ2              -0.50649821
 HX3              -1.53338525
 HY3              -0.88530039
 HZ3              -0.50649821
 HX4               1.53338525
 HY4              -0.88530039
 HZ4              -0.50649821

 Generated   2 symmetrical displacements

 Number of displacements for numerical gradient:      4

 Starting task   2   Incrementing displacement  1 by -1.   CPU=    0.27 sec, Elapsed=    0.27 sec


 Using spherical harmonics

 Library entry N      S cc-pVDZ-F12          selected for orbital group  1
 Library entry N      P cc-pVDZ-F12          selected for orbital group  1
 Library entry N      D cc-pVDZ-F12          selected for orbital group  1
 Library entry H      S cc-pVDZ-F12          selected for orbital group  2
 Library entry H      P cc-pVDZ-F12          selected for orbital group  2


 PROGRAM * SEWARD (Integral evaluation for generally contracted gaussian basis sets)     Author: Roland Lindh, 1990

 Geometry written to block  1 of record 701


 Point group  Cs  



 ATOMIC COORDINATES

 NR  ATOM    CHARGE       X              Y              Z

   1  N       7.00    0.000000000    0.000000000    0.210101536
   2  H       1.00    0.000000000    1.774028201   -0.504175167
   3  H       1.00   -1.536353489   -0.887014101   -0.504175167
   4  H       1.00    1.536353489   -0.887014101   -0.504175167

 Bond lengths in Bohr (Angstrom)

 1-2  1.912424447  1-3  1.912424447  1-4  1.912424447
     ( 1.012011435)     ( 1.012011435)     ( 1.012011435)

 Bond angles

  2-1-3  106.90314584   2-1-4  106.90314584   3-1-4  106.90314584

 NUCLEAR CHARGE:                   10
 NUMBER OF PRIMITIVE AOS:          74
 NUMBER OF SYMMETRY AOS:           72
 NUMBER OF CONTRACTIONS:           57   (   37A'  +   20A"  )
 NUMBER OF INNER CORE ORBITALS:     0   (    0A'  +    0A"  )
 NUMBER OF OUTER CORE ORBITALS:     1   (    1A'  +    0A"  )
 NUMBER OF VALENCE ORBITALS:        7   (    5A'  +    2A"  )


 NUCLEAR REPULSION ENERGY   11.95716376


 Eigenvalues of metric

         1 0.101E-02 0.357E-02 0.362E-02 0.515E-02 0.643E-02 0.103E-01 0.154E-01 0.175E-01
         2 0.357E-02 0.515E-02 0.154E-01 0.175E-01 0.525E-01 0.132E+00 0.176E+00 0.209E+00


 Contracted 2-electron integrals neglected if value below      1.0D-11
 AO integral compression algorithm  1   Integral accuracy      1.0D-11

     5.243 MB (compressed) written to integral file ( 59.3%)


 NUMBER OF SORTED TWO-ELECTRON INTEGRALS:     712501.     BUFFER LENGTH:  32768
 NUMBER OF SEGMENTS:   1  SEGMENT LENGTH:     712501      RECORD LENGTH: 524288

 Memory used in sort:       1.27 MW

 SORT1 READ     1052342. AND WROTE      649385. INTEGRALS IN      2 RECORDS. CPU TIME:     0.01 SEC, REAL TIME:     0.01 SEC
 SORT2 READ      649385. AND WROTE      712501. INTEGRALS IN     20 RECORDS. CPU TIME:     0.03 SEC, REAL TIME:     0.03 SEC

 FILE SIZES:   FILE 1:    35.6 MBYTE,  FILE 4:     8.5 MBYTE,   TOTAL:     44.1 MBYTE

 OPERATOR DM      FOR CENTER  0  COORDINATES:    0.000000    0.000000    0.000000

 Program * Restricted Hartree-Fock

 Molecular orbitals read from record     2100.2  Type=RHF/CANONICAL (state 1.1)
 
 SO-SCI SOLVER WITH NELEC=10 SYM=1 MS2=0 THRE=1.0D-08 THRG=1.0D-07
 
 Authors: D.A. Kreplin, H.-J. Werner (2022)
 
 Number of closed-shell orbitals:                 4   (    3    1)
 Number of doubly occupied active orbitals:       1   (    1    0)
 Number of non-occupied active orbitals:          1   (    1    0)
 Number of virtual orbitals:                     51   (   32   19)
 
 ITER.  MIC  NCI          ENERGY    ENERGY CHANGE          GRAD      ORB GRAD        CI RES  NQN        STEP      TIME
    1    1    0     -56.21846230     -56.21846230    0.00532592    0.00532592    0.00000000    0    0.15E-02      0.02
    2    1    0     -56.21846898      -0.00000668    0.00068465    0.00068465    0.00000000    0    0.20E-03      0.04
    3    1    0     -56.21846911      -0.00000013    0.00018116    0.00018116    0.00000000    1    0.10E-03      0.06
    4    1    0     -56.21846912      -0.00000001    0.00008267    0.00008267    0.00000000    2    0.25E-04      0.09
    5    1    0     -56.21846913      -0.00000000    0.00001960    0.00001960    0.00000000    3    0.50E-05      0.11
    6    1    0     -56.21846913      -0.00000000    0.00000325    0.00000325    0.00000000    4    0.15E-05      0.13
    7    1    0     -56.21846913      -0.00000000    0.00000064    0.00000064    0.00000000    5    0.38E-06      0.15
    8    1    0     -56.21846913      -0.00000000    0.00000013    0.00000013    0.00000000    6    0.45E-07      0.17

 CONVERGENCE REACHED!  Final gradient:     0.00000002 ( 0.23E-07)
                       Final energy:     -56.21846913
 

 Final occupancy:   4   1

 !RHF STATE 1.1 Energy                -56.218469126066
  RHF One-electron energy             -99.609730118443
  RHF Two-electron energy              31.434097231021
  RHF Kinetic energy                   56.132988680446
  RHF Nuclear energy                   11.957163761356
  RHF Virial quotient                  -1.001522820139

 !RHF STATE 1.1 Dipole moment           0.00000000    -0.00000000    -0.64929158
 Dipole moment /Debye                   0.00000000    -0.00000000    -1.65033458

 Orbital energies:

           1.1          2.1          3.1          4.1          5.1          6.1
    -15.541477    -1.142297    -0.629334    -0.428325     0.081836     0.118974

           1.2          2.2          3.2
     -0.629334     0.118974     0.264240


 HOMO      4.1    -0.428325 =     -11.6553eV
 LUMO      5.1     0.081836 =       2.2269eV
 LUMO-HOMO         0.510161 =      13.8822eV

 Orbitals saved in record  2100.1


 **********************************************************************************************************************************
 DATASETS  * FILE   NREC   LENGTH (MB)   RECORD NAMES
              1      21       32.33       500      610      700      701      900      950      970     1000      129      960   
                                          VAR    BASINP    GEOM     GEOM    SYMINP    ZMAT    AOBASIS   BASIS     P2S    ABASIS    
                                         1100     1400     1410     1200     1210     1080     1600     1650     1300     1700   
                                           S        T        V       H0       H01     AOSYM     SMH    MOLCAS    ERIS     OPER   
                                         2100   
                                          RHF  

              2       8        0.70       700     1000      520     2100     7360     7350      701     5600   
                                         GEOM     BASIS   MCVARS     RHF    F12ABS    EF12     GEOM     GINFO   

 PROGRAMS   *        TOTAL    HF-SCF   CCSD(T)    HF-SCF       INT
 CPU TIMES  *         1.77      0.32      0.37      0.15      0.28
 REAL TIME  *         4.08 SEC
 DISK USED  *        42.79 MB
 SF USED    *        21.39 MB
 **********************************************************************************************************************************


 PROGRAM * CCSD (Closed-shell coupled cluster)     Authors: C. Hampel, H.-J. Werner, 1991, M. Deegan, P.J. Knowles, 1992

                                  CCSD-F12 implementation by  H.-J. Werner, 2007

                   Density fitting integral evaluation by F.R. Manby, 2003,2007, G. Knizia, 2010



 Generating basis VDZ-F12-JKFIT
  Atom=N        basis=aug-cc-pVDZ/JKFIT
  Atom=H        basis=aug-cc-pVDZ/JKFIT
 Number of basis functions:     182


 Generating basis CC-PVDZ-F12_OPT
  Atom=N        basis=cc-pVDZ-F12_OPT
  Atom=H        basis=cc-pVDZ-F12_OPT
 Number of basis functions:     132


 Generating basis CC-PVDZ-F12-MP2FIT
  Atom=N        basis=aug-cc-pVDZ/MP2FIT
  Atom=H        basis=aug-cc-pVDZ/MP2FIT
 Number of basis functions:     141


 Convergence thresholds:  THRVAR = 1.00D-12  THRDEN = 1.00D-08

 CCSD(T)     terms to be evaluated (factor= 1.000)


 Number of core orbitals:           1 (   1   0 )
 Number of closed-shell orbitals:   4 (   3   1 )
 Number of external orbitals:      52 (  33  19 )

 Molecular orbitals read from record     2100.1  Type=RHF/CANONICAL (state 1.1)

 MP2-F12 correlation treatment (H.-J. Werner, 2006)
 ==================================================

 Using MP2-F12 with ansatz 3C(FIX)

 Using projected zeroth-order Hamiltonian (+Z)

 FOCKRIB=T FOCKRIC=T FOCKRIP=T CABSP=T CABSA=T CABSK=T CABSF=T GBC=F EBC=F DMAT=T NOFIK=T NOPAO=1 SOLVE=-1  USEPAO=0
 EXCH_A= T EXCH_B= F EXCH_C= F EXCH_P= F

 Geminal basis:    OPTFULL  GEM_TYPE=SLATER  BETA=1.0  NGEM=6

 Optimizing Gaussian exponents for each gem_beta

 Geminal optimization for beta= 1.0000
 Weight function:   m=0, omega= 1.4646

 Augmented Hessian optimization of geminal fit. Trust ratio= 0.40000
 Convergence reached after   2 iterations. Final gradient= 9.03D-16, Step= 4.17D-06, Delta= 1.28D-09

 Alpha:                 0.19532     0.81920     2.85917     9.50073    35.69989   197.79328
 Coeff:                 0.27070     0.30552     0.18297     0.10986     0.06810     0.04224


 Symmetry turned off. Reference energy:        -56.218469126066

 All pairs explicitly correlated. Number of r12-pairs:           10

 Excluding core orbitals from MO domains

 AO(A)-basis ORBITAL           loaded. Number of functions:      57
 RI(R)-basis CC-PVDZ-F12/OPTRI loaded. Number of functions:     132
 DF-basis VDZ-F12/JKFIT        loaded. Number of functions:     182

 Screening thresholds:   THRAO=  1.00D-14  THRMO=  1.00D-14  THRPROD=  1.00D-14
                         THRSW=  1.00D-14  THROV=  1.00D-14  THRAOF12= 1.00D-08

 CPU time for Fock operators                      0.11 sec

 Reading frozen CA basis information from record 7360.2.

 Construction of ABS:
 Smallest eigenvalue of S          2.02E-03  (threshold= 1.00E-08)
 Ratio eigmin/eigmax               3.76E-04  (threshold= 1.00E-09)
 Smallest eigenvalue of S kept     2.02E-03  (threshold= 2.02E-03, 0 functions deleted, 132 kept)

 Construction of CABS:
 Smallest eigenvalue of S          3.09E-05  (threshold= 1.00E-08)
 Ratio eigmin/eigmax               3.09E-05  (threshold= 1.00E-09)
 Smallest eigenvalue of S kept     3.09E-05  (threshold= 3.09E-05, 0 functions deleted, 132 kept)

 CPU time for CABS singles                        0.00 sec

 CABS-singles contribution of  -0.00266899 patched into reference energy.
 New reference energy         -56.22113812

 AO(A)-basis ORBITAL           loaded. Number of functions:      57
 RI(R)-basis CC-PVDZ-F12/OPTRI loaded. Number of functions:     132
 DF-basis CC-PVDZ-F12/MP2FIT   loaded. Number of functions:     141

 Screening thresholds:   THRAO=  1.00D-14  THRMO=  1.00D-14  THRPROD=  1.00D-14
                         THRSW=  1.00D-14  THROV=  1.00D-14  THRAOF12= 1.00D-08

 Including ix projectors in Wij.


 Memory required in f12_kf_ix1:                   0.54 MW

 CPU time for fitting coeffients                  0.01 sec
 CPU time for integrals and contraction (tot)     0.05 sec
 CPU time for transformation and storage          0.00 sec
 CPU time for 3-ext contributions (total)         0.06 sec

 Memory required in f12_kf_ix1:                   0.54 MW

 CPU time for fitting coeffients                  0.01 sec
 CPU time for integrals and contraction (tot)     0.05 sec
 CPU time for transformation and storage          0.00 sec
 CPU time for 3-ext contributions (total)         0.06 sec
 CPU time for 2-ext Coulomb integrals J_Xp        0.02 sec, Elapsed time=      0.02 sec
 CPU time for 2-ext Coulomb integrals J_Xp(AO)    0.01 sec, Elapsed time=      0.01 sec

 CPU time for Coulomb (total)                     0.03 sec
 CPU time for Gij terms                           0.00 sec
 CPU time for 3-index integral evaluation         0.18 sec
 CPU time for fitting                             0.02 sec ( 1622.3 MFLOP/sec)
 CPU time for assembly                            0.01 sec (24666.0 MFLOP/sec)
 CPU time for tranop_f12                          0.01 sec (26137.5 MFLOP/sec)
 CPU time for f12 integrals (total)               0.41 sec, Elapsed time:      0.44 sec
 CPU time for f12 matrices (total)                0.00 sec, Elapsed time:      0.01 sec

 Diagonal F12 approximation with fixed coefficients:  TSING= 0.500,  TTRIP= 0.250 (scaled by -1/beta)

 DF-MP2-F12 energy corrections:
 ==============================
 Approx.                                    Singlet             Triplet             Total
 DF-MP2-F12/3*C(DX,FIX)                -0.037524868718     -0.006031678094     -0.043556546813
 DF-MP2-F12/3*C(FIX)                   -0.036219339812     -0.006418296700     -0.042637636512
 DF-MP2-F12/3C(FIX)                    -0.036873888472     -0.006839947862     -0.043713836335

 DF-MP2-F12 correlation energies:
 ================================
 Approx.                                    Singlet             Triplet             Ecorr            Total Energy
 DF-MP2                                -0.142902967545     -0.075143739781     -0.218046707326    -56.439184823917
 DF-MP2-F12/3*C(DX,FIX)                -0.180427836263     -0.081175417875     -0.261603254139    -56.482741370729
 DF-MP2-F12/3*C(FIX)                   -0.179122307357     -0.081562036481     -0.260684343838    -56.481822460429
 DF-MP2-F12/3C(FIX)                    -0.179776856018     -0.081983687643     -0.261760543661    -56.482898660251

 SCS-DF-MP2 energies (F_SING= 1.20000  F_TRIP= 0.62222  F_PARALLEL= 0.33333):
 ============================================================================
 SCS-DF-MP2                            -0.218239665807    -56.439377782397
 SCS-DF-MP2-F12/3*C(DX,FIX)            -0.267022552416    -56.488160669007
 SCS-DF-MP2-F12/3*C(FIX)               -0.265696480417    -56.486834597007
 SCS-DF-MP2-F12/3C(FIX)                -0.266744299532    -56.487882416123

 Symmetry restored.
 Symmetry transformation completed.

 Number of N-1 electron functions:               4
 Number of N-2 electron functions:              10
 Number of singly external CSFs:               118
 Number of doubly external CSFs:             11116
 Total number of CSFs:                       11235

 Length of J-op  integral file:               6.49 MB
 Length of K-op  integral file:               8.19 MB
 Length of 3-ext integral record:             0.00 MB

 Memory could be reduced to 0.55 Mwords without degradation in triples

 Integral transformation finished. Total CPU:   0.01 sec, npass=  1  Memory used:   0.23 MW

 Reference energy:                    -56.22113812

 Adding F12 terms to K(Cij), methodcc=6,  factor= 1.0

 ITER.      SQ.NORM     CORR.ENERGY   TOTAL ENERGY   ENERGY CHANGE        DEN1      VAR(S)    VAR(P)  DIIS     TIME  TIME/IT
   1      1.06588756    -0.22573152   -56.44686964    -0.00757216    -0.00264414  0.59D-03  0.86D-03  1  1     3.05     0.01
   2      1.06928704    -0.22598271   -56.44712083    -0.00025119    -0.00422204  0.15D-04  0.90D-04  2  2     3.07     0.01
   3      1.07055064    -0.22615763   -56.44729574    -0.00017492    -0.00093189  0.24D-05  0.57D-05  3  3     3.08     0.01
   4      1.07093333    -0.22619943   -56.44733755    -0.00004180    -0.00021964  0.40D-06  0.30D-06  4  4     3.09     0.01
   5      1.07100098    -0.22620112   -56.44733924    -0.00000169    -0.00002047  0.47D-07  0.21D-07  5  5     3.11     0.01
   6      1.07101236    -0.22619976   -56.44733788     0.00000136    -0.00000180  0.81D-08  0.16D-08  6  6     3.12     0.01
   7      1.07101705    -0.22620017   -56.44733829    -0.00000041    -0.00000085  0.89D-09  0.27D-09  6  1     3.13     0.01
   8      1.07101812    -0.22620019   -56.44733831    -0.00000002     0.00000005  0.13D-09  0.31D-10  6  2     3.14     0.01
   9      1.07101852    -0.22620018   -56.44733830     0.00000001    -0.00000002  0.17D-10  0.39D-11  6  3     3.15     0.01
  10      1.07101855    -0.22620018   -56.44733830     0.00000000     0.00000001  0.21D-11  0.52D-12  6  4     3.16     0.01
  11      1.07101854    -0.22620018   -56.44733830     0.00000000    -0.00000003  0.70D-13  0.49D-13  6  5     3.17     0.01

 Norm of t1 vector:      0.03023334      S-energy:     0.00000000      T1 diagnostic:  0.00755833
                                                                       D1 diagnostic:  0.01385409
                                                                       D2 diagnostic:  0.12774961 (internal)

 Adding energy correction from Wij-K(Fij), methodcc=6  factor= 1.0

  CCSD correlation energy              -0.226200182236
  MP2-F12 correction (uncoupled)       -0.041203143982
  (C+U)*T doubles correction           -0.002867140842
  U*T singles correction                0.000005545192
  f12b correction                       0.005534929686
  Total F12 correction                 -0.038535355138

 Total CPU time for triples:      0.05 sec

  Ecorr(MP2)                           -0.218159356505
  Ecorr(MP2-F12)                       -0.261873192840
  Scale factor for triples energy       1.200375711751


 RESULTS
 =======

  Reference energy                    -56.218469126066
  F12 singles correction               -0.002668990524

 F12 singles corrections added to reference energy

  New reference energy                -56.221138116591

  F12c singlet correction              -0.032263209857
  F12c triplet correction              -0.006272145282
  F12c total correction                -0.038535355138

  CCSD-F12c singlet pair energy        -0.190478572375
  CCSD-F12c triplet pair energy        -0.074256969478
  CCSD-F12c correlation energy         -0.264729992183

  Triples (T) contribution (scaled)    -0.008088783494
  Total correlation energy             -0.272818775677

  CCSD-F12c total energy              -56.485868108774
  CCSD[T]-F12c energy                 -56.494230489814
  CCSD-T-F12c energy                  -56.493850051761
 !CCSD(T)-F12c total energy           -56.493956892267

 Timing summary (sec):

 STEP                 CPU(USER)    SYS     CPU(TOT)    WALL
 Transformation          0.01      0.01      0.02      0.03
 CCSD iterations         2.60      0.02      2.62      0.26
 Triples                 0.05      0.00      0.05      0.05
 MP2-F12                 0.56      0.02      0.58      0.61
 F12b energy             0.01      0.00      0.01      0.01

 Program statistics:

 Available memory in ccsd:               455999830
 Min. memory needed in ccsd:                 56460
 Max. memory used in ccsd:                   63703
 Max. memory used in cckext:                105063 (12 integral passes)



 **********************************************************************************************************************************
 DATASETS  * FILE   NREC   LENGTH (MB)   RECORD NAMES
              1      22       33.66       500      610      700      701      900      950      970     1000      129      960   
                                          VAR    BASINP    GEOM     GEOM    SYMINP    ZMAT    AOBASIS   BASIS     P2S    ABASIS    
                                         1100     1400     1410     1200     1210     1080     1600     1650     1300     1700   
                                           S        T        V       H0       H01     AOSYM     SMH    MOLCAS    ERIS     OPER   
                                         2100     1380   
                                          RHF     JKOP   

              2       8        0.70       700     1000      520     2100     7360     7350      701     5600   
                                         GEOM     BASIS   MCVARS     RHF    F12ABS    EF12     GEOM     GINFO   

 PROGRAMS   *        TOTAL   CCSD(T)   CCSD(T)    HF-SCF       INT
 CPU TIMES  *         2.58      0.81      0.37      0.15      0.28
 REAL TIME  *         5.07 SEC
 DISK USED  *        55.98 MB
 SF USED    *        21.39 MB
 **********************************************************************************************************************************

 Tasks on processor    0 finished.  CPU=      1.50 sec, Elapsed=      1.89 sec. Waiting for other processors...
 Tasks on  15 processors finished.  CPU=     28.53 sec, Elapsed=      2.13 sec

 Recomputing wavefunction at initial geometry


 Using spherical harmonics

 Library entry N      S cc-pVDZ-F12          selected for orbital group  1
 Library entry N      P cc-pVDZ-F12          selected for orbital group  1
 Library entry N      D cc-pVDZ-F12          selected for orbital group  1
 Library entry H      S cc-pVDZ-F12          selected for orbital group  2
 Library entry H      P cc-pVDZ-F12          selected for orbital group  2


 PROGRAM * SEWARD (Integral evaluation for generally contracted gaussian basis sets)     Author: Roland Lindh, 1990

 Geometry written to block  1 of record 701


 Point group  Cs  



 ATOMIC COORDINATES

 NR  ATOM    CHARGE       X              Y              Z

   1  N       7.00    0.000000000    0.000000000    0.217070661
   2  H       1.00    0.000000000    1.770600776   -0.506498208
   3  H       1.00   -1.533385252   -0.885300388   -0.506498208
   4  H       1.00    1.533385252   -0.885300388   -0.506498208

 Bond lengths in Bohr (Angstrom)

 1-2  1.912741231  1-3  1.912741231  1-4  1.912741231
     ( 1.012179070)     ( 1.012179070)     ( 1.012179070)

 Bond angles

  2-1-3  106.57954416   2-1-4  106.57954416   3-1-4  106.57954416

 NUCLEAR CHARGE:                   10
 NUMBER OF PRIMITIVE AOS:          74
 NUMBER OF SYMMETRY AOS:           72
 NUMBER OF CONTRACTIONS:           57   (   37A'  +   20A"  )
 NUMBER OF INNER CORE ORBITALS:     0   (    0A'  +    0A"  )
 NUMBER OF OUTER CORE ORBITALS:     1   (    1A'  +    0A"  )
 NUMBER OF VALENCE ORBITALS:        7   (    5A'  +    2A"  )


 NUCLEAR REPULSION ENERGY   11.95723508


 Eigenvalues of metric

         1 0.994E-03 0.357E-02 0.362E-02 0.517E-02 0.643E-02 0.103E-01 0.154E-01 0.175E-01
         2 0.357E-02 0.517E-02 0.154E-01 0.175E-01 0.524E-01 0.132E+00 0.176E+00 0.208E+00


 Contracted 2-electron integrals neglected if value below      1.0D-11
 AO integral compression algorithm  1   Integral accuracy      1.0D-11

     7.602 MB (compressed) written to integral file ( 74.9%)

     Node minimum: 0.262 MB, node maximum: 0.524 MB


 NUMBER OF SORTED TWO-ELECTRON INTEGRALS:      47316.     BUFFER LENGTH:  32768
 NUMBER OF SEGMENTS:   1  SEGMENT LENGTH:      47316      RECORD LENGTH: 524288

 Memory used in sort:       0.60 MW

 SORT1 READ     1052342. AND WROTE       42701. INTEGRALS IN      1 RECORDS. CPU TIME:     0.03 SEC, REAL TIME:     0.03 SEC
 SORT2 READ      649385. AND WROTE      712501. INTEGRALS IN     30 RECORDS. CPU TIME:     0.00 SEC, REAL TIME:     0.00 SEC

 Node minimum:       47167.  Node maximum:       47899. integrals

 OPERATOR DM      FOR CENTER  0  COORDINATES:    0.000000    0.000000    0.000000


 **********************************************************************************************************************************
 DATASETS  * FILE   NREC   LENGTH (MB)   RECORD NAMES
              1      18       28.70       500      610      701      900      950      970     1000      129      960     1100   
                                          VAR    BASINP    GEOM    SYMINP    ZMAT    AOBASIS   BASIS     P2S    ABASIS      S 
                                         1400     1410     1200     1210     1080     1600     1650     1700   
                                           T        V       H0       H01     AOSYM     SMH    MOLCAS    OPER   

              2       8        0.70       700     1000      520     2100     7360     7350      701     5600   
                                         GEOM     BASIS   MCVARS     RHF    F12ABS    EF12     GEOM     GINFO   

 PROGRAMS   *        TOTAL       INT   CCSD(T)    HF-SCF       INT
 CPU TIMES  *         3.11      2.13      0.37      0.15      0.28
 REAL TIME  *         5.70 SEC
 DISK USED  *        55.98 MB (local),      626.82 MB (total)
 SF USED    *        22.81 MB
 GA USED    *         3.05 MB       (max)       0.00 MB       (current)
 **********************************************************************************************************************************


 Program * Restricted Hartree-Fock

 Molecular orbitals read from record     2100.2  Type=RHF/CANONICAL (state 1.1)

 Initial occupancy:   4   1
 
 SO-SCI SOLVER WITH NELEC=10 SYM=1 MS2=0 THRE=1.0D-09 THRG=1.0D-06
 
 Authors: D.A. Kreplin, H.-J. Werner (2022)
 
 Number of closed-shell orbitals:                 4   (    3    1)
 Number of doubly occupied active orbitals:       1   (    1    0)
 Number of non-occupied active orbitals:          1   (    1    0)
 Number of virtual orbitals:                     51   (   32   19)
 
 ITER.  MIC  NCI          ENERGY    ENERGY CHANGE          GRAD      ORB GRAD        CI RES  NQN        STEP      TIME
    1    1    0     -56.21844427     -56.21844427    0.00000019    0.00000019    0.00000000    0    0.70E-07      0.02

 CONVERGENCE REACHED!  Final gradient:     0.00000006 ( 0.63E-07)
                       Final energy:     -56.21844427
 

 Final occupancy:   4   1

 !RHF STATE 1.1 Energy                -56.218444265645
  RHF One-electron energy             -99.608602412196
  RHF Two-electron energy              31.432923066546
  RHF Kinetic energy                   56.134000008719
  RHF Nuclear energy                   11.957235080004
  RHF Virial quotient                  -1.001504333504

 !RHF STATE 1.1 Dipole moment           0.00000000    -0.00000000    -0.65585363
 Dipole moment /Debye                   0.00000000    -0.00000000    -1.66701365

 Orbital energies:

           1.1          2.1          3.1          4.1          5.1          6.1
    -15.541755    -1.142775    -0.628773    -0.429302     0.081365     0.119097

           1.2          2.2          3.2
     -0.628773     0.119097     0.264069


 HOMO      4.1    -0.429302 =     -11.6819eV
 LUMO      5.1     0.081365 =       2.2141eV
 LUMO-HOMO         0.510667 =      13.8959eV

 Orbitals saved in record  2100.2


 **********************************************************************************************************************************
 DATASETS  * FILE   NREC   LENGTH (MB)   RECORD NAMES
              1      18       28.71       500      610      701      900      950      970     1000      129      960     1100   
                                          VAR    BASINP    GEOM    SYMINP    ZMAT    AOBASIS   BASIS     P2S    ABASIS      S 
                                         1400     1410     1200     1210     1080     1600     1650     1700   
                                           T        V       H0       H01     AOSYM     SMH    MOLCAS    OPER   

              2       8        0.70       700     1000      520     2100     7360     7350      701     5600   
                                         GEOM     BASIS   MCVARS     RHF    F12ABS    EF12     GEOM     GINFO   

 PROGRAMS   *        TOTAL    HF-SCF       INT   CCSD(T)    HF-SCF       INT
 CPU TIMES  *         3.13      0.02      2.13      0.37      0.15      0.28
 REAL TIME  *         5.73 SEC
 DISK USED  *        55.98 MB (local),      626.82 MB (total)
 SF USED    *        22.81 MB
 GA USED    *         3.05 MB       (max)       0.00 MB       (current)
 **********************************************************************************************************************************


 PROGRAM * CCSD (Closed-shell coupled cluster)     Authors: C. Hampel, H.-J. Werner, 1991, M. Deegan, P.J. Knowles, 1992

                                  CCSD-F12 implementation by  H.-J. Werner, 2007

                   Density fitting integral evaluation by F.R. Manby, 2003,2007, G. Knizia, 2010



 Generating basis VDZ-F12-JKFIT
  Atom=N        basis=aug-cc-pVDZ/JKFIT
  Atom=H        basis=aug-cc-pVDZ/JKFIT
 Number of basis functions:     182


 Generating basis CC-PVDZ-F12_OPT
  Atom=N        basis=cc-pVDZ-F12_OPT
  Atom=H        basis=cc-pVDZ-F12_OPT
 Number of basis functions:     132


 Generating basis CC-PVDZ-F12-MP2FIT
  Atom=N        basis=aug-cc-pVDZ/MP2FIT
  Atom=H        basis=aug-cc-pVDZ/MP2FIT
 Number of basis functions:     141


 Convergence thresholds:  THRVAR = 1.00D-12  THRDEN = 1.00D-08

 CCSD(T)     terms to be evaluated (factor= 1.000)


 Number of core orbitals:           1 (   1   0 )
 Number of closed-shell orbitals:   4 (   3   1 )
 Number of external orbitals:      52 (  33  19 )

 Molecular orbitals read from record     2100.2  Type=RHF/CANONICAL (state 1.1)

 MP2-F12 correlation treatment (H.-J. Werner, 2006)
 ==================================================

 Using MP2-F12 with ansatz 3C(FIX)

 Using projected zeroth-order Hamiltonian (+Z)

 FOCKRIB=T FOCKRIC=T FOCKRIP=T CABSP=T CABSA=T CABSK=T CABSF=T GBC=F EBC=F DMAT=T NOFIK=T NOPAO=1 SOLVE=-1  USEPAO=0
 EXCH_A= T EXCH_B= F EXCH_C= F EXCH_P= F

 Geminal basis:    OPTFULL  GEM_TYPE=SLATER  BETA=1.0  NGEM=6

 Optimizing Gaussian exponents for each gem_beta

 Geminal optimization for beta= 1.0000
 Weight function:   m=0, omega= 1.4646

 Augmented Hessian optimization of geminal fit. Trust ratio= 0.40000
 Convergence reached after   2 iterations. Final gradient= 9.03D-16, Step= 4.17D-06, Delta= 1.28D-09

 Alpha:                 0.19532     0.81920     2.85917     9.50073    35.69989   197.79328
 Coeff:                 0.27070     0.30552     0.18297     0.10986     0.06810     0.04224


 Symmetry turned off. Reference energy:        -56.218444265645

 All pairs explicitly correlated. Number of r12-pairs:           10

 Excluding core orbitals from MO domains

 AO(A)-basis ORBITAL           loaded. Number of functions:      57
 RI(R)-basis CC-PVDZ-F12/OPTRI loaded. Number of functions:     132
 DF-basis VDZ-F12/JKFIT        loaded. Number of functions:     182

 Screening thresholds:   THRAO=  1.00D-14  THRMO=  1.00D-14  THRPROD=  1.00D-14
                         THRSW=  1.00D-14  THROV=  1.00D-14  THRAOF12= 1.00D-08

 CPU time for Fock operators                      0.04 sec

 Construction of ABS:
 Smallest eigenvalue of S          2.00E-03  (threshold= 1.00E-08)
 Ratio eigmin/eigmax               3.72E-04  (threshold= 1.00E-09)
 Smallest eigenvalue of S kept     2.00E-03  (threshold= 2.00E-03, 0 functions deleted, 132 kept)

 Construction of CABS:
 Smallest eigenvalue of S          3.08E-05  (threshold= 1.00E-08)
 Ratio eigmin/eigmax               3.08E-05  (threshold= 1.00E-09)
 Smallest eigenvalue of S kept     3.08E-05  (threshold= 3.08E-05, 0 functions deleted, 132 kept)

 CPU time for CABS singles                        0.01 sec

 CABS-singles contribution of  -0.00265631 patched into reference energy.
 New reference energy         -56.22110058

 AO(A)-basis ORBITAL           loaded. Number of functions:      57
 RI(R)-basis CC-PVDZ-F12/OPTRI loaded. Number of functions:     132
 DF-basis CC-PVDZ-F12/MP2FIT   loaded. Number of functions:     141

 Screening thresholds:   THRAO=  1.00D-14  THRMO=  1.00D-14  THRPROD=  1.00D-14
                         THRSW=  1.00D-14  THROV=  1.00D-14  THRAOF12= 1.00D-08

 Including ix projectors in Wij.


 Memory required in f12_kf_ix1:                   0.54 MW

 CPU time for fitting coeffients                  0.01 sec
 CPU time for integrals and contraction (tot)     0.01 sec
 CPU time for transformation and storage          0.00 sec
 CPU time for 3-ext contributions (total)         0.02 sec

 Memory required in f12_kf_ix1:                   0.54 MW

 CPU time for fitting coeffients                  0.00 sec
 CPU time for integrals and contraction (tot)     0.01 sec
 CPU time for transformation and storage          0.00 sec
 CPU time for 3-ext contributions (total)         0.01 sec
 CPU time for 2-ext Coulomb integrals J_Xp        0.02 sec, Elapsed time=      0.02 sec
 CPU time for 2-ext Coulomb integrals J_Xp(AO)    0.02 sec, Elapsed time=      0.02 sec

 CPU time for Coulomb (total)                     0.04 sec
 CPU time for Gij terms                           0.01 sec
 CPU time for 3-index integral evaluation         0.06 sec
 CPU time for tilde quantities                    0.01 sec (    0.0 MFLOP/sec)
 CPU time for assembly                            0.01 sec ( 1899.7 MFLOP/sec)
 CPU time for tranop_f12                          0.01 sec ( 1480.4 MFLOP/sec)
 CPU time for f12 integrals (total)               0.19 sec, Elapsed time:      0.21 sec
 F12-matrices built in 10 passes.
 F12-matrices built in 10 passes.
 F12-matrices built in 10 passes.
 F12-matrices built in 10 passes.
 FC-matrix built in 10 passes.
 CPU time for f12 matrices (total)                0.00 sec, Elapsed time:      0.00 sec

 Diagonal F12 approximation with fixed coefficients:  TSING= 0.500,  TTRIP= 0.250 (scaled by -1/beta)

 DF-MP2-F12 energy corrections:
 ==============================
 Approx.                                    Singlet             Triplet             Total
 DF-MP2-F12/3*C(DX,FIX)                -0.037525275665     -0.006033313514     -0.043558589179
 DF-MP2-F12/3*C(FIX)                   -0.036221236203     -0.006421045570     -0.042642281773
 DF-MP2-F12/3C(FIX)                    -0.036874069948     -0.006842908062     -0.043716978010

 DF-MP2-F12 correlation energies:
 ================================
 Approx.                                    Singlet             Triplet             Ecorr            Total Energy
 DF-MP2                                -0.142927211823     -0.075149695351     -0.218076907173    -56.439177485098
 DF-MP2-F12/3*C(DX,FIX)                -0.180452487487     -0.081183008865     -0.261635496352    -56.482736074277
 DF-MP2-F12/3*C(FIX)                   -0.179148448025     -0.081570740921     -0.260719188946    -56.481819766871
 DF-MP2-F12/3C(FIX)                    -0.179801281771     -0.081992603413     -0.261793885183    -56.482894463108

 SCS-DF-MP2 energies (F_SING= 1.20000  F_TRIP= 0.62222  F_PARALLEL= 0.33333):
 ============================================================================
 SCS-DF-MP2                            -0.218272464628    -56.439373042553
 SCS-DF-MP2-F12/3*C(DX,FIX)            -0.267056857167    -56.488157435092
 SCS-DF-MP2-F12/3*C(FIX)               -0.265733265314    -56.486833843239
 SCS-DF-MP2-F12/3C(FIX)                -0.266779158026    -56.487879735951

 Symmetry restored.
 Symmetry transformation completed.

 Number of N-1 electron functions:               4
 Number of N-2 electron functions:              10
 Number of singly external CSFs:               118
 Number of doubly external CSFs:             11116
 Total number of CSFs:                       11235

 Pair and operator lists are different

 Length of J-op  integral file:               6.43 MB
 Length of K-op  integral file:               8.13 MB
 Length of 3-ext integral record:             0.00 MB

 Memory could be reduced to 0.55 Mwords without degradation in triples

 Integral transformation finished. Total CPU:   0.01 sec, npass=  1  Memory used:   0.23 MW

 Reference energy:                    -56.22110058

 Adding F12 terms to K(Cij), methodcc=6,  factor= 1.0

 ITER.      SQ.NORM     CORR.ENERGY   TOTAL ENERGY   ENERGY CHANGE        DEN1      VAR(S)    VAR(P)  DIIS     TIME  TIME/IT
   1      1.06591608    -0.22576244   -56.44686302    -0.00757334    -0.00264055  0.59D-03  0.86D-03  1  1     4.10     0.00
   2      1.06932051    -0.22601436   -56.44711494    -0.00025192    -0.00422584  0.15D-04  0.90D-04  2  2     4.10     0.00
   3      1.07058693    -0.22618942   -56.44729000    -0.00017506    -0.00093335  0.24D-05  0.57D-05  3  3     4.11     0.00
   4      1.07097045    -0.22623121   -56.44733178    -0.00004178    -0.00021997  0.40D-06  0.30D-06  4  4     4.11     0.00
   5      1.07103819    -0.22623290   -56.44733348    -0.00000170    -0.00002050  0.48D-07  0.21D-07  5  5     4.11     0.00
   6      1.07104957    -0.22623154   -56.44733212     0.00000136    -0.00000180  0.83D-08  0.17D-08  6  6     4.12     0.00
   7      1.07105428    -0.22623195   -56.44733253    -0.00000041    -0.00000085  0.91D-09  0.27D-09  6  1     4.12     0.00
   8      1.07105536    -0.22623197   -56.44733255    -0.00000002     0.00000005  0.14D-09  0.32D-10  6  2     4.13     0.00
   9      1.07105576    -0.22623197   -56.44733254     0.00000001    -0.00000002  0.17D-10  0.39D-11  6  3     4.13     0.00
  10      1.07105578    -0.22623196   -56.44733254     0.00000000     0.00000001  0.21D-11  0.52D-12  6  4     4.14     0.00
  11      1.07105578    -0.22623196   -56.44733254     0.00000000    -0.00000003  0.68D-13  0.49D-13  6  5     4.14     0.00

 Norm of t1 vector:      0.03027295      S-energy:     0.00000000      T1 diagnostic:  0.00756824
                                                                       D1 diagnostic:  0.01387106
                                                                       D2 diagnostic:  0.12777106 (internal)

 Adding energy correction from Wij-K(Fij), methodcc=6  factor= 1.0

  CCSD correlation energy              -0.226231964078
  MP2-F12 correction (uncoupled)       -0.041209641240
  (C+U)*T doubles correction           -0.002864555855
  U*T singles correction                0.000005557363
  f12b correction                       0.005534780227
  Total F12 correction                 -0.038539416869

 Total CPU time for triples:      0.00 sec

  Ecorr(MP2)                           -0.218189102871
  Ecorr(MP2-F12)                       -0.261906080881
  Scale factor for triples energy       1.200362792801


 RESULTS
 =======

  Reference energy                    -56.218444265645
  F12 singles correction               -0.002656312280

 F12 singles corrections added to reference energy

  New reference energy                -56.221100577925

  F12c singlet correction              -0.032264601677
  F12c triplet correction              -0.006274815191
  F12c total correction                -0.038539416869

  CCSD-F12c singlet pair energy        -0.190510734012
  CCSD-F12c triplet pair energy        -0.074260651770
  CCSD-F12c correlation energy         -0.264765823583

  Triples (T) contribution (scaled)    -0.008094889819
  Total correlation energy             -0.272860713402

  CCSD-F12c total energy              -56.485866401508
  CCSD[T]-F12c energy                 -56.494235377306
  CCSD-T-F12c energy                  -56.493854160256
 !CCSD(T)-F12c total energy           -56.493961291327

 Timing summary (sec):

 STEP                 CPU(USER)    SYS     CPU(TOT)    WALL
 Transformation          0.01      0.01      0.02      0.01
 CCSD iterations         3.89      0.02      3.91      0.21
 MP2-F12                 0.25      0.02      0.27      0.28
 F12b energy             0.01      0.00      0.01      0.00

 Program statistics:

 Available memory in ccsd:               455999882
 Min. memory needed in ccsd:                 56460
 Max. memory used in ccsd:                   63703
 Max. memory used in cckext:                105063 (12 integral passes)



 **********************************************************************************************************************************
 DATASETS  * FILE   NREC   LENGTH (MB)   RECORD NAMES
              1      19       30.03       500      610      701      900      950      970     1000      129      960     1100   
                                          VAR    BASINP    GEOM    SYMINP    ZMAT    AOBASIS   BASIS     P2S    ABASIS      S 
                                         1400     1410     1200     1210     1080     1600     1650     1700     1380   
                                           T        V       H0       H01     AOSYM     SMH    MOLCAS    OPER     JKOP   

              2       8        0.70       700     1000      520     2100     7360     7350      701     5600   
                                         GEOM     BASIS   MCVARS     RHF    F12ABS    EF12     GEOM     GINFO   

 PROGRAMS   *        TOTAL   CCSD(T)    HF-SCF       INT   CCSD(T)    HF-SCF       INT
 CPU TIMES  *         3.51      0.38      0.02      2.13      0.37      0.15      0.28
 REAL TIME  *         6.30 SEC
 DISK USED  *        55.98 MB (local),      626.82 MB (total)
 SF USED    *        23.02 MB
 GA USED    *         3.05 MB       (max)       0.00 MB       (current)
 **********************************************************************************************************************************
