 **********************************************************************
                          MRCC program system
 **********************************************************************
 
                              Written by
     Mihaly Kallay, Peter R. Nagy, David Mester, Laszlo Gyevi-Nagy,
        Jozsef Csoka, P. Bernat Szabo, Zoltan Rolik, Gyula Samu,
      Bence Hegely, Bence Ladoczki, Klara Petrov, Jozsef Csontos,
     Adam Ganyecz, Istvan Ladjanszki, Lorant Szegedy, Mate Farkas,
          Pal D. Mezei, Reka A. Horvath, and Balazs D. Lorincz
 
        Department of Physical Chemistry and Materials Science
            Budapest University of Technology and Economics
                  Budapest P.O.Box 91, H-1521 Hungary
 
                              www.mrcc.hu
 
                            Version: 25.1.2

 ************************ 2025-12-28 15:48:38 *************************
 Executing minp...

 Reading input from MINP...
 
 Input file:
 
mem=114688MB
basis=cc-pVDZ
calc=MP2
dfbasis_cor=auto
dens=2          # Analytical gradient




unit=bohr
geom=xyz
3
Title AutoGenerated by MRCC_Ext Script
O       0.0000000000    -0.0000000000     0.2225908402
H       0.0000000000     1.4304281900    -0.8903633609
H      -0.0000000000    -1.4304281900    -0.8903633609


charge=0
mult=1
 
 
 Checking keyword combinations...
 
 Keywords:
 
 active=none
 agrid=ld0006-ld0590
 agrid_pssp=ld0006-ld0194
 agrid_pssp_sm=ld0006-ld0074
 basis=cc-pvdz
 basis_sm=none
 basopt=off
 bfbasis=none
 bfgsmem=10
 bfgstol=1.0d-3
 boysalg=jacobi
 bpcompo=0.985
 bpcompv=0.98
 bpdfo=0.985
 bpocc=0.985
 bppdo=0.985
 bppdv=0.98
 bpedo=0.985
 bpedv=0.98
 bp_subsyso=0.95
 bp_subsysv=0.95
 cabscorr=off
 cabsdual=off
 calc=mp2
 ccmaxit=50
 ccprog=mrcc
 ccsdalg=disk
 ccsdmkl=seq
 ccsdrest=off
 ccsdthreads=2
 cctol=8
 charge=0
 cialg=disk
 ciguess=off
 cmpgrp=auto
 comprest=off
 coord_sys=ric
 core=frozen
 corembed=off
 csapprox=off
 cvs=off
 dboc=off
 deltaf12=off
 delocsomofact=
 dendec=cholesky
 dens=2
 denscorr=0
 dfalg=invsqrt
 dfbasis_cab=none
 dfbasis_cor=auto
 dfbasis_scf=auto
 dfbasis_scf_sm=auto
 dfintran=drpa
 dft=off
 dhexc=adc(2)
 diag=david
 docc=
 domrad=10.d0
 drpaalg=fit
 dual=off
 dual_df=off
 dyson=off
 ecp=auto
 edisp=off
 edisp_embed=off
 embed=off
 epairestfact=off
 epairscale=1.d0
 etemp=300
 epert=none
 eps=
 espcharge=off
 excrad=0.d0
 excrad_f12=0.d0
 excrad_fin=0.000000000D+00
 fastdbbsc=v2
 fitting=coulomb
 fmm=off
 fmmord=8
 fnonorb=
 freq=off
 gamma=1.d0
 gauss=spher
 geom=xyz
 gopt=off
 ghost=none
 gtol=7
 grdens=off
 grid=auto
 grid_sm=auto
 gridbatch_cos=2000
 grtol=10
 guido_ct=off
 hamilton=dc
 iface=none
 incore=off
 intalg=auto
 ip_ea=off
 itol=12
 laptol=1.d-2
 lccoporder=trffirst
 lcorthr=normal
 lccrest=off
 ldfgrad_tol=8
 lmp2dens=on
 lnoepso=0.d0
 lnoepsv=1e-6
 localcc=off
 localcorrsymm=off
 locintrf=disk
 mact=
 maxact=off
 maxdim=200
 maxex=0
 maxmicroit=100
 mcscfiguess=hf
 mem=114688mb
 mmprog=
 molden=on
 mp2ongrid=off
 mpitasks=1
 mulmet=0
 mult=1
 nab=off
 nacto=0
 nactv=0
 naf_amp=3.16d-3
 naf_cor=off
 naf_f12=off
 naf_scf=off
 nafalg=albe
 nafdens=off
 naftyp=
 nchol=auto
 ndeps=1e-3
 nstate=1
 nsing=0
 nto=off
 ntrip=0
 num_grad=off
 occ=
 occri=off
 oniom=off
 oniom_eechg=off
 oniom_pcm=off
 oniom_qcorr=off
 optalg=
 optmaxit=50
 optetol=1e-6
 optex=0
 optgtol=1e-4
 optstol=1e-3
 orblocc=off
 orbloce=off
 orbloco=off
 orblocv=off
 orblocguess=cholesky
 osveps=1e-3
 ovirt=off
 ovltol=1e-7
 ovosnorb=80.0
 pao_subsys_tol=1e-3
 pao_tol=1e-3
 pcm=off
 popul=mulli
 pressure=100000
 pssp=off
 ptfreq=0.0
 ptthreads=2
 qmreg=
 qmmm=off
 qro=off
 qscf=off
 redcost_exc=off
 redcost_tddft=off
 refdet=none
 rest=0
 rgrid=log3
 rism=off
 rohfcore=semicanonical
 rohftype=semicanonical
 scfalg=disk
 scf_conv=auto
 scfdamp=0.0d0
 scfdamp_mode=off
 scfdamp_end=50
 scfdamp_dampstep=0.d0
 scfdamp_dtol=0.0d0
 scfdamp_maxfact=0.0d0
 scfdamp_minfact=0.0d0
 scfdiis=on
 scfdiis_dtol=0.0d0
 scfdiis_end=50
 scfdiis_start=2
 scfdiis_step=1
 scfdiis_watch=off
 scfdiis_wrange=10
 scfdiis_wlimit=5
 scfdiis_delmax=2
 scfdtol=9
 scfext=10
 scfguessdens=
 scfiguess=sad
 scfloc=off
 scflshift=0.20
 scflshift_end=8
 scflshift_dtol=0.0
 scflshift_gaptol=0.20
 scfmaxit=50
 scftype=
 scftol=8
 scspe=1.d0
 scsph=1.d0
 scsps=1.2d0
 scsps_t=1.2d0
 scspt=0.33333333333333
 scspt_t=0.33333333333333
 scspv=1.d0
 spairtol=1e-4
 sqmprog=
 subminp=top
 subsys_bopu=on
 symm=
 talg=occ
 temp=298.15
 test=off
 theodore=off
 tlmo=0.999
 tpao=0.94
 tprint=off
 uncontract=off
 unit=bohr
 usedisk=2
 verbosity=2
 wpairtol=0.100000000E-05

 ************************ 2025-12-28 15:48:45 *************************
 Executing integ...

 Allocation of 112.0 Gbytes of memory...
 
 
 Number of atoms:                  3
 Charge:                           0
 Number of electrons:             10
 Number of core electrons:         2
 Spin multiplicity:                1
 
                 Cartesian coordinates [bohr]      Atomic mass [AMU]  Z
   1  O     0.00000000    0.00000000    0.22259084    15.994915       8
   2  H     0.00000000    1.43042819   -0.89036336     1.007825       1
   3  H     0.00000000   -1.43042819   -0.89036336     1.007825       1
 
 This molecule is an asymmetric top.
 This molecule is planar.
 
 Rotational constants [cm-1]: 
     27.150004817479     14.596440901997      9.492866613609
 
 Point group: C2v 
 Computational point group: C2v 
 
 Cartesian coordinates in standard orientation [bohr]
   1  O     0.00000000    0.00000000    0.12455613
   2  H     0.00000000    1.43042819   -0.98839807
   3  H     0.00000000   -1.43042819   -0.98839807
 
 Nuclear repulsion energy [au]:          9.177621509467
 
 
 Basis set information:
 
 Maximum angular momentum: f
 Maximum number of contracted Gaussians:   10
 Maximum number of primitive Gaussians:    10
 Spherical harmonic GTOs are used.
 
 
 Conventional basis set:
 
   1  O  cc-pvdz [ 9s 4p 1d | 3s 2p 1d ]
   2  H  cc-pvdz [ 4s 1p | 2s 1p ]
   3  H  cc-pvdz [ 4s 1p | 2s 1p ]
 
 Total number of basis functions:     24
 
 
 Fitting basis set for the SCF calculation:
 
   1  O  cc-pvdz-ri-jk [ 10s 7p 5d 2f | 10s 7p 5d 2f ]
   2  H  cc-pvdz-ri-jk [ 4s 3p 2d | 4s 3p 2d ]
   3  H  cc-pvdz-ri-jk [ 4s 3p 2d | 4s 3p 2d ]
 
 Total number of basis functions:    116
 
 
 Fitting basis set for the correlation calculation:
 
   1  O  cc-pvdz-ri [ 7s 5p 4d 2f | 7s 5p 4d 2f ]
   2  H  cc-pvdz-ri [ 3s 2p 1d | 3s 2p 1d ]
   3  H  cc-pvdz-ri [ 3s 2p 1d | 3s 2p 1d ]
 
 Total number of basis functions:     84
 
 
 Initializing the SAD routines for the initial guess...
 Checking the files required for the initial guess...
 Density files have not been found for the initial guess.
 Generating SCFDENSITIES.O.cc-pvdz.0
 Generating SCFDENSITIES.H.cc-pvdz.0
 CPU time [min]:     0.034                   Wall time [min]:     0.487
 
 Character table for point group C2v:
 
          E  C2  Qh  Qv  
    A1    1   1   1   1
    B1    1  -1   1  -1
    B2    1  -1  -1   1
    A2    1   1  -1  -1
 
 Number of basis functions per irrep:
    A1     11
    B1      7
    B2      4
    A2      2
 
 
 Calculation of overlap integrals...
 CPU time [min]:     0.036                   Wall time [min]:     0.488
 
 Calculation of the square root of the overlap matrix...
 Minimum eigenvalue of the overlap matrix: 0.176204E-01
 CPU time [min]:     0.044                   Wall time [min]:     0.489
 
 Calculation of kinetic energy integrals...
 CPU time [min]:     0.044                   Wall time [min]:     0.489
 Calculation of dipole moment integrals...
 CPU time [min]:     0.057                   Wall time [min]:     0.491
 Calculation of second moment integrals...
 CPU time [min]:     0.069                   Wall time [min]:     0.492
 Calculation of third moment integrals...
 CPU time [min]:     0.073                   Wall time [min]:     0.493
 Calculation of nuclear attraction integrals...
 CPU time [min]:     0.074                   Wall time [min]:     0.493
 
 Calculation of prescreening integrals...
 CPU time [min]:     0.074                   Wall time [min]:     0.493
 
 Calculation of two-center Coulomb integrals...
   1% done.
  24% done.
  37% done.
  51% done.
  64% done.
  84% done.
 100% done.
 CPU time [min]:     0.079                   Wall time [min]:     0.493
 
 Cholesky decomposition of the two-center matrix...
 Calculation of three-center Coulomb integrals...
   2% done.
  15% done.
  35% done.
  63% done.
  77% done.
 100% done.
 CPU time [min]:     0.086                   Wall time [min]:     0.494

 ************************ 2025-12-28 15:49:18 *************************
 Executing scf...

 Allocation of 112.0 Gbytes of memory...
 ======================================================================
 ITERATION STEP   1
 CPU time [min]:     0.007                   Wall time [min]:     0.009
 
 Constructing Fock-matrix...
 Number of integral batches:    1
 Occupied indices per batch:    5
 CPU time [min]:     0.011                   Wall time [min]:     0.010
 
 RMS of [F,P]:                                         0.17060352746567
 RMS of difference density:                            0.14438455305154
 Gap [au]:  0.72426524
 ALPHA OCC:   3   1   1   0
 BETA  OCC:   3   1   1   0
 
 ***HARTREE-FOCK ENERGY IN STEP   1 IS        -75.7376723214853342 [AU]
 ======================================================================
 ITERATION STEP   2
 CPU time [min]:     0.012                   Wall time [min]:     0.010
 
 Constructing Fock-matrix...
 Number of integral batches:    1
 Occupied indices per batch:    5
 CPU time [min]:     0.017                   Wall time [min]:     0.010
 
 RMS of [F,P]:                                         0.02252436765923
 RMS of difference density:                            0.02955949831771
 Gap [au]:  0.65512674
 ALPHA OCC:   3   1   1   0
 BETA  OCC:   3   1   1   0
 
 ***HARTREE-FOCK ENERGY IN STEP   2 IS        -76.0153687873241921 [AU]
 ======================================================================
 ITERATION STEP   3
 CPU time [min]:     0.018                   Wall time [min]:     0.011
 
 Constructing Fock-matrix...
 Number of integral batches:    1
 Occupied indices per batch:    5
 CPU time [min]:     0.022                   Wall time [min]:     0.011
 
 RMS of [F,P]:                                         0.00920865620320
 RMS of difference density:                            0.01081110299967
 Gap [au]:  0.68620501
 ALPHA OCC:   3   1   1   0
 BETA  OCC:   3   1   1   0
 
 ***HARTREE-FOCK ENERGY IN STEP   3 IS        -76.0249680511070807 [AU]
 ======================================================================
 ITERATION STEP   4
 CPU time [min]:     0.023                   Wall time [min]:     0.011
 
 Constructing Fock-matrix...
 Number of integral batches:    1
 Occupied indices per batch:    5
 CPU time [min]:     0.028                   Wall time [min]:     0.012
 
 RMS of [F,P]:                                         0.00228282535911
 RMS of difference density:                            0.00348179330755
 Gap [au]:  0.67763226
 ALPHA OCC:   3   1   1   0
 BETA  OCC:   3   1   1   0
 
 ***HARTREE-FOCK ENERGY IN STEP   4 IS        -76.0265308329723979 [AU]
 ======================================================================
 ITERATION STEP   5
 CPU time [min]:     0.029                   Wall time [min]:     0.012
 
 Constructing Fock-matrix...
 Number of integral batches:    1
 Occupied indices per batch:    5
 CPU time [min]:     0.033                   Wall time [min]:     0.012
 
 RMS of [F,P]:                                         0.00038376182091
 RMS of difference density:                            0.00054212452320
 Gap [au]:  0.67819468
 ALPHA OCC:   3   1   1   0
 BETA  OCC:   3   1   1   0
 
 ***HARTREE-FOCK ENERGY IN STEP   5 IS        -76.0266832616767232 [AU]
 ======================================================================
 ITERATION STEP   6
 CPU time [min]:     0.034                   Wall time [min]:     0.012
 
 Constructing Fock-matrix...
 Number of integral batches:    1
 Occupied indices per batch:    5
 CPU time [min]:     0.037                   Wall time [min]:     0.012
 
 RMS of [F,P]:                                         0.00003326101105
 RMS of difference density:                            0.00004542002276
 Gap [au]:  0.67828933
 ALPHA OCC:   3   1   1   0
 BETA  OCC:   3   1   1   0
 
 ***HARTREE-FOCK ENERGY IN STEP   6 IS        -76.0266869401165195 [AU]
 ======================================================================
 ITERATION STEP   7
 CPU time [min]:     0.039                   Wall time [min]:     0.013
 
 Constructing Fock-matrix...
 Number of integral batches:    1
 Occupied indices per batch:    5
 CPU time [min]:     0.042                   Wall time [min]:     0.013
 
 RMS of [F,P]:                                         0.00000607586389
 RMS of difference density:                            0.00001310485537
 Gap [au]:  0.67831616
 ALPHA OCC:   3   1   1   0
 BETA  OCC:   3   1   1   0
 
 ***HARTREE-FOCK ENERGY IN STEP   7 IS        -76.0266869758960411 [AU]
 ======================================================================
 ITERATION STEP   8
 CPU time [min]:     0.044                   Wall time [min]:     0.013
 
 Constructing Fock-matrix...
 Number of integral batches:    1
 Occupied indices per batch:    5
 CPU time [min]:     0.047                   Wall time [min]:     0.013
 
 RMS of [F,P]:                                         0.00000109260181
 RMS of difference density:                            0.00000252566593
 Gap [au]:  0.67832083
 ALPHA OCC:   3   1   1   0
 BETA  OCC:   3   1   1   0
 
 ***HARTREE-FOCK ENERGY IN STEP   8 IS        -76.0266869783681329 [AU]
 ======================================================================
 ITERATION STEP   9
 CPU time [min]:     0.049                   Wall time [min]:     0.013
 
 Constructing Fock-matrix...
 Number of integral batches:    1
 Occupied indices per batch:    5
 CPU time [min]:     0.052                   Wall time [min]:     0.014
 
 RMS of [F,P]:                                         0.00000014999287
 RMS of difference density:                            0.00000033405387
 Gap [au]:  0.67832089
 ALPHA OCC:   3   1   1   0
 BETA  OCC:   3   1   1   0
 
 ***HARTREE-FOCK ENERGY IN STEP   9 IS        -76.0266869784476285 [AU]
 ======================================================================
 ITERATION STEP  10
 CPU time [min]:     0.054                   Wall time [min]:     0.014
 
 Constructing Fock-matrix...
 Number of integral batches:    1
 Occupied indices per batch:    5
 CPU time [min]:     0.057                   Wall time [min]:     0.014
 
 RMS of [F,P]:                                         0.00000003274493
 RMS of difference density:                            0.00000007538747
 Gap [au]:  0.67832091
 ALPHA OCC:   3   1   1   0
 BETA  OCC:   3   1   1   0
 
 ***HARTREE-FOCK ENERGY IN STEP  10 IS        -76.0266869784492627 [AU]
 ======================================================================
 ITERATION STEP  11
 CPU time [min]:     0.058                   Wall time [min]:     0.014
 
 Constructing Fock-matrix...
 Number of integral batches:    1
 Occupied indices per batch:    5
 CPU time [min]:     0.062                   Wall time [min]:     0.015
 
 RMS of [F,P]:                                         0.00000000319898
 RMS of difference density:                            0.00000000693047
 Gap [au]:  0.67832091
 ALPHA OCC:   3   1   1   0
 BETA  OCC:   3   1   1   0
 
 ***HARTREE-FOCK ENERGY IN STEP  11 IS        -76.0266869784493338 [AU]
 ======================================================================
 ITERATION STEP  12
 CPU time [min]:     0.063                   Wall time [min]:     0.015
 
 Constructing Fock-matrix...
 Number of integral batches:    1
 Occupied indices per batch:    5
 CPU time [min]:     0.067                   Wall time [min]:     0.015
 
 RMS of [F,P]:                                         0.00000000036452
 RMS of difference density:                            0.00000000068469
 Gap [au]:  0.67832091
 ALPHA OCC:   3   1   1   0
 BETA  OCC:   3   1   1   0
 
 ***HARTREE-FOCK ENERGY IN STEP  12 IS        -76.0266869784493906 [AU]
 ======================================================================
 
 SUCCESS...
 THE SCF ITERATION HAS CONVERGED!
 
                   A1  B1  B2  A2  
 FINAL ALPHA OCC:   3   1   1   0
 FINAL BETA  OCC:   3   1   1   0
 
 ***FINAL HARTREE-FOCK ENERGY:        -76.0266869784493906 [AU]
 
 RETURNING FROM SCF ALGORITHM
 ======================================================================

 ************************ 2025-12-28 15:49:24 *************************
 Executing integ...

 Allocation of 112.0 Gbytes of memory...
 
 
 Basis set information:
 
 Maximum angular momentum: f
 Maximum number of contracted Gaussians:   10
 Maximum number of primitive Gaussians:    10
 Spherical harmonic GTOs are used.
 
 
 Conventional basis set:
 
   1  O  cc-pvdz [ 9s 4p 1d | 3s 2p 1d ]
   2  H  cc-pvdz [ 4s 1p | 2s 1p ]
   3  H  cc-pvdz [ 4s 1p | 2s 1p ]
 
 Total number of basis functions:     24
 
 
 Fitting basis set for the SCF calculation:
 
   1  O  cc-pvdz-ri-jk [ 10s 7p 5d 2f | 10s 7p 5d 2f ]
   2  H  cc-pvdz-ri-jk [ 4s 3p 2d | 4s 3p 2d ]
   3  H  cc-pvdz-ri-jk [ 4s 3p 2d | 4s 3p 2d ]
 
 Total number of basis functions:    116
 
 
 Fitting basis set for the correlation calculation:
 
   1  O  cc-pvdz-ri [ 7s 5p 4d 2f | 7s 5p 4d 2f ]
   2  H  cc-pvdz-ri [ 3s 2p 1d | 3s 2p 1d ]
   3  H  cc-pvdz-ri [ 3s 2p 1d | 3s 2p 1d ]
 
 Total number of basis functions:     84
 
 
 Calculation of prescreening integrals...
 CPU time [min]:     0.009                   Wall time [min]:     0.017
 
 Calculation of two-center Coulomb integrals...
   1% done.
  25% done.
  45% done.
  60% done.
  76% done.
  89% done.
 100% done.
 CPU time [min]:     0.011                   Wall time [min]:     0.017
 
 Cholesky decomposition of the two-center matrix...
 Reciprocal of the condition number:  0.633896E-03
 CPU time [min]:     0.020                   Wall time [min]:     0.018
 
 Calculation of three-center Coulomb integrals...
   2% done.
  15% done.
  35% done.
  63% done.
  77% done.
 100% done.
 CPU time [min]:     0.024                   Wall time [min]:     0.018

 ************************ 2025-12-28 15:49:30 *************************
 Executing drpa...

 Three-index integral transformation and DF-MP2 calculation
 Allocation of 112.0 Gbytes of memory...
 
 Minimal memory requirement for (ai|P) integrals:     0.4 MB

 Calculating (ai|P) integrals...
 Number of integral batches:    1
 Occupied indices per batch:    4
 
 Transforming integrals of batch 1...
 CPU time [min]:     0.015                   Wall time [min]:     0.009
 
 
 
 Reference energy [au]:                       -76.026686978449
 DF-MP2 singlet pair energy [au]:              -0.150965269480
 DF-MP2 triplet pair energy [au]:              -0.050788734350
 DF-SCS-MP2 correlation energy [au]:           -0.198087901493
 DF-SCS-MP2 energy [au]:                      -76.224774879942
 DF-SOS-MP2 correlation energy [au]:           -0.196254850324
 DF-SOS-MP2 energy [au]:                      -76.222941828774
 DF-MP2 correlation energy [au]:               -0.201754003830
 DF-MP2 energy [au]:                          -76.228440982280

 ************************ 2025-12-28 15:49:34 *************************
 Executing prop...

 Allocation of 112.0 Gbytes of memory...
 Iteration     Residual
    0         1.255E-02
    1         8.971E-04
    2         2.824E-04
    3         9.134E-05
    4         1.801E-05
    5         4.409E-06
    6         7.092E-07
    7         9.668E-08
    8         1.472E-08
    9         1.848E-09
 
 
 Performing population analysis...
 
              Atomic charges
            Mulliken     Lowdin
   1  O    -0.307272   -0.481725
   2  H     0.153636    0.240862
   3  H     0.153636    0.240862
 
 Mayer bond orders:
    1  1O-2H           1.0200
    2  1O-3H           1.0200
 
 
 Calculation of SCF first-order properties...
 
 Kinetic energy [au]:         75.98204583
 Nuclear attraction [au]:   -199.10144515
 Electron repulsion [au]:     37.91509083
 Nuclear repulsion [au]:       9.17762151
 Virial theorem (-V/T):        2.00058752
 
 Dipole moment [au]:           0.81155243
   x=      0.00000000  y=      0.00000000  z=     -0.81155243
 
 Dipole moment [Debye]:        2.06276023
   x=      0.00000000  y=      0.00000000  z=     -2.06276023
 
 Quadrupole moment [au]: 
     -1.59093505      0.00000000      0.00000000
      0.00000000      1.65139454      0.00000000
      0.00000000      0.00000000     -0.06045948
 
 Quadrupole moment [Debye*Ang]: 
     -2.13986191      0.00000000      0.00000000
      0.00000000      2.22118198      0.00000000
      0.00000000      0.00000000     -0.08132006
 
 Octapole moment       [au]       [Debye*Ang^2]: 
        xxx=        0.00000000      0.00000000
        xxy=        0.00000000      0.00000000
        xxz=        1.16349655      0.82813193
        xyy=        0.00000000      0.00000000
        xyz=        0.00000000      0.00000000
        xzz=        0.00000000      0.00000000
        yyy=       -0.00000000     -0.00000000
        yyz=       -2.87479824     -2.04617042
        yzz=        0.00000000      0.00000000
        zzz=        1.71130170      1.21803849
 
 
 Calculation of MP2 first-order properties...
 
 Kinetic energy [au]:         76.15480786
 Nuclear attraction [au]:   -199.08531067
 Electron repulsion [au]:     37.52444031
 Nuclear repulsion [au]:       9.17762151
 Virial theorem (-V/T):        2.00096689
 
 Dipole moment [au]:           0.77427851
   x=      0.00000000  y=     -0.00000000  z=     -0.77427851
 
 Dipole moment [Debye]:        1.96801937
   x=      0.00000000  y=     -0.00000000  z=     -1.96801937
 
 Quadrupole moment [au]: 
     -1.53503455      0.00000000      0.00000000
      0.00000000      1.59586468     -0.00000000
      0.00000000     -0.00000000     -0.06083013
 
 Quadrupole moment [Debye*Ang]: 
     -2.06467383      0.00000000      0.00000000
      0.00000000      2.14649243     -0.00000000
      0.00000000     -0.00000000     -0.08181861
 
 Octapole moment       [au]       [Debye*Ang^2]: 
        xxx=        0.00000000      0.00000000
        xxy=       -0.00000000     -0.00000000
        xxz=        1.06122799      0.75534112
        xyy=        0.00000000      0.00000000
        xyz=        0.00000000      0.00000000
        xzz=        0.00000000      0.00000000
        yyy=        0.00000000      0.00000000
        yyz=       -2.64249068     -1.88082286
        yzz=       -0.00000000     -0.00000000
        zzz=        1.58126269      1.12548174
 Calculation of one-electron integral gradients...
 CPU time [min]:     0.076                   Wall time [min]:     0.014
 
 First step of exchange...
 Exchange contribution is evaluated for MOs 1 to 4.
   2% done.
  15% done.
  35% done.
  63% done.
  77% done.
 100% done.
 CPU time [min]:     0.101                   Wall time [min]:     0.016
 
 Calculation of two-electron integral derivatives...
 CPU time [min]:     0.106                   Wall time [min]:     0.017
 
 
 First step of Coulomb + first step of exchange...
 Exchange contribution is evaluated for MOs 1 to 5.
   2% done.
  15% done.
  35% done.
  63% done.
  77% done.
 100% done.
 CPU time [min]:     0.115                   Wall time [min]:     0.018
 
 Fitting and transformation of exchange...
 CPU time [min]:     0.115                   Wall time [min]:     0.018
 
 Calculation of two-electron integral derivatives...
   2% done.
  15% done.
  35% done.
  63% done.
  77% done.
 100% done.
 
 Screening ratio for two-electron integral derivatives:
 0.00% of dERIs screened out (0 / 187662)
 
 CPU time [min]:     0.117                   Wall time [min]:     0.018
 
 
 First step of Coulomb + first step of exchange...
 Exchange contribution is evaluated for MOs 1 to 2.
   2% done.
  15% done.
  35% done.
  63% done.
  77% done.
 100% done.
 CPU time [min]:     0.123                   Wall time [min]:     0.018
 
 Fitting and transformation of exchange...
 CPU time [min]:     0.123                   Wall time [min]:     0.018
 
 Calculation of two-electron integral derivatives...
   2% done.
  15% done.
  35% done.
  63% done.
  77% done.
 100% done.
 
 Screening ratio for two-electron integral derivatives:
 0.00% of dERIs screened out (0 / 187662)
 
 CPU time [min]:     0.124                   Wall time [min]:     0.018
 
 
   Center                   Electric field [au]
                   x                y                z
    1  O      0.0000000000     0.0000000000     0.1031670066
    2  H      0.0000000000     0.0224997289    -0.0160889431
    3  H      0.0000000000    -0.0224997289    -0.0160889431
 
 Cartesian gradient [au]:
    1  O     -0.0000000000    -0.0000000000    -0.0110146921
    2  H      0.0000000000    -0.0016236860     0.0055073460
    3  H      0.0000000000     0.0016236860     0.0055073460
 
 Cartesian gradient in original orientation [au]:
    1  O     -0.0000000000    -0.0000000000    -0.0110146921
    2  H      0.0000000000    -0.0016236860     0.0055073460
    3  H      0.0000000000     0.0016236860     0.0055073460
 
 ************************ 2025-12-28 15:49:39 *************************
                      Normal termination of mrcc.
 **********************************************************************
