 **********************************************************************
                          MRCC program system
 **********************************************************************
 
                              Written by
     Mihaly Kallay, Peter R. Nagy, David Mester, Laszlo Gyevi-Nagy,
        Jozsef Csoka, P. Bernat Szabo, Zoltan Rolik, Gyula Samu,
      Bence Hegely, Bence Ladoczki, Klara Petrov, Jozsef Csontos,
     Adam Ganyecz, Istvan Ladjanszki, Lorant Szegedy, Mate Farkas,
          Pal D. Mezei, Reka A. Horvath, and Balazs D. Lorincz
 
        Department of Physical Chemistry and Materials Science
            Budapest University of Technology and Economics
                  Budapest P.O.Box 91, H-1521 Hungary
 
                              www.mrcc.hu
 
                            Version: 25.1.2

 ************************ 2025-12-28 15:49:41 *************************
 Executing minp...

 Reading input from MINP...
 
 Input file:
 
mem=114688MB
basis=cc-pVTZ
calc=MP2
dfbasis_cor=auto
dens=2          # Analytical gradient




unit=bohr
geom=xyz
3
Title AutoGenerated by MRCC_Ext Script
O       0.0000000000    -0.0000000000     0.2225908402
H       0.0000000000     1.4304281900    -0.8903633609
H      -0.0000000000    -1.4304281900    -0.8903633609


charge=0
mult=1
 
 
 Checking keyword combinations...
 
 Keywords:
 
 active=none
 agrid=ld0006-ld0590
 agrid_pssp=ld0006-ld0194
 agrid_pssp_sm=ld0006-ld0074
 basis=cc-pvtz
 basis_sm=none
 basopt=off
 bfbasis=none
 bfgsmem=10
 bfgstol=1.0d-3
 boysalg=jacobi
 bpcompo=0.985
 bpcompv=0.98
 bpdfo=0.985
 bpocc=0.985
 bppdo=0.985
 bppdv=0.98
 bpedo=0.985
 bpedv=0.98
 bp_subsyso=0.95
 bp_subsysv=0.95
 cabscorr=off
 cabsdual=off
 calc=mp2
 ccmaxit=50
 ccprog=mrcc
 ccsdalg=disk
 ccsdmkl=seq
 ccsdrest=off
 ccsdthreads=2
 cctol=8
 charge=0
 cialg=disk
 ciguess=off
 cmpgrp=auto
 comprest=off
 coord_sys=ric
 core=frozen
 corembed=off
 csapprox=off
 cvs=off
 dboc=off
 deltaf12=off
 delocsomofact=
 dendec=cholesky
 dens=2
 denscorr=0
 dfalg=invsqrt
 dfbasis_cab=none
 dfbasis_cor=auto
 dfbasis_scf=auto
 dfbasis_scf_sm=auto
 dfintran=drpa
 dft=off
 dhexc=adc(2)
 diag=david
 docc=
 domrad=10.d0
 drpaalg=fit
 dual=off
 dual_df=off
 dyson=off
 ecp=auto
 edisp=off
 edisp_embed=off
 embed=off
 epairestfact=off
 epairscale=1.d0
 etemp=300
 epert=none
 eps=
 espcharge=off
 excrad=0.d0
 excrad_f12=0.d0
 excrad_fin=0.000000000D+00
 fastdbbsc=v2
 fitting=coulomb
 fmm=off
 fmmord=8
 fnonorb=
 freq=off
 gamma=1.d0
 gauss=spher
 geom=xyz
 gopt=off
 ghost=none
 gtol=7
 grdens=off
 grid=auto
 grid_sm=auto
 gridbatch_cos=2000
 grtol=10
 guido_ct=off
 hamilton=dc
 iface=none
 incore=off
 intalg=auto
 ip_ea=off
 itol=12
 laptol=1.d-2
 lccoporder=trffirst
 lcorthr=normal
 lccrest=off
 ldfgrad_tol=8
 lmp2dens=on
 lnoepso=0.d0
 lnoepsv=1e-6
 localcc=off
 localcorrsymm=off
 locintrf=disk
 mact=
 maxact=off
 maxdim=200
 maxex=0
 maxmicroit=100
 mcscfiguess=hf
 mem=114688mb
 mmprog=
 molden=on
 mp2ongrid=off
 mpitasks=1
 mulmet=0
 mult=1
 nab=off
 nacto=0
 nactv=0
 naf_amp=3.16d-3
 naf_cor=off
 naf_f12=off
 naf_scf=off
 nafalg=albe
 nafdens=off
 naftyp=
 nchol=auto
 ndeps=1e-3
 nstate=1
 nsing=0
 nto=off
 ntrip=0
 num_grad=off
 occ=
 occri=off
 oniom=off
 oniom_eechg=off
 oniom_pcm=off
 oniom_qcorr=off
 optalg=
 optmaxit=50
 optetol=1e-6
 optex=0
 optgtol=1e-4
 optstol=1e-3
 orblocc=off
 orbloce=off
 orbloco=off
 orblocv=off
 orblocguess=cholesky
 osveps=1e-3
 ovirt=off
 ovltol=1e-7
 ovosnorb=80.0
 pao_subsys_tol=1e-3
 pao_tol=1e-3
 pcm=off
 popul=mulli
 pressure=100000
 pssp=off
 ptfreq=0.0
 ptthreads=2
 qmreg=
 qmmm=off
 qro=off
 qscf=off
 redcost_exc=off
 redcost_tddft=off
 refdet=none
 rest=0
 rgrid=log3
 rism=off
 rohfcore=semicanonical
 rohftype=semicanonical
 scfalg=disk
 scf_conv=auto
 scfdamp=0.0d0
 scfdamp_mode=off
 scfdamp_end=50
 scfdamp_dampstep=0.d0
 scfdamp_dtol=0.0d0
 scfdamp_maxfact=0.0d0
 scfdamp_minfact=0.0d0
 scfdiis=on
 scfdiis_dtol=0.0d0
 scfdiis_end=50
 scfdiis_start=2
 scfdiis_step=1
 scfdiis_watch=off
 scfdiis_wrange=10
 scfdiis_wlimit=5
 scfdiis_delmax=2
 scfdtol=9
 scfext=10
 scfguessdens=
 scfiguess=sad
 scfloc=off
 scflshift=0.20
 scflshift_end=8
 scflshift_dtol=0.0
 scflshift_gaptol=0.20
 scfmaxit=50
 scftype=
 scftol=8
 scspe=1.d0
 scsph=1.d0
 scsps=1.2d0
 scsps_t=1.2d0
 scspt=0.33333333333333
 scspt_t=0.33333333333333
 scspv=1.d0
 spairtol=1e-4
 sqmprog=
 subminp=top
 subsys_bopu=on
 symm=
 talg=occ
 temp=298.15
 test=off
 theodore=off
 tlmo=0.999
 tpao=0.94
 tprint=off
 uncontract=off
 unit=bohr
 usedisk=2
 verbosity=2
 wpairtol=0.100000000E-05

 ************************ 2025-12-28 15:49:48 *************************
 Executing integ...

 Allocation of 112.0 Gbytes of memory...
 
 
 Number of atoms:                  3
 Charge:                           0
 Number of electrons:             10
 Number of core electrons:         2
 Spin multiplicity:                1
 
                 Cartesian coordinates [bohr]      Atomic mass [AMU]  Z
   1  O     0.00000000    0.00000000    0.22259084    15.994915       8
   2  H     0.00000000    1.43042819   -0.89036336     1.007825       1
   3  H     0.00000000   -1.43042819   -0.89036336     1.007825       1
 
 This molecule is an asymmetric top.
 This molecule is planar.
 
 Rotational constants [cm-1]: 
     27.150004817479     14.596440901997      9.492866613609
 
 Point group: C2v 
 Computational point group: C2v 
 
 Cartesian coordinates in standard orientation [bohr]
   1  O     0.00000000    0.00000000    0.12455613
   2  H     0.00000000    1.43042819   -0.98839807
   3  H     0.00000000   -1.43042819   -0.98839807
 
 Nuclear repulsion energy [au]:          9.177621509467
 
 
 Basis set information:
 
 Maximum angular momentum: g
 Maximum number of contracted Gaussians:   10
 Maximum number of primitive Gaussians:    10
 Spherical harmonic GTOs are used.
 
 
 Conventional basis set:
 
   1  O  cc-pvtz [ 10s 5p 2d 1f | 4s 3p 2d 1f ]
   2  H  cc-pvtz [ 5s 2p 1d | 3s 2p 1d ]
   3  H  cc-pvtz [ 5s 2p 1d | 3s 2p 1d ]
 
 Total number of basis functions:     58
 
 
 Fitting basis set for the SCF calculation:
 
   1  O  cc-pvtz-ri-jk [ 10s 7p 5d 2f 1g | 10s 7p 5d 2f 1g ]
   2  H  cc-pvtz-ri-jk [ 4s 3p 2d 1f | 4s 3p 2d 1f ]
   3  H  cc-pvtz-ri-jk [ 4s 3p 2d 1f | 4s 3p 2d 1f ]
 
 Total number of basis functions:    139
 
 
 Fitting basis set for the correlation calculation:
 
   1  O  cc-pvtz-ri [ 8s 6p 5d 3f 1g | 8s 6p 5d 3f 1g ]
   2  H  cc-pvtz-ri [ 4s 3p 2d 1f | 4s 3p 2d 1f ]
   3  H  cc-pvtz-ri [ 4s 3p 2d 1f | 4s 3p 2d 1f ]
 
 Total number of basis functions:    141
 
 
 Initializing the SAD routines for the initial guess...
 Checking the files required for the initial guess...
 Density files have not been found for the initial guess.
 Generating SCFDENSITIES.O.cc-pvtz.0
 Generating SCFDENSITIES.H.cc-pvtz.0
 CPU time [min]:     0.033                   Wall time [min]:     0.514
 
 Character table for point group C2v:
 
          E  C2  Qh  Qv  
    A1    1   1   1   1
    B1    1  -1   1  -1
    B2    1  -1  -1   1
    A2    1   1  -1  -1
 
 Number of basis functions per irrep:
    A1     23
    B1     17
    B2     11
    A2      7
 
 
 Calculation of overlap integrals...
 CPU time [min]:     0.034                   Wall time [min]:     0.515
 
 Calculation of the square root of the overlap matrix...
 Minimum eigenvalue of the overlap matrix: 0.258381E-02
 CPU time [min]:     0.048                   Wall time [min]:     0.516
 
 Calculation of kinetic energy integrals...
 CPU time [min]:     0.049                   Wall time [min]:     0.517
 Calculation of dipole moment integrals...
 CPU time [min]:     0.055                   Wall time [min]:     0.517
 Calculation of second moment integrals...
 CPU time [min]:     0.065                   Wall time [min]:     0.518
 Calculation of third moment integrals...
 CPU time [min]:     0.080                   Wall time [min]:     0.520
 Calculation of nuclear attraction integrals...
 CPU time [min]:     0.082                   Wall time [min]:     0.520
 
 Calculation of prescreening integrals...
 CPU time [min]:     0.094                   Wall time [min]:     0.521
 
 Calculation of two-center Coulomb integrals...
   1% done.
  16% done.
  32% done.
  44% done.
  62% done.
  77% done.
  90% done.
 100% done.
 CPU time [min]:     0.098                   Wall time [min]:     0.522
 
 Cholesky decomposition of the two-center matrix...
 Calculation of three-center Coulomb integrals...
   1% done.
  16% done.
  27% done.
  46% done.
  58% done.
  84% done.
 100% done.
 CPU time [min]:     0.107                   Wall time [min]:     0.523

 ************************ 2025-12-28 15:50:22 *************************
 Executing scf...

 Allocation of 112.0 Gbytes of memory...
 ======================================================================
 ITERATION STEP   1
 CPU time [min]:     0.015                   Wall time [min]:     0.009
 
 Constructing Fock-matrix...
 Number of integral batches:    1
 Occupied indices per batch:    5
 CPU time [min]:     0.032                   Wall time [min]:     0.011
 
 RMS of [F,P]:                                         0.07921371115450
 RMS of difference density:                            0.06868574344013
 Gap [au]:  0.63128837
 ALPHA OCC:   3   1   1   0
 BETA  OCC:   3   1   1   0
 
 ***HARTREE-FOCK ENERGY IN STEP   1 IS        -75.7621454342972527 [AU]
 ======================================================================
 ITERATION STEP   2
 CPU time [min]:     0.034                   Wall time [min]:     0.011
 
 Constructing Fock-matrix...
 Number of integral batches:    1
 Occupied indices per batch:    5
 CPU time [min]:     0.038                   Wall time [min]:     0.012
 
 RMS of [F,P]:                                         0.01012497536889
 RMS of difference density:                            0.00975458958169
 Gap [au]:  0.66989023
 ALPHA OCC:   3   1   1   0
 BETA  OCC:   3   1   1   0
 
 ***HARTREE-FOCK ENERGY IN STEP   2 IS        -76.0470597893433222 [AU]
 ======================================================================
 ITERATION STEP   3
 CPU time [min]:     0.039                   Wall time [min]:     0.012
 
 Constructing Fock-matrix...
 Number of integral batches:    1
 Occupied indices per batch:    5
 CPU time [min]:     0.043                   Wall time [min]:     0.012
 
 RMS of [F,P]:                                         0.00285329547034
 RMS of difference density:                            0.00359351233521
 Gap [au]:  0.64158652
 ALPHA OCC:   3   1   1   0
 BETA  OCC:   3   1   1   0
 
 ***HARTREE-FOCK ENERGY IN STEP   3 IS        -76.0559532475461708 [AU]
 ======================================================================
 ITERATION STEP   4
 CPU time [min]:     0.045                   Wall time [min]:     0.012
 
 Constructing Fock-matrix...
 Number of integral batches:    1
 Occupied indices per batch:    5
 CPU time [min]:     0.049                   Wall time [min]:     0.013
 
 RMS of [F,P]:                                         0.00136865510682
 RMS of difference density:                            0.00118854853813
 Gap [au]:  0.64805851
 ALPHA OCC:   3   1   1   0
 BETA  OCC:   3   1   1   0
 
 ***HARTREE-FOCK ENERGY IN STEP   4 IS        -76.0568326650169126 [AU]
 ======================================================================
 ITERATION STEP   5
 CPU time [min]:     0.050                   Wall time [min]:     0.013
 
 Constructing Fock-matrix...
 Number of integral batches:    1
 Occupied indices per batch:    5
 CPU time [min]:     0.054                   Wall time [min]:     0.013
 
 RMS of [F,P]:                                         0.00020978236158
 RMS of difference density:                            0.00031218583900
 Gap [au]:  0.64663487
 ALPHA OCC:   3   1   1   0
 BETA  OCC:   3   1   1   0
 
 ***HARTREE-FOCK ENERGY IN STEP   5 IS        -76.0570070897681205 [AU]
 ======================================================================
 ITERATION STEP   6
 CPU time [min]:     0.055                   Wall time [min]:     0.013
 
 Constructing Fock-matrix...
 Number of integral batches:    1
 Occupied indices per batch:    5
 CPU time [min]:     0.059                   Wall time [min]:     0.014
 
 RMS of [F,P]:                                         0.00002292653100
 RMS of difference density:                            0.00004012086067
 Gap [au]:  0.64657037
 ALPHA OCC:   3   1   1   0
 BETA  OCC:   3   1   1   0
 
 ***HARTREE-FOCK ENERGY IN STEP   6 IS        -76.0570145202133858 [AU]
 ======================================================================
 ITERATION STEP   7
 CPU time [min]:     0.060                   Wall time [min]:     0.014
 
 Constructing Fock-matrix...
 Number of integral batches:    1
 Occupied indices per batch:    5
 CPU time [min]:     0.064                   Wall time [min]:     0.014
 
 RMS of [F,P]:                                         0.00000530301311
 RMS of difference density:                            0.00001137735446
 Gap [au]:  0.64653775
 ALPHA OCC:   3   1   1   0
 BETA  OCC:   3   1   1   0
 
 ***HARTREE-FOCK ENERGY IN STEP   7 IS        -76.0570146344530826 [AU]
 ======================================================================
 ITERATION STEP   8
 CPU time [min]:     0.066                   Wall time [min]:     0.014
 
 Constructing Fock-matrix...
 Number of integral batches:    1
 Occupied indices per batch:    5
 CPU time [min]:     0.070                   Wall time [min]:     0.015
 
 RMS of [F,P]:                                         0.00000089477757
 RMS of difference density:                            0.00000184806894
 Gap [au]:  0.64652976
 ALPHA OCC:   3   1   1   0
 BETA  OCC:   3   1   1   0
 
 ***HARTREE-FOCK ENERGY IN STEP   8 IS        -76.0570146429882357 [AU]
 ======================================================================
 ITERATION STEP   9
 CPU time [min]:     0.071                   Wall time [min]:     0.015
 
 Constructing Fock-matrix...
 Number of integral batches:    1
 Occupied indices per batch:    5
 CPU time [min]:     0.075                   Wall time [min]:     0.015
 
 RMS of [F,P]:                                         0.00000014183071
 RMS of difference density:                            0.00000031103499
 Gap [au]:  0.64652900
 ALPHA OCC:   3   1   1   0
 BETA  OCC:   3   1   1   0
 
 ***HARTREE-FOCK ENERGY IN STEP   9 IS        -76.0570146432738170 [AU]
 ======================================================================
 ITERATION STEP  10
 CPU time [min]:     0.077                   Wall time [min]:     0.015
 
 Constructing Fock-matrix...
 Number of integral batches:    1
 Occupied indices per batch:    5
 CPU time [min]:     0.081                   Wall time [min]:     0.016
 
 RMS of [F,P]:                                         0.00000002105696
 RMS of difference density:                            0.00000004298949
 Gap [au]:  0.64652908
 ALPHA OCC:   3   1   1   0
 BETA  OCC:   3   1   1   0
 
 ***HARTREE-FOCK ENERGY IN STEP  10 IS        -76.0570146432796150 [AU]
 ======================================================================
 ITERATION STEP  11
 CPU time [min]:     0.082                   Wall time [min]:     0.016
 
 Constructing Fock-matrix...
 Number of integral batches:    1
 Occupied indices per batch:    5
 CPU time [min]:     0.086                   Wall time [min]:     0.016
 
 RMS of [F,P]:                                         0.00000000472851
 RMS of difference density:                            0.00000000981174
 Gap [au]:  0.64652907
 ALPHA OCC:   3   1   1   0
 BETA  OCC:   3   1   1   0
 
 ***HARTREE-FOCK ENERGY IN STEP  11 IS        -76.0570146432798708 [AU]
 ======================================================================
 ITERATION STEP  12
 CPU time [min]:     0.087                   Wall time [min]:     0.016
 
 Constructing Fock-matrix...
 Number of integral batches:    1
 Occupied indices per batch:    5
 CPU time [min]:     0.091                   Wall time [min]:     0.016
 
 RMS of [F,P]:                                         0.00000000055787
 RMS of difference density:                            0.00000000114763
 Gap [au]:  0.64652907
 ALPHA OCC:   3   1   1   0
 BETA  OCC:   3   1   1   0
 
 ***HARTREE-FOCK ENERGY IN STEP  12 IS        -76.0570146432797856 [AU]
 ======================================================================
 ITERATION STEP  13
 CPU time [min]:     0.093                   Wall time [min]:     0.017
 
 Constructing Fock-matrix...
 Number of integral batches:    1
 Occupied indices per batch:    5
 CPU time [min]:     0.097                   Wall time [min]:     0.017
 
 RMS of [F,P]:                                         0.00000000005805
 RMS of difference density:                            0.00000000014293
 Gap [au]:  0.64652907
 ALPHA OCC:   3   1   1   0
 BETA  OCC:   3   1   1   0
 
 ***HARTREE-FOCK ENERGY IN STEP  13 IS        -76.0570146432798424 [AU]
 ======================================================================
 
 SUCCESS...
 THE SCF ITERATION HAS CONVERGED!
 
                   A1  B1  B2  A2  
 FINAL ALPHA OCC:   3   1   1   0
 FINAL BETA  OCC:   3   1   1   0
 
 ***FINAL HARTREE-FOCK ENERGY:        -76.0570146432798424 [AU]
 
 RETURNING FROM SCF ALGORITHM
 ======================================================================

 ************************ 2025-12-28 15:50:29 *************************
 Executing integ...

 Allocation of 112.0 Gbytes of memory...
 
 
 Basis set information:
 
 Maximum angular momentum: g
 Maximum number of contracted Gaussians:   10
 Maximum number of primitive Gaussians:    10
 Spherical harmonic GTOs are used.
 
 
 Conventional basis set:
 
   1  O  cc-pvtz [ 10s 5p 2d 1f | 4s 3p 2d 1f ]
   2  H  cc-pvtz [ 5s 2p 1d | 3s 2p 1d ]
   3  H  cc-pvtz [ 5s 2p 1d | 3s 2p 1d ]
 
 Total number of basis functions:     58
 
 
 Fitting basis set for the SCF calculation:
 
   1  O  cc-pvtz-ri-jk [ 10s 7p 5d 2f 1g | 10s 7p 5d 2f 1g ]
   2  H  cc-pvtz-ri-jk [ 4s 3p 2d 1f | 4s 3p 2d 1f ]
   3  H  cc-pvtz-ri-jk [ 4s 3p 2d 1f | 4s 3p 2d 1f ]
 
 Total number of basis functions:    139
 
 
 Fitting basis set for the correlation calculation:
 
   1  O  cc-pvtz-ri [ 8s 6p 5d 3f 1g | 8s 6p 5d 3f 1g ]
   2  H  cc-pvtz-ri [ 4s 3p 2d 1f | 4s 3p 2d 1f ]
   3  H  cc-pvtz-ri [ 4s 3p 2d 1f | 4s 3p 2d 1f ]
 
 Total number of basis functions:    141
 
 
 Calculation of prescreening integrals...
 CPU time [min]:     0.008                   Wall time [min]:     0.016
 
 Calculation of two-center Coulomb integrals...
   4% done.
  26% done.
  37% done.
  55% done.
  67% done.
  90% done.
 100% done.
 CPU time [min]:     0.011                   Wall time [min]:     0.016
 
 Cholesky decomposition of the two-center matrix...
 Reciprocal of the condition number:  0.580102E-03
 CPU time [min]:     0.012                   Wall time [min]:     0.016
 
 Calculation of three-center Coulomb integrals...
   1% done.
  16% done.
  27% done.
  46% done.
  58% done.
  84% done.
 100% done.
 CPU time [min]:     0.017                   Wall time [min]:     0.017

 ************************ 2025-12-28 15:50:34 *************************
 Executing drpa...

 Three-index integral transformation and DF-MP2 calculation
 Allocation of 112.0 Gbytes of memory...
 
 Minimal memory requirement for (ai|P) integrals:     1.3 MB

 Calculating (ai|P) integrals...
 Number of integral batches:    1
 Occupied indices per batch:    4
 
 Transforming integrals of batch 1...
 CPU time [min]:     0.013                   Wall time [min]:     0.005
 
 
 
 Reference energy [au]:                       -76.057014643280
 DF-MP2 singlet pair energy [au]:              -0.198010235340
 DF-MP2 triplet pair energy [au]:              -0.063557253532
 DF-SCS-MP2 correlation energy [au]:           -0.258798033586
 DF-SCS-MP2 energy [au]:                      -76.315812676865
 DF-SOS-MP2 correlation energy [au]:           -0.257413305942
 DF-SOS-MP2 energy [au]:                      -76.314427949222
 DF-MP2 correlation energy [au]:               -0.261567488872
 DF-MP2 energy [au]:                          -76.318582132152

 ************************ 2025-12-28 15:50:39 *************************
 Executing prop...

 Allocation of 112.0 Gbytes of memory...
 Iteration     Residual
    0         1.354E-02
    1         2.134E-03
    2         6.207E-04
    3         1.906E-04
    4         3.169E-05
    5         6.386E-06
    6         1.295E-06
    7         2.219E-07
    8         2.209E-08
    9         2.469E-09
 
 
 Performing population analysis...
 
              Atomic charges
            Mulliken     Lowdin
   1  O    -0.482827    0.034692
   2  H     0.241413   -0.017346
   3  H     0.241413   -0.017346
 
 Mayer bond orders:
    1  1O-2H           0.9941
    2  1O-3H           0.9941
 
 
 Calculation of SCF first-order properties...
 
 Kinetic energy [au]:         75.99890491
 Nuclear attraction [au]:   -199.08673889
 Electron repulsion [au]:     37.85319782
 Nuclear repulsion [au]:       9.17762151
 Virial theorem (-V/T):        2.00076461
 
 Dipole moment [au]:           0.79907898
   x=      0.00000000  y=      0.00000000  z=     -0.79907898
 
 Dipole moment [Debye]:        2.03105588
   x=      0.00000000  y=      0.00000000  z=     -2.03105588
 
 Quadrupole moment [au]: 
     -1.70778839      0.00000000      0.00000000
      0.00000000      1.78545078     -0.00000000
      0.00000000     -0.00000000     -0.07766239
 
 Quadrupole moment [Debye*Ang]: 
     -2.29703364      0.00000000      0.00000000
      0.00000000      2.40149220     -0.00000000
      0.00000000     -0.00000000     -0.10445856
 
 Octapole moment       [au]       [Debye*Ang^2]: 
        xxx=        0.00000000      0.00000000
        xxy=       -0.00000000     -0.00000000
        xxz=        1.28704197      0.91606679
        xyy=        0.00000000      0.00000000
        xyz=        0.00000000      0.00000000
        xzz=        0.00000000      0.00000000
        yyy=        0.00000000      0.00000000
        yyz=       -3.15109604     -2.24282852
        yzz=        0.00000000      0.00000000
        zzz=        1.86405407      1.32676173
 
 
 Calculation of MP2 first-order properties...
 
 Kinetic energy [au]:         76.33994779
 Nuclear attraction [au]:   -199.22037139
 Electron repulsion [au]:     37.38421996
 Nuclear repulsion [au]:       9.17762151
 Virial theorem (-V/T):        1.99972012
 
 Dipole moment [au]:           0.75755098
   x=      0.00000000  y=      0.00000000  z=     -0.75755098
 
 Dipole moment [Debye]:        1.92550225
   x=      0.00000000  y=      0.00000000  z=     -1.92550225
 
 Quadrupole moment [au]: 
     -1.67995338      0.00000000      0.00000000
      0.00000000      1.76722753      0.00000000
      0.00000000      0.00000000     -0.08727415
 
 Quadrupole moment [Debye*Ang]: 
     -2.25959460      0.00000000      0.00000000
      0.00000000      2.37698131      0.00000000
      0.00000000      0.00000000     -0.11738671
 
 Octapole moment       [au]       [Debye*Ang^2]: 
        xxx=        0.00000000      0.00000000
        xxy=       -0.00000000     -0.00000000
        xxz=        1.22394754      0.87115862
        xyy=        0.00000000      0.00000000
        xyz=        0.00000000      0.00000000
        xzz=        0.00000000      0.00000000
        yyy=       -0.00000000     -0.00000000
        yyz=       -3.01172571     -2.14363010
        yzz=        0.00000000      0.00000000
        zzz=        1.78777817      1.27247149
 Calculation of one-electron integral gradients...
 CPU time [min]:     0.063                   Wall time [min]:     0.010
 
 First step of exchange...
 Exchange contribution is evaluated for MOs 1 to 4.
   1% done.
  16% done.
  27% done.
  46% done.
  58% done.
  84% done.
 100% done.
 CPU time [min]:     0.080                   Wall time [min]:     0.012
 
 Calculation of two-electron integral derivatives...
 CPU time [min]:     0.081                   Wall time [min]:     0.012
 
 
 First step of Coulomb + first step of exchange...
 Exchange contribution is evaluated for MOs 1 to 5.
   1% done.
  16% done.
  27% done.
  46% done.
  58% done.
  84% done.
 100% done.
 CPU time [min]:     0.091                   Wall time [min]:     0.013
 
 Fitting and transformation of exchange...
 CPU time [min]:     0.096                   Wall time [min]:     0.014
 
 Calculation of two-electron integral derivatives...
   1% done.
  16% done.
  27% done.
  46% done.
  58% done.
  84% done.
 100% done.
 
 Screening ratio for two-electron integral derivatives:
 0.00% of dERIs screened out (0 / 1366320)
 
 CPU time [min]:     0.101                   Wall time [min]:     0.014
 
 
 First step of Coulomb + first step of exchange...
 Exchange contribution is evaluated for MOs 1 to 2.
   1% done.
  16% done.
  27% done.
  46% done.
  58% done.
  84% done.
 100% done.
 CPU time [min]:     0.107                   Wall time [min]:     0.015
 
 Fitting and transformation of exchange...
 CPU time [min]:     0.107                   Wall time [min]:     0.015
 
 Calculation of two-electron integral derivatives...
   1% done.
  16% done.
  27% done.
  46% done.
  58% done.
  84% done.
 100% done.
 
 Screening ratio for two-electron integral derivatives:
 0.00% of dERIs screened out (0 / 1366320)
 
 CPU time [min]:     0.110                   Wall time [min]:     0.015
 
 
   Center                   Electric field [au]
                   x                y                z
    1  O      0.0000000000    -0.0000000000     0.0451149390
    2  H      0.0000000000     0.0093784162    -0.0060071667
    3  H      0.0000000000    -0.0093784162    -0.0060071667
 
 Cartesian gradient [au]:
    1  O      0.0000000000    -0.0000000000    -0.0012550761
    2  H      0.0000000000     0.0010081108     0.0006275381
    3  H     -0.0000000000    -0.0010081108     0.0006275381
 
 Cartesian gradient in original orientation [au]:
    1  O      0.0000000000    -0.0000000000    -0.0012550761
    2  H      0.0000000000     0.0010081108     0.0006275381
    3  H     -0.0000000000    -0.0010081108     0.0006275381
 
 ************************ 2025-12-28 15:50:43 *************************
                      Normal termination of mrcc.
 **********************************************************************
