 **********************************************************************
                          MRCC program system
 **********************************************************************
 
                              Written by
     Mihaly Kallay, Peter R. Nagy, David Mester, Laszlo Gyevi-Nagy,
        Jozsef Csoka, P. Bernat Szabo, Zoltan Rolik, Gyula Samu,
      Bence Hegely, Bence Ladoczki, Klara Petrov, Jozsef Csontos,
     Adam Ganyecz, Istvan Ladjanszki, Lorant Szegedy, Mate Farkas,
          Pal D. Mezei, Reka A. Horvath, and Balazs D. Lorincz
 
        Department of Physical Chemistry and Materials Science
            Budapest University of Technology and Economics
                  Budapest P.O.Box 91, H-1521 Hungary
 
                              www.mrcc.hu
 
                            Version: 25.1.2

 ************************ 2025-10-11 14:05:23 *************************
 Executing minp...

 Reading input from MINP...
 
 Input file:
 
mem=4096MB
basis=cc-pVDZ-F12
calc=CCSD(T)-F12




unit=bohr
geom=xyz
4
Title AutoGenerated by MRCC_Ext Script
N       0.0000000000     0.0000000000     0.2173276671
H       0.0000000000     1.7688238116    -0.5070978899
H      -1.5334829065    -0.8853567689    -0.5070978899
H       1.5334829065    -0.8853567689    -0.5070978899


charge=0
mult=1



 
 
 Checking keyword combinations...
 
 Keywords:
 
 active=none
 agrid=ld0006-ld0590
 agrid_pssp=ld0006-ld0194
 agrid_pssp_sm=ld0006-ld0074
 basis=cc-pvdz-f12
 basis_sm=cc-pvdz-f12
 basopt=off
 bfbasis=none
 bfgsmem=10
 bfgstol=1.0d-3
 boysalg=jacobi
 bpcompo=0.985
 bpcompv=0.98
 bpdfo=0.985
 bpocc=0.985
 bppdo=0.985
 bppdv=0.98
 bpedo=0.985
 bpedv=0.98
 bp_subsyso=0.95
 bp_subsysv=0.95
 cabscorr=off
 cabsdual=off
 calc=ccsd(t)-f12
 ccmaxit=50
 ccprog=ccsd
 ccsdalg=dfdirect
 ccsdmkl=seq
 ccsdrest=trf
 ccsdthreads=2
 cctol=6
 charge=0
 cialg=auto
 ciguess=off
 cmpgrp=auto
 comprest=off
 coord_sys=ric
 core=frozen
 corembed=off
 csapprox=off
 cvs=off
 dboc=off
 deltaf12=off
 delocsomofact=
 dendec=cholesky
 dens=0
 denscorr=0
 dfalg=lineq
 dfbasis_cab=auto
 dfbasis_cor=auto
 dfbasis_scf=auto
 dfbasis_scf_sm=auto
 dfintran=drpa
 dft=off
 dhexc=adc(2)
 diag=david
 docc=
 domrad=10.d0
 drpaalg=fit
 dual=on
 dual_df=off
 dyson=off
 ecp=auto
 edisp=off
 edisp_embed=off
 embed=off
 epairestfact=off
 epairscale=1.d0
 etemp=300
 epert=none
 eps=
 espcharge=off
 excrad=0.d0
 excrad_f12=0.d0
 excrad_fin=0.000000000D+00
 fastdbbsc=v2
 fitting=coulomb
 fmm=off
 fmmord=8
 fnonorb=
 freq=off
 gamma=0.9d0
 gauss=spher
 geom=xyz
 gopt=off
 ghost=none
 gtol=7
 grdens=off
 grid=auto
 grid_sm=auto
 gridbatch_cos=2000
 grtol=10
 guido_ct=off
 hamilton=dc
 iface=none
 incore=off
 intalg=os
 ip_ea=off
 itol=10
 laptol=1.d-2
 lccoporder=trffirst
 lcorthr=normal
 lccrest=off
 ldfgrad_tol=8
 lmp2dens=on
 lnoepso=0.d0
 lnoepsv=5e-5
 localcc=off
 localcorrsymm=off
 locintrf=disk
 mact=
 maxact=off
 maxdim=200
 maxex=0
 maxmicroit=100
 mcscfiguess=hf
 mem=4096mb
 mmprog=
 molden=on
 mp2ongrid=off
 mpitasks=1
 mulmet=0
 mult=1
 nab=off
 nacto=0
 nactv=0
 naf_amp=3.16d-3
 naf_cor=off
 naf_f12=off
 naf_scf=off
 nafalg=albe
 nafdens=off
 naftyp=
 nchol=auto
 ndeps=1e-3
 nstate=1
 nsing=0
 nto=off
 ntrip=0
 num_grad=off
 occ=
 occri=off
 oniom=off
 oniom_eechg=off
 oniom_pcm=off
 oniom_qcorr=off
 optalg=
 optmaxit=50
 optetol=1e-6
 optex=0
 optgtol=1e-4
 optstol=1e-3
 orblocc=off
 orbloce=off
 orbloco=off
 orblocv=off
 orblocguess=cholesky
 osveps=1e-3
 ovirt=off
 ovltol=1e-7
 ovosnorb=80.0
 pao_subsys_tol=1e-3
 pao_tol=1e-3
 pcm=off
 popul=off
 pressure=100000
 pssp=off
 ptfreq=0.0
 ptthreads=2
 qmreg=
 qmmm=off
 qro=off
 qscf=off
 redcost_exc=off
 redcost_tddft=off
 refdet=none
 rest=0
 rgrid=log3
 rism=off
 rohfcore=semicanonical
 rohftype=semicanonical
 scfalg=direct
 scf_conv=auto
 scfdamp=0.0d0
 scfdamp_mode=off
 scfdamp_end=50
 scfdamp_dampstep=0.d0
 scfdamp_dtol=0.0d0
 scfdamp_maxfact=0.0d0
 scfdamp_minfact=0.0d0
 scfdiis=on
 scfdiis_dtol=0.0d0
 scfdiis_end=50
 scfdiis_start=2
 scfdiis_step=1
 scfdiis_watch=off
 scfdiis_wrange=10
 scfdiis_wlimit=5
 scfdiis_delmax=2
 scfdtol=7
 scfext=10
 scfguessdens=
 scfiguess=sad
 scfloc=off
 scflshift=0.20
 scflshift_end=8
 scflshift_dtol=0.0
 scflshift_gaptol=0.20
 scfmaxit=50
 scftype=
 scftol=6
 scspe=1.d0
 scsph=1.d0
 scsps=1.2d0
 scsps_t=1.2d0
 scspt=0.33333333333333
 scspt_t=0.33333333333333
 scspv=1.d0
 spairtol=1e-4
 sqmprog=
 subminp=top
 subsys_bopu=on
 symm=
 talg=occ
 temp=298.15
 test=off
 theodore=off
 tlmo=0.999
 tpao=0.94
 tprint=off
 uncontract=off
 unit=bohr
 usedisk=2
 verbosity=2
 wpairtol=0.100000000E-05

 ************************ 2025-10-11 14:05:37 *************************
 Executing integ...

 Allocation of 4096.0 Mbytes of memory...
 
 
 Number of atoms:                  4
 Charge:                           0
 Number of electrons:             10
 Number of core electrons:         2
 Spin multiplicity:                1
 
                 Cartesian coordinates [bohr]      Atomic mass [AMU]  Z
   1  N     0.00000000    0.00000000    0.21732767    14.003074       7
   2  H     0.00000000    1.76882381   -0.50709789     1.007825       1
   3  H    -1.53348291   -0.88535677   -0.50709789     1.007825       1
   4  H     1.53348291   -0.88535677   -0.50709789     1.007825       1
 
 This molecule is an asymmetric top.
 
 Rotational constants [cm-1]: 
      9.969904184551      9.958786273476      6.354774534890
 
 Point group: Cs  
 Computational point group: Cs  
 
 Cartesian coordinates in standard orientation [bohr]
   1  N     0.00000000   -0.00015443    0.12863921
   2  H     0.00000000   -1.76873838   -0.59637175
   3  H    -1.53348291    0.88544206   -0.59549327
   4  H     1.53348291    0.88544206   -0.59549327
 
 Nuclear repulsion energy [au]:         11.958409012876
 
 
 Basis set information:
 
 Maximum angular momentum: g
 Maximum number of contracted Gaussians:   13
 Maximum number of primitive Gaussians:    13
 Spherical harmonic GTOs are used.
 
 
 Conventional basis set:
 
   1  N  cc-pvdz-f12 [ 11s 6p 2d | 5s 5p 2d ]
   2  H  cc-pvdz-f12 [ 5s 2p | 3s 2p ]
   3  H  cc-pvdz-f12 [ 5s 2p | 3s 2p ]
   4  H  cc-pvdz-f12 [ 5s 2p | 3s 2p ]
 
 Total number of basis functions:     57
 
 
 Fitting basis set for the SCF calculation:
 
   1  N  aug-cc-pvtz-ri-jk [ 11s 8p 6d 3f 2g | 11s 8p 6d 3f 2g ]
   2  H  aug-cc-pvtz-ri-jk [ 5s 4p 3d 2f | 5s 4p 3d 2f ]
   3  H  aug-cc-pvtz-ri-jk [ 5s 4p 3d 2f | 5s 4p 3d 2f ]
   4  H  aug-cc-pvtz-ri-jk [ 5s 4p 3d 2f | 5s 4p 3d 2f ]
 
 Total number of basis functions:    242
 
 
 Fitting basis set for the correlation calculation:
 
   1  N  aug-cc-pwcvtz-ri [ 13s 10p 8d 5f 2g | 13s 10p 8d 5f 2g ]
   2  H  aug-cc-pvtz-ri [ 5s 4p 3d 2f | 5s 4p 3d 2f ]
   3  H  aug-cc-pvtz-ri [ 5s 4p 3d 2f | 5s 4p 3d 2f ]
   4  H  aug-cc-pvtz-ri [ 5s 4p 3d 2f | 5s 4p 3d 2f ]
 
 Total number of basis functions:    274
 
 
 Initializing the SAD routines for the initial guess...
 Checking the files required for the initial guess...
 Density files have not been found for the initial guess.
 Generating SCFDENSITIES.N.cc-pvdz-f12.0
 Generating SCFDENSITIES.H.cc-pvdz-f12.0
 CPU time [min]:     0.008                   Wall time [min]:     2.264
 
 Character table for point group Cs:
 
          E  Qh  
    A'    1   1
    A"    1  -1
 
 Number of basis functions per irrep:
    A'     37
    A"     20
 
 
 Calculation of overlap integrals...
 CPU time [min]:     0.009                   Wall time [min]:     2.264
 
 Calculation of the square root of the overlap matrix...
 Minimum eigenvalue of the overlap matrix: 0.107735E-02
 CPU time [min]:     0.009                   Wall time [min]:     2.268
 
 Calculation of kinetic energy integrals...
 CPU time [min]:     0.009                   Wall time [min]:     2.268
 Calculation of nuclear attraction integrals...
 CPU time [min]:     0.009                   Wall time [min]:     2.268
 
 Calculation of prescreening integrals...
 CPU time [min]:     0.010                   Wall time [min]:     2.271
 
 Calculation of two-center Coulomb integrals...
   2% done.
  13% done.
  25% done.
  39% done.
  57% done.
  69% done.
  89% done.
 100% done.
 CPU time [min]:     0.010                   Wall time [min]:     2.276
 
 Cholesky decomposition of the two-center matrix...
 Reciprocal of the condition number:  0.371344E-04
 CPU time [min]:     0.011                   Wall time [min]:     2.277
 

 ************************ 2025-10-11 14:08:06 *************************
 Executing scf...

 Allocation of 4096.0 Mbytes of memory...
 ======================================================================
 ITERATION STEP   1
 CPU time [min]:     0.007                   Wall time [min]:     0.012
 
 Constructing Fock-matrix...
 
 First step of Coulomb + first step of exchange...
 Exchange contribution is evaluated for MOs 1 to 5.
   1% done.
  13% done.
  28% done.
  47% done.
  71% done.
 100% done.
 CPU time [min]:     0.010                   Wall time [min]:     0.029
 
 Fitting and assembly step of exchange...
 CPU time [min]:     0.010                   Wall time [min]:     0.029
 
 Second step of Coulomb...
   1% done.
  13% done.
  28% done.
  47% done.
  71% done.
 100% done.
 CPU time [min]:     0.010                   Wall time [min]:     0.032
 
 RMS of [F,P]:                                         0.05385700388720
 RMS of difference density:                            0.01145851922347
 Gap [au]:  0.55662769
 ALPHA OCC:   4   1
 BETA  OCC:   4   1
 
 ***HARTREE-FOCK ENERGY IN STEP   1 IS        -55.9404558895281170 [AU]
 ======================================================================
 ITERATION STEP   2
 CPU time [min]:     0.011                   Wall time [min]:     0.034
 
 Constructing Fock-matrix...
 
 First step of Coulomb + first step of exchange...
 Exchange contribution is evaluated for MOs 1 to 5.
   1% done.
  13% done.
  28% done.
  47% done.
  71% done.
 100% done.
 CPU time [min]:     0.013                   Wall time [min]:     0.050
 
 Fitting and assembly step of exchange...
 CPU time [min]:     0.013                   Wall time [min]:     0.050
 
 Second step of Coulomb...
   1% done.
  13% done.
  28% done.
  47% done.
  71% done.
 100% done.
 CPU time [min]:     0.014                   Wall time [min]:     0.054
 
 RMS of [F,P]:                                         0.00741036565028
 RMS of difference density:                            0.00376845313830
 Gap [au]:  0.50582653
 ALPHA OCC:   4   1
 BETA  OCC:   4   1
 
 ***HARTREE-FOCK ENERGY IN STEP   2 IS        -56.2063944347684554 [AU]
 ======================================================================
 ITERATION STEP   3
 CPU time [min]:     0.014                   Wall time [min]:     0.056
 
 Constructing Fock-matrix...
 
 First step of Coulomb + first step of exchange...
 Exchange contribution is evaluated for MOs 1 to 5.
   1% done.
  13% done.
  28% done.
  47% done.
  71% done.
 100% done.
 CPU time [min]:     0.016                   Wall time [min]:     0.070
 
 Fitting and assembly step of exchange...
 CPU time [min]:     0.016                   Wall time [min]:     0.070
 
 Second step of Coulomb...
   1% done.
  13% done.
  28% done.
  47% done.
  71% done.
 100% done.
 CPU time [min]:     0.017                   Wall time [min]:     0.073
 
 RMS of [F,P]:                                         0.00237488847766
 RMS of difference density:                            0.00086958291968
 Gap [au]:  0.52295179
 ALPHA OCC:   4   1
 BETA  OCC:   4   1
 
 ***HARTREE-FOCK ENERGY IN STEP   3 IS        -56.2168849612315213 [AU]
 ======================================================================
 ITERATION STEP   4
 CPU time [min]:     0.017                   Wall time [min]:     0.076
 
 Constructing Fock-matrix...
 
 First step of Coulomb + first step of exchange...
 Exchange contribution is evaluated for MOs 1 to 5.
   1% done.
  13% done.
  28% done.
  47% done.
  71% done.
 100% done.
 CPU time [min]:     0.019                   Wall time [min]:     0.090
 
 Fitting and assembly step of exchange...
 CPU time [min]:     0.019                   Wall time [min]:     0.091
 
 Second step of Coulomb...
   1% done.
  13% done.
  28% done.
  47% done.
  71% done.
 100% done.
 CPU time [min]:     0.020                   Wall time [min]:     0.094
 
 RMS of [F,P]:                                         0.00088194416277
 RMS of difference density:                            0.00051021293974
 Gap [au]:  0.51081582
 ALPHA OCC:   4   1
 BETA  OCC:   4   1
 
 ***HARTREE-FOCK ENERGY IN STEP   4 IS        -56.2181571922175394 [AU]
 ======================================================================
 ITERATION STEP   5
 CPU time [min]:     0.020                   Wall time [min]:     0.096
 
 Constructing Fock-matrix...
 
 First step of Coulomb + first step of exchange...
 Exchange contribution is evaluated for MOs 1 to 5.
   1% done.
  13% done.
  28% done.
  47% done.
  71% done.
 100% done.
 CPU time [min]:     0.022                   Wall time [min]:     0.111
 
 Fitting and assembly step of exchange...
 CPU time [min]:     0.022                   Wall time [min]:     0.112
 
 Second step of Coulomb...
   1% done.
  13% done.
  28% done.
  47% done.
  71% done.
 100% done.
 CPU time [min]:     0.023                   Wall time [min]:     0.115
 
 RMS of [F,P]:                                         0.00024439536181
 RMS of difference density:                            0.00019478314521
 Gap [au]:  0.51098429
 ALPHA OCC:   4   1
 BETA  OCC:   4   1
 
 ***HARTREE-FOCK ENERGY IN STEP   5 IS        -56.2184191100445432 [AU]
 ======================================================================
 ITERATION STEP   6
 CPU time [min]:     0.023                   Wall time [min]:     0.118
 
 Constructing Fock-matrix...
 
 First step of Coulomb + first step of exchange...
 Exchange contribution is evaluated for MOs 1 to 5.
   1% done.
  13% done.
  28% done.
  47% done.
  71% done.
 100% done.
 CPU time [min]:     0.025                   Wall time [min]:     0.134
 
 Fitting and assembly step of exchange...
 CPU time [min]:     0.025                   Wall time [min]:     0.134
 
 Second step of Coulomb...
   1% done.
  13% done.
  28% done.
  47% done.
  71% done.
 100% done.
 CPU time [min]:     0.026                   Wall time [min]:     0.137
 
 RMS of [F,P]:                                         0.00003785359897
 RMS of difference density:                            0.00005558760804
 Gap [au]:  0.51076629
 ALPHA OCC:   4   1
 BETA  OCC:   4   1
 
 ***HARTREE-FOCK ENERGY IN STEP   6 IS        -56.2184428830522478 [AU]
 ======================================================================
 ITERATION STEP   7
 CPU time [min]:     0.026                   Wall time [min]:     0.140
 
 Constructing Fock-matrix...
 
 First step of Coulomb + first step of exchange...
 Exchange contribution is evaluated for MOs 1 to 5.
   1% done.
  13% done.
  28% done.
  47% done.
  71% done.
 100% done.
 CPU time [min]:     0.028                   Wall time [min]:     0.155
 
 Fitting and assembly step of exchange...
 CPU time [min]:     0.029                   Wall time [min]:     0.156
 
 Second step of Coulomb...
   1% done.
  13% done.
  28% done.
  47% done.
  71% done.
 100% done.
 CPU time [min]:     0.029                   Wall time [min]:     0.158
 
 RMS of [F,P]:                                         0.00000878937967
 RMS of difference density:                            0.00001328400375
 Gap [au]:  0.51071778
 ALPHA OCC:   4   1
 BETA  OCC:   4   1
 
 ***HARTREE-FOCK ENERGY IN STEP   7 IS        -56.2184439276388161 [AU]
 ======================================================================
 ITERATION STEP   8
 CPU time [min]:     0.029                   Wall time [min]:     0.161
 
 Constructing Fock-matrix...
 
 First step of Coulomb + first step of exchange...
 Exchange contribution is evaluated for MOs 1 to 5.
   1% done.
  13% done.
  28% done.
  47% done.
  71% done.
 100% done.
 CPU time [min]:     0.032                   Wall time [min]:     0.176
 
 Fitting and assembly step of exchange...
 CPU time [min]:     0.032                   Wall time [min]:     0.176
 
 Second step of Coulomb...
   1% done.
  13% done.
  28% done.
  47% done.
  71% done.
 100% done.
 CPU time [min]:     0.032                   Wall time [min]:     0.179
 
 RMS of [F,P]:                                         0.00000101332290
 RMS of difference density:                            0.00000226752960
 Gap [au]:  0.51070811
 ALPHA OCC:   4   1
 BETA  OCC:   4   1
 
 ***HARTREE-FOCK ENERGY IN STEP   8 IS        -56.2184439828006717 [AU]
 ======================================================================
 ITERATION STEP   9
 CPU time [min]:     0.033                   Wall time [min]:     0.182
 
 Constructing Fock-matrix...
 
 First step of Coulomb + first step of exchange...
 Exchange contribution is evaluated for MOs 1 to 5.
   1% done.
  13% done.
  28% done.
  47% done.
  71% done.
 100% done.
 CPU time [min]:     0.035                   Wall time [min]:     0.197
 
 Fitting and assembly step of exchange...
 CPU time [min]:     0.035                   Wall time [min]:     0.197
 
 Second step of Coulomb...
   1% done.
  13% done.
  28% done.
  47% done.
  71% done.
 100% done.
 CPU time [min]:     0.035                   Wall time [min]:     0.200
 
 RMS of [F,P]:                                         0.00000017685736
 RMS of difference density:                            0.00000054585125
 Gap [au]:  0.51070796
 ALPHA OCC:   4   1
 BETA  OCC:   4   1
 
 ***HARTREE-FOCK ENERGY IN STEP   9 IS        -56.2184439835423433 [AU]
 ======================================================================
 ITERATION STEP  10
 CPU time [min]:     0.036                   Wall time [min]:     0.202
 
 Constructing Fock-matrix...
 
 First step of Coulomb + first step of exchange...
 Exchange contribution is evaluated for MOs 1 to 5.
   1% done.
  13% done.
  28% done.
  47% done.
  71% done.
 100% done.
 CPU time [min]:     0.038                   Wall time [min]:     0.219
 
 Fitting and assembly step of exchange...
 CPU time [min]:     0.038                   Wall time [min]:     0.219
 
 Second step of Coulomb...
   1% done.
  13% done.
  28% done.
  47% done.
  71% done.
 100% done.
 CPU time [min]:     0.039                   Wall time [min]:     0.223
 
 RMS of [F,P]:                                         0.00000005098548
 RMS of difference density:                            0.00000008988161
 Gap [au]:  0.51070802
 ALPHA OCC:   4   1
 BETA  OCC:   4   1
 
 ***HARTREE-FOCK ENERGY IN STEP  10 IS        -56.2184439835750140 [AU]
 ======================================================================
 
 SUCCESS...
 THE SCF ITERATION HAS CONVERGED!
 
                   A'  A"  
 FINAL ALPHA OCC:   4   1
 FINAL BETA  OCC:   4   1
 
 ***FINAL HARTREE-FOCK ENERGY:        -56.2184439835750140 [AU]
 
 RETURNING FROM SCF ALGORITHM
 ======================================================================

 ************************ 2025-10-11 14:08:33 *************************
 Executing integ...

 Allocation of 4096.0 Mbytes of memory...
 
 
 Number of atoms:                  4
 Charge:                           0
 Number of electrons:             10
 Number of core electrons:         2
 Spin multiplicity:                1
 
                 Cartesian coordinates [bohr]      Atomic mass [AMU]  Z
   1  N     0.00000000    0.00000000    0.21732767    14.003074       7
   2  H     0.00000000    1.76882381   -0.50709789     1.007825       1
   3  H    -1.53348291   -0.88535677   -0.50709789     1.007825       1
   4  H     1.53348291   -0.88535677   -0.50709789     1.007825       1
 
 This molecule is an asymmetric top.
 
 Rotational constants [cm-1]: 
      9.969904184551      9.958786273476      6.354774534890
 
 Point group: Cs  
 Computational point group: Cs  
 
 Cartesian coordinates in standard orientation [bohr]
   1  N     0.00000000   -0.00015443    0.12863921
   2  H     0.00000000   -1.76873838   -0.59637175
   3  H    -1.53348291    0.88544206   -0.59549327
   4  H     1.53348291    0.88544206   -0.59549327
 
 Nuclear repulsion energy [au]:         11.958409012876
 
 
 Basis set information:
 
 Maximum angular momentum: g
 Maximum number of contracted Gaussians:   13
 Maximum number of primitive Gaussians:    15
 Spherical harmonic GTOs are used.
 
 
 Conventional basis set:
 
   1  N  cc-pvdz-f12 [ 11s 6p 2d | 5s 5p 2d ]
   2  H  cc-pvdz-f12 [ 5s 2p | 3s 2p ]
   3  H  cc-pvdz-f12 [ 5s 2p | 3s 2p ]
   4  H  cc-pvdz-f12 [ 5s 2p | 3s 2p ]
 
 Total number of basis functions:     57
 
 
 Fitting basis set for the SCF calculation:
 
   1  N  aug-cc-pvtz-ri-jk [ 11s 8p 6d 3f 2g | 11s 8p 6d 3f 2g ]
   2  H  aug-cc-pvtz-ri-jk [ 5s 4p 3d 2f | 5s 4p 3d 2f ]
   3  H  aug-cc-pvtz-ri-jk [ 5s 4p 3d 2f | 5s 4p 3d 2f ]
   4  H  aug-cc-pvtz-ri-jk [ 5s 4p 3d 2f | 5s 4p 3d 2f ]
 
 Total number of basis functions:    242
 
 
 Fitting basis set for the correlation calculation:
 
   1  N  aug-cc-pwcvtz-ri [ 13s 10p 8d 5f 2g | 13s 10p 8d 5f 2g ]
   2  H  aug-cc-pvtz-ri [ 5s 4p 3d 2f | 5s 4p 3d 2f ]
   3  H  aug-cc-pvtz-ri [ 5s 4p 3d 2f | 5s 4p 3d 2f ]
   4  H  aug-cc-pvtz-ri [ 5s 4p 3d 2f | 5s 4p 3d 2f ]
 
 Total number of basis functions:    274
 
 
 Old basis set for SCF restart
 
   1  N  cc-pvdz-f12 [ 11s 6p 2d | 5s 5p 2d ]
   2  H  cc-pvdz-f12 [ 5s 2p | 3s 2p ]
   3  H  cc-pvdz-f12 [ 5s 2p | 3s 2p ]
   4  H  cc-pvdz-f12 [ 5s 2p | 3s 2p ]
 
 Total number of basis functions:     57
 
 
 Complimentary auxiliary basis set (CABS):
 
   1  N  cc-pvdz-f12-optri [ 4s 4p 4d 3f 1g | 4s 4p 4d 3f 1g ]
   2  H  cc-pvdz-f12-optri [ 3s 3p 2d | 3s 3p 2d ]
   3  H  cc-pvdz-f12-optri [ 3s 3p 2d | 3s 3p 2d ]
   4  H  cc-pvdz-f12-optri [ 3s 3p 2d | 3s 3p 2d ]
 
 Total number of basis functions:    132
 
 
 Character table for point group Cs:
 
          E  Qh  
    A'    1   1
    A"    1  -1
 
 Number of basis functions per irrep:
    A'    115
    A"     74
 
 
 Calculation of overlap integrals...
 CPU time [min]:     0.006                   Wall time [min]:     0.062
 
 Calculation of the square root of the overlap matrix...
 Minimum eigenvalue of the overlap matrix: 0.146252E-04
 CPU time [min]:     0.006                   Wall time [min]:     0.065
 
 Calculation of kinetic energy integrals...
 CPU time [min]:     0.006                   Wall time [min]:     0.065
 Calculation of nuclear attraction integrals...
 CPU time [min]:     0.006                   Wall time [min]:     0.065
 Calculation of overlap integrals...
 CPU time [min]:     0.006                   Wall time [min]:     0.065
 
 Calculation of prescreening integrals...
 CPU time [min]:     0.010                   Wall time [min]:     0.095
 
 Calculation of two-center Coulomb integrals...
   2% done.
  13% done.
  25% done.
  39% done.
  57% done.
  69% done.
  89% done.
 100% done.
 CPU time [min]:     0.011                   Wall time [min]:     0.097
 
 Cholesky decomposition of the two-center matrix...
 Reciprocal of the condition number:  0.371344E-04
 CPU time [min]:     0.011                   Wall time [min]:     0.100
 

 ************************ 2025-10-11 14:08:47 *************************
 Executing scf...

 Allocation of 4096.0 Mbytes of memory...
 Constructing Fock-matrix...
 
 First step of Coulomb...
   1% done.
  13% done.
  28% done.
  47% done.
  71% done.
 100% done.
 CPU time [min]:     0.009                   Wall time [min]:     0.020
 
 Second step of Coulomb...
   3% done.
  40% done.
 CPU time [min]:     0.010                   Wall time [min]:     0.029
 
 
 First step of exchange...
 Exchange contribution is evaluated for MOs 1 to 5.
   1% done.
  13% done.
  28% done.
  47% done.
  71% done.
 100% done.
 CPU time [min]:     0.012                   Wall time [min]:     0.043
 
 Fitting and assembly step of exchange...
 CPU time [min]:     0.012                   Wall time [min]:     0.044
 

 ************************ 2025-10-11 14:09:02 *************************
 Executing mp2f12...

 MP2-F12 calculation
 
 Allocation of 4096.0 Mbytes of memory...
 
 Calculating CABS singles correction...
 CPU time [min]:     0.002                   Wall time [min]:     0.006
 
 Closed-shell CC mem. requirement in Mb
 
 Calculating Coulomb integrals in memory...
 CPU time [min]:     0.007                   Wall time [min]:     0.042
 
 Calculating (DelF12)^2 integrals...
 CPU time [min]:     0.009                   Wall time [min]:     0.055
 
 Calculating F12/r12 integrals...
 CPU time [min]:     0.010                   Wall time [min]:     0.065
 
 Calculating F12^2 integrals...
 Calculating F12^2 contribution 
 CPU time [min]:     0.013                   Wall time [min]:     0.088
 
 Calculating F12 integrals...
 CPU time [min]:     0.016                   Wall time [min]:     0.104
 
 Calculating pair energies...
 CPU time [min]:     0.017                   Wall time [min]:     0.110
 
 Reference energy [au]:                   -56.218443983575
 CABS singles correction [au]:             -0.002700574169
 Corrected reference energy [au]:         -56.221144557744
 MP2 correlation energy [au]:              -0.218173555808
 MP2 energy [au]:                         -56.436617539383
 F12 contribution [au]:                    -0.043533302979
 Coupling term [au]:                       -0.002996622231
 MP2-F12 correlation energy [au]:          -0.261706858788
 MP2-F12 energy [au]:                     -56.482851416531
 
 CPU time [min]:     0.017                   Wall time [min]:     0.110
 
 Calculating CCSD-F12 intermediates...
 CPU time [min]:     0.021                   Wall time [min]:     0.141

 ************************ 2025-10-11 14:09:29 *************************
 Executing ccsd...

 Allocation of 4096.0 Mbytes of memory...

 Direct DF-CCSD(T)-F12 calculation
 
 Convergence criterion:  1.0E-06
 
 Number of occupied/virtual/auxiliary orbitals:     4    52   274
     16.76 MB is the minimal memory requirement for (T)
      8.65 MB is the minimal memory requirement for CCSD
 
 Reference energy [au]:             -56.218443983575
 T1 contribution [au]:               -0.000000000000
 Same spin MP2 energy [au]:          -0.050011265427
 Opposite spin MP2 energy [au]:      -0.168162290381
 MP2 correlation energy [au]:        -0.218173555808
 Total MP2 energy [au]:             -56.436617539383
 
 CABS singles correction [au]:       -0.002700574169
 Corrected reference energy [au]:   -56.221144557744
 MP2-F12 contribution [au]:          -0.040536680748
 
 CPU time [min]:     0.002                   Wall time [min]:     0.021
 
 Starting CCSD iterations...
 
                     Residual norm          Energy
 Iteration  1        0.145891306856      -56.480084061437
 Iteration  2        0.033367071344      -56.484406047187
 Iteration  3        0.010584196036      -56.485247822351
 Iteration  4        0.001970284708      -56.485255723538
 Iteration  5        0.000643289450      -56.485271326497
 Iteration  6        0.000180533084      -56.485272337403
 Iteration  7        0.000048070724      -56.485271180228
 Iteration  8        0.000016987478      -56.485271255227
 Iteration  9        0.000005428466      -56.485271101824
 
 CCSD iteration has converged in  9 steps.
       36.68 MB memory was utilized by CCSD
 
 T1 diagnostic:      7.527E-03            D1 diagnostic:      1.391E-02
 
 T1 contribution [au]:                            0.000000000936
 CCSD(F12*) correlation energy [au]:             -0.264126544081
 Total CCSD(F12*) energy [au]:                  -56.485271101824
 
 CPU time [min]:     0.015                   Wall time [min]:     0.113
 
 Calculation of (T) correction...
 
 
       16.06 MB memory is utilized for (T)

 0%       25%       50%       75%       100%
 |---------|---------|---------|---------| 
 
 (T)  correction [au]:                         -0.006737399960
 (T*) correction [au]:                         -0.008081748374
 (T+) correction [au]:                         -0.008059259751
 CCSD(F12*)(T)  correlation energy [au]:       -0.270863944041
 CCSD(F12*)(T*) correlation energy [au]:       -0.272208292455
 CCSD(F12*)(T+) correlation energy [au]:       -0.272185803831
 Total CCSD(F12*)(T)  energy [au]:            -56.492008501784
 Total CCSD(F12*)(T*) energy [au]:            -56.493352850198
 Total CCSD(F12*)(T+) energy [au]:            -56.493330361575
 CPU time [min]:     0.016                   Wall time [min]:     0.121
 
 ************************ 2025-10-11 14:09:44 *************************
                      Normal termination of mrcc.
 **********************************************************************
