
 Working directory              : /local/scratch/lcrisci_vb/testmol_70919.pbs.village.sns.it/molpro.tfLGdYB1OT/
 Global scratch directory       : /local/scratch/lcrisci_vb/testmol_70919.pbs.village.sns.it/molpro.2jLLFKyJoz/
 Wavefunction directory         : /local/scratch/lcrisci_vb/testmol_70919.pbs.village.sns.it/
 Main file repository           : /local/scratch/lcrisci_vb/testmol_70919.pbs.village.sns.it/molpro.tfLGdYB1OT/

 id        : vbarone

 Nodes                              nprocs
 thiotimoline-large02.village.sns.it    1
 GA implementation: MPI file
 GA implementation (serial work in mppx): MPI file

 Using customized tuning parameters: mindgm=1; mindgv=20; mindgc=4; mindgr=1; noblas=0; minvec=7
 default implementation of scratch files=df  


 Variables initialized (1042), CPU time= 0.01 sec
                                                                                 !scheme
                                                                                 !1.0
 geomtyp=xyz
 noorient
 bohr
 geometry={
 5
 Title
 C 0.0 0.0 0.0
 H 1.167036223482 1.165146497358 1.165146497358
 H -1.165146497358 -1.165146497358 1.165146497358
 H -1.165146497358 1.165146497358 -1.165146497358
 H 1.165146497358 -1.165146497358 -1.165146497358
 }
 Set,spin = 0
 Set,charge = 0
       basis=cc-pvdz-f12
 
 cDFTc=0.4210
 cXHF=0.69
 c2ab=0.5922
 c2ss=0.0636
 {DF-ks,pbex,p86,gridthr=1d-6,gridthr=3d-7;dh,cXHF,1.00-cDFTc}
 EKS=ENERGY;
 DF-mp2,ksfock,scsfacs=c2ab/(1.00-cDFTc),scsfact=c2ss/(1.00-cDFTc)
 PT2=(EMP2_SCS - ENERGR)*(1.00-cDFTc)
                                                                  !For normal MP2-F12, we need not to multiply SCSMP2DZ with 0.5790
 exe_energy=EKS+PT2
 Commands initialized (847), CPU time= 0.00 sec, 718 directives.
 Default parameters read. Elapsed time= 0.41 sec

 Checking input...
 Passed
1


                                         ***  PROGRAM SYSTEM MOLPRO  ***
                                       Copyright, TTI GmbH Stuttgart, 2015
                                    Version 2024.1 linked Wed Jan 31 14:33:13 2024


 **********************************************************************************************************************************
 LABEL *                                                                                                                                                                 
  64 bit serial version                                                                  DATE: 14-Sep-25          TIME: 23:21:34  
 **********************************************************************************************************************************

 SHA1:             675817fde4514a4a933b69e420913a90cee4ef91
 **********************************************************************************************************************************

 Memory per process:     11520 MW
 Total memory per node:  11520 MW

 GA preallocation disabled
 GA check disabled
 SETTING GEOMTYP        =    XYZ

 Variable memory set to 11520.0 MW

 ZUNIT=BOHR


 Geometry recognized as XYZ


 Turning off symmetry in density fitting calculation
 To re-enable, use 'symmetry,auto'

 SETTING SPIN           =      0.0000000D+00                                  
 SETTING CHARGE         =      0.0000000D+00                                  
 SETTING BASIS          =    CC-PVDZ-F12
 SETTING CDFTC          =         0.42100000                                  
 SETTING CXHF           =         0.69000000                                  
 SETTING C2AB           =         0.59220000                                  
 SETTING C2SS           =         0.06360000                                  


 Recomputing integrals since basis changed


 Using spherical harmonics

 Library entry C      S cc-pVDZ-F12          selected for orbital group  1
 Library entry C      P cc-pVDZ-F12          selected for orbital group  1
 Library entry C      D cc-pVDZ-F12          selected for orbital group  1
 Library entry H      S cc-pVDZ-F12          selected for orbital group  2
 Library entry H      P cc-pVDZ-F12          selected for orbital group  2


 PROGRAM * SEWARD (Integral evaluation for generally contracted gaussian basis sets)     Author: Roland Lindh, 1990

 Geometry written to block  1 of record 700


 Point group  C1  



 ATOMIC COORDINATES

 NR  ATOM    CHARGE       X              Y              Z

   1  C       6.00    0.000000000    0.000000000    0.000000000
   2  H       1.00    1.167036223    1.165146497    1.165146497
   3  H       1.00   -1.165146497   -1.165146497    1.165146497
   4  H       1.00   -1.165146497    1.165146497   -1.165146497
   5  H       1.00    1.165146497   -1.165146497   -1.165146497

 Bond lengths in Bohr (Angstrom)

 1-2  2.019184555  1-3  2.018092932  1-4  2.018092932  1-5  2.018092932
     ( 1.068506451)     ( 1.067928789)     ( 1.067928789)     ( 1.067928789)

 Bond angles

  2-1-3  109.49310741   2-1-4  109.49310741   2-1-5  109.42743820   3-1-4  109.47122063

  3-1-5  109.47122063   4-1-5  109.47122063

 NUCLEAR CHARGE:                   10
 NUMBER OF PRIMITIVE AOS:          85
 NUMBER OF SYMMETRY AOS:           83
 NUMBER OF CONTRACTIONS:           66   (   66A   )
 NUMBER OF INNER CORE ORBITALS:     0   (    0A   )
 NUMBER OF OUTER CORE ORBITALS:     1   (    1A   )
 NUMBER OF VALENCE ORBITALS:        8   (    8A   )


 NUCLEAR REPULSION ENERGY   13.71120915

 Eigenvalues of metric

         1 0.121E-02 0.319E-02 0.319E-02 0.319E-02 0.364E-02 0.371E-02 0.371E-02 0.371E-02


 OPERATOR DM      FOR CENTER  0  COORDINATES:    0.000000    0.000000    0.000000


 **********************************************************************************************************************************
 DATASETS  * FILE   NREC   LENGTH (MB)   RECORD NAMES
              1      18       28.81       500      610      700      900      950      970     1000      129      960     1100   
                                          VAR    BASINP    GEOM    SYMINP    ZMAT    AOBASIS   BASIS     P2S    ABASIS      S 
                                         1400     1410     1200     1210     1080     1600     1650     1700   
                                           T        V       H0       H01     AOSYM     SMH    MOLCAS    OPER   

 PROGRAMS   *        TOTAL       INT
 CPU TIMES  *         0.89      0.78
 REAL TIME  *        30.59 SEC
 DISK USED  *        29.21 MB
 **********************************************************************************************************************************


 Program * Restricted Kohn-Sham

 Functional: PBEX(Automatically generated (new) PBEX)                          Gradient terms: 1   Type: GGA     
 Functional: P86(Automatically generated (new) P86)                            Gradient terms: 1   Type: GGA     

 Parameters for double-hybrid functional:
 fraction of HF exchange: ax=    0.690000
 fraction of PBEX exchange: (1-ax)=    0.310000
 fraction of P86 correlation: (1-ac)=    0.421000
 fraction of subsequent MP2 correlation: ac=    0.579000

 Exact exchange will be calculated, factor:  0.6900
 Functional: PBEX                   Factor:  0.3100
 Functional: P86                    Factor:  0.4210


 Grid parameters:  
 Global grid threshold:     3.0D-07
 Weight_cut:                1.0D-20
 Fac_neighbour:               4.0
 Size_adjustment:           TREUTLER
 Grid orientation:             2  min(wdiff)= 0.453E-04  Warning! Matrix for grid orientation has degenerate eigenvalues!
 Pruning method:               4
 Pruning function:             0

 Angular quadrature scheme: LEBEDEV,   Threshold: 3.0D-08, Crowding factor: 0.00, Minimum L: 0 0 0 0, Maximum L: 59 59 59 59
 Radial quadrature scheme:  LOG,       Threshold: 1.5E-07, mr: 3, Scale:    1.00, Minimum quadrature orders:     20 25 25 30
 Voronoi_scheme:            MURRAY,    Quadrature type: 1, Partitioning mmu: 10, Weight flags: 2, Use symmetry=F

 Generated new metagrid with target accuracy 3.0D-07 and 19454 points in CPU time    0.5
 Computed new grid on record 1800.1 in CPU time    0.6
 Grid points discarded due to weight cutoff:     140

 DFT orbital screening threshold (tolorb):   1.0D-07

 Basis set VDZ-F12/JKFIT generated.      Number of basis functions:   214 
 Coulomb and exchange fitting
 Thresholds for fitting:       THRAO_COUL= 1.0D-14    THRAO_EXCH= 1.0D-12    THRMO= 1.0D-11    THRPROD= 1.0D-11    THRASM= 1.0D-11
                               THR2HLF=    1.0D-11

 Basis set VDZ-F12-JKFIT loaded. Number of basis functions: 214

 Orbital guess generated from atomic densities. Full valence occupancy:    9
 Using density fitting in orbital guess


 Initial occupancy:   5

 NELEC=   10   SYM=1   MS2= 0   THRE=1.0D-07   THRD=1.0D-05   THRG=1.0D-05  HFMA2=F  DIIS_START=2   DIIS_MAX=10   DIIS_INCORE=F

 Level shifts:    0.00 (CLOSED)    0.00 (OPEN)    0.30 (GAP_MIN)

 ITER           ETOT              DE          GRAD        DDIFF     DIIS  NEXP   TIME(IT)  TIME(TOT)  DIAG
   1      -40.30476694     -40.30476694     0.00D+00     0.10D+00     0     0       0.07      0.16    start
   2      -40.32340865      -0.01864171     0.90D-02     0.16D-01     1     0       0.07      0.23    diag
   3      -40.33210747      -0.00869882     0.56D-02     0.59D-02     2     0       0.07      0.30    diag
   4      -40.33220971      -0.00010224     0.37D-03     0.67D-03     3     0       0.07      0.37    diag
   5      -40.33221114      -0.00000143     0.47D-04     0.13D-03     4     0       0.07      0.44    diag
   6      -40.33221115      -0.00000001     0.28D-05     0.16D-04     5     0       0.07      0.51    diag
   7      -40.33221115      -0.00000000     0.18D-06     0.11D-05     6     0       0.07      0.58    diag
   8      -40.33221115      -0.00000000     0.15D-07     0.32D-07     0     0       0.07      0.65    fixocc

 Final occupancy:   5

 !RKS STATE 1.1 Energy                -40.332211145528
  RKS One-electron energy             -80.293518446933
  RKS Two-electron energy              28.422639998301
  RKS Kinetic energy                   40.271433646565
  RKS Nuclear energy                   13.711209145866
  RKS Virial quotient                  -1.001509196308
 Density functional                    -2.17254184     PBEX=-6.56056798 P86=-0.32960991

 !RKS STATE 1.1 Dipole moment          -0.00000855    -0.00013520    -0.00013523
 Dipole moment /Debye                  -0.00002173    -0.00034364    -0.00034372

 Orbital energies:

           1.1          2.1          3.1          4.1          5.1          6.1          7.1
    -10.783979    -0.858114    -0.492726    -0.492683    -0.492514     0.051673     0.075824


 HOMO      5.1    -0.492514 =     -13.4020eV
 LUMO      6.1     0.051673 =       1.4061eV
 LUMO-HOMO         0.544187 =      14.8081eV

 Orbitals saved in record  2100.2


 **********************************************************************************************************************************
 DATASETS  * FILE   NREC   LENGTH (MB)   RECORD NAMES
              1      19       29.41       500      610      700      900      950      970     1000      129      960     1100   
                                          VAR    BASINP    GEOM    SYMINP    ZMAT    AOBASIS   BASIS     P2S    ABASIS      S 
                                         1400     1410     1200     1210     1080     1600     1650     1700     1800   
                                           T        V       H0       H01     AOSYM     SMH    MOLCAS    OPER     GRID   

              2       4        0.52       700     1000      520     2100   
                                         GEOM     BASIS   MCVARS     RKS  

 PROGRAMS   *        TOTAL     DF-KS       INT
 CPU TIMES  *         2.10      1.21      0.78
 REAL TIME  *        52.83 SEC
 DISK USED  *        30.90 MB
 **********************************************************************************************************************************
 SETTING EKS            =       -40.33221115  AU                              


 PROGRAM * MP2 (Closed-shell)     Authors: C. Hampel, H.-J. Werner, 1991, M. Deegan, P.J. Knowles, 1992


 Basis set CC-PVDZ-F12/MP2FIT generated. Number of basis functions:   164 

 Convergence thresholds:  THRVAR = 1.00D-08  THRDEN = 1.00D-06

 Number of core orbitals:           1 (   1 )
 Number of closed-shell orbitals:   4 (   4 )
 Number of external orbitals:      61 (  61 )

 Molecular orbitals read from record     2100.2  Type=RKS/CANONICAL  


 Entering DF-MP2

 Thresholds:    THRAO= 0.100D-13    THRMO= 0.100D-13    THROV= 0.100D-13    THRPROD= 0.100D-13

 Fitting basis: CC-PVDZ-F12-MP2FIT
 Number of fitting functions:              164

 Double-hybrid functional calculation:
 use DFT energy as reference

 Minimum memory with paging:              0.95 MW
 Minimum memory for incore algorithm:     0.99 MW
 Memory for 3-index integrals:            0.00 MW

 Disk space for H1-integrals:             0.35 MB (   1 records)
 correlation energy is multiplied by   ac =    0.579000

 SCS-MP2 correlation energy:           -0.100772136392   (PS=  1.022798  PT=  0.109845)
 SCS-MP2 total energy:                -40.432983281920

 Norm of first-order wave function:     0.058755907458
 Coefficient of reference function:     0.971856350193

  Reference energy                    -40.332211145528
  MP2 singlet pair energy              -0.084533994900
  MP2 triplet pair energy              -0.034553941582
  MP2 correlation energy               -0.119087936482

 !MP2 total energy                    -40.451299082010


 **********************************************************************************************************************************
 DATASETS  * FILE   NREC   LENGTH (MB)   RECORD NAMES
              1      19       29.41       500      610      700      900      950      970     1000      129      960     1100   
                                          VAR    BASINP    GEOM    SYMINP    ZMAT    AOBASIS   BASIS     P2S    ABASIS      S 
                                         1400     1410     1200     1210     1080     1600     1650     1700     1800   
                                           T        V       H0       H01     AOSYM     SMH    MOLCAS    OPER     GRID   

              2       4        0.52       700     1000      520     2100   
                                         GEOM     BASIS   MCVARS     RKS  

 PROGRAMS   *        TOTAL    DF-MP2     DF-KS       INT
 CPU TIMES  *         2.14      0.04      1.21      0.78
 REAL TIME  *        53.36 SEC
 DISK USED  *        30.90 MB
 **********************************************************************************************************************************
 SETTING PT2            =        -0.05834707  AU                              
 SETTING EXE_ENERGY     =       -40.39055821  AU                              

 DF-MP2/cc-pVDZ-F12 energy=    -40.451299082010

          DF-MP2           DF-KS
    -40.45129908    -40.33221115
 **********************************************************************************************************************************
 Molpro calculation terminated
