 **********************************************************************
                          MRCC program system
 **********************************************************************
 
                              Written by
     Mihaly Kallay, Peter R. Nagy, David Mester, Laszlo Gyevi-Nagy,
        Jozsef Csoka, P. Bernat Szabo, Zoltan Rolik, Gyula Samu,
      Bence Hegely, Bence Ladoczki, Klara Petrov, Jozsef Csontos,
     Adam Ganyecz, Istvan Ladjanszki, Lorant Szegedy, Mate Farkas,
          Pal D. Mezei, Reka A. Horvath, and Balazs D. Lorincz
 
        Department of Physical Chemistry and Materials Science
            Budapest University of Technology and Economics
                  Budapest P.O.Box 91, H-1521 Hungary
 
                              www.mrcc.hu
 
                            Version: 25.1.2

 ************************ 2025-10-11 14:17:32 *************************
 Executing minp...

 Reading input from MINP...
 
 Input file:
 
mem=4096MB
basis=cc-pVDZ-F12
calc=FNO-CCSD(T)-F12




unit=bohr
geom=xyz
4
Title AutoGenerated by MRCC_Ext Script
N       0.0000000000     0.0000000000     0.2172408440
H       0.0000000000     1.7701970355    -0.5087850287
H      -1.5330356025    -0.8850985178    -0.5068953026
H       1.5330356025    -0.8850985178    -0.5068953026


charge=0
mult=1



 
 
 Checking keyword combinations...
 
 Keywords:
 
 active=none
 agrid=ld0006-ld0590
 agrid_pssp=ld0006-ld0194
 agrid_pssp_sm=ld0006-ld0074
 basis=cc-pvdz-f12
 basis_sm=cc-pvdz-f12
 basopt=off
 bfbasis=none
 bfgsmem=10
 bfgstol=1.0d-3
 boysalg=jacobi
 bpcompo=0.985
 bpcompv=0.98
 bpdfo=0.985
 bpocc=0.985
 bppdo=0.985
 bppdv=0.98
 bpedo=0.985
 bpedv=0.98
 bp_subsyso=0.95
 bp_subsysv=0.95
 cabscorr=off
 cabsdual=off
 calc=ccsd(t)-f12
 ccmaxit=50
 ccprog=ccsd
 ccsdalg=dfdirect
 ccsdmkl=seq
 ccsdrest=trf
 ccsdthreads=2
 cctol=6
 charge=0
 cialg=auto
 ciguess=off
 cmpgrp=auto
 comprest=off
 coord_sys=ric
 core=frozen
 corembed=off
 csapprox=off
 cvs=off
 dboc=off
 deltaf12=off
 delocsomofact=
 dendec=cholesky
 dens=0
 denscorr=0
 dfalg=lineq
 dfbasis_cab=auto
 dfbasis_cor=auto
 dfbasis_scf=auto
 dfbasis_scf_sm=auto
 dfintran=drpa
 dft=off
 dhexc=adc(2)
 diag=david
 docc=
 domrad=10.d0
 drpaalg=fit
 dual=on
 dual_df=off
 dyson=off
 ecp=auto
 edisp=off
 edisp_embed=off
 embed=off
 epairestfact=off
 epairscale=1.d0
 etemp=300
 epert=none
 eps=
 espcharge=off
 excrad=0.d0
 excrad_f12=0.d0
 excrad_fin=0.000000000D+00
 fastdbbsc=v2
 fitting=coulomb
 fmm=off
 fmmord=8
 fnonorb=
 freq=off
 gamma=0.9d0
 gauss=spher
 geom=xyz
 gopt=off
 ghost=none
 gtol=7
 grdens=off
 grid=auto
 grid_sm=auto
 gridbatch_cos=2000
 grtol=10
 guido_ct=off
 hamilton=dc
 iface=none
 incore=off
 intalg=os
 ip_ea=off
 itol=10
 laptol=1.d-2
 lccoporder=trffirst
 lcorthr=normal
 lccrest=off
 ldfgrad_tol=8
 lmp2dens=on
 lnoepso=0.d0
 lnoepsv=1e-4
 localcc=off
 localcorrsymm=off
 locintrf=disk
 mact=
 maxact=off
 maxdim=200
 maxex=0
 maxmicroit=100
 mcscfiguess=hf
 mem=4096mb
 mmprog=
 molden=on
 mp2ongrid=off
 mpitasks=1
 mulmet=0
 mult=1
 nab=0.1d0
 nacto=0
 nactv=0
 naf_amp=3.16d-3
 naf_cor=5e-2
 naf_f12=5e-2
 naf_scf=off
 nafalg=albe
 nafdens=off
 naftyp=jpq_inv
 nchol=auto
 ndeps=1e-3
 nstate=1
 nsing=0
 nto=off
 ntrip=0
 num_grad=off
 occ=
 occri=off
 oniom=off
 oniom_eechg=off
 oniom_pcm=off
 oniom_qcorr=off
 optalg=
 optmaxit=50
 optetol=1e-6
 optex=0
 optgtol=1e-4
 optstol=1e-3
 orblocc=off
 orbloce=off
 orbloco=off
 orblocv=off
 orblocguess=cholesky
 osveps=1e-3
 ovirt=mp2
 ovltol=1e-7
 ovosnorb=80.0
 pao_subsys_tol=1e-3
 pao_tol=1e-3
 pcm=off
 popul=off
 pressure=100000
 pssp=off
 ptfreq=0.0
 ptthreads=2
 qmreg=
 qmmm=off
 qro=off
 qscf=off
 redcost_exc=off
 redcost_tddft=off
 refdet=none
 rest=0
 rgrid=log3
 rism=off
 rohfcore=semicanonical
 rohftype=semicanonical
 scfalg=direct
 scf_conv=auto
 scfdamp=0.0d0
 scfdamp_mode=off
 scfdamp_end=50
 scfdamp_dampstep=0.d0
 scfdamp_dtol=0.0d0
 scfdamp_maxfact=0.0d0
 scfdamp_minfact=0.0d0
 scfdiis=on
 scfdiis_dtol=0.0d0
 scfdiis_end=50
 scfdiis_start=2
 scfdiis_step=1
 scfdiis_watch=off
 scfdiis_wrange=10
 scfdiis_wlimit=5
 scfdiis_delmax=2
 scfdtol=7
 scfext=10
 scfguessdens=
 scfiguess=sad
 scfloc=off
 scflshift=0.20
 scflshift_end=8
 scflshift_dtol=0.0
 scflshift_gaptol=0.20
 scfmaxit=50
 scftype=
 scftol=6
 scspe=1.d0
 scsph=1.d0
 scsps=1.2d0
 scsps_t=1.2d0
 scspt=0.33333333333333
 scspt_t=0.33333333333333
 scspv=1.d0
 spairtol=1e-4
 sqmprog=
 subminp=top
 subsys_bopu=on
 symm=
 talg=occ
 temp=298.15
 test=off
 theodore=off
 tlmo=0.999
 tpao=0.94
 tprint=off
 uncontract=off
 unit=bohr
 usedisk=2
 verbosity=2
 wpairtol=0.100000000E-05

 ************************ 2025-10-11 14:17:45 *************************
 Executing integ...

 Allocation of 4096.0 Mbytes of memory...
 
 
 Number of atoms:                  4
 Charge:                           0
 Number of electrons:             10
 Number of core electrons:         2
 Spin multiplicity:                1
 
                 Cartesian coordinates [bohr]      Atomic mass [AMU]  Z
   1  N     0.00000000    0.00000000    0.21724084    14.003074       7
   2  H     0.00000000    1.77019704   -0.50878503     1.007825       1
   3  H    -1.53303560   -0.88509852   -0.50689530     1.007825       1
   4  H     1.53303560   -0.88509852   -0.50689530     1.007825       1
 
 This molecule is an asymmetric top.
 
 Rotational constants [cm-1]: 
      9.961321291211      9.961315831006      6.353959828662
 
 Point group: Cs  
 Computational point group: Cs  
 
 Cartesian coordinates in standard orientation [bohr]
   1  N     0.00000000    0.00012646    0.12869966
   2  H     0.00000000   -1.77078312   -0.59558644
   3  H    -1.53303560    0.88451301   -0.59630585
   4  H     1.53303560    0.88451301   -0.59630585
 
 Nuclear repulsion energy [au]:         11.957000736840
 
 
 Basis set information:
 
 Maximum angular momentum: g
 Maximum number of contracted Gaussians:   13
 Maximum number of primitive Gaussians:    13
 Spherical harmonic GTOs are used.
 
 
 Conventional basis set:
 
   1  N  cc-pvdz-f12 [ 11s 6p 2d | 5s 5p 2d ]
   2  H  cc-pvdz-f12 [ 5s 2p | 3s 2p ]
   3  H  cc-pvdz-f12 [ 5s 2p | 3s 2p ]
   4  H  cc-pvdz-f12 [ 5s 2p | 3s 2p ]
 
 Total number of basis functions:     57
 
 
 Fitting basis set for the SCF calculation:
 
   1  N  aug-cc-pvtz-ri-jk [ 11s 8p 6d 3f 2g | 11s 8p 6d 3f 2g ]
   2  H  aug-cc-pvtz-ri-jk [ 5s 4p 3d 2f | 5s 4p 3d 2f ]
   3  H  aug-cc-pvtz-ri-jk [ 5s 4p 3d 2f | 5s 4p 3d 2f ]
   4  H  aug-cc-pvtz-ri-jk [ 5s 4p 3d 2f | 5s 4p 3d 2f ]
 
 Total number of basis functions:    242
 
 
 Fitting basis set for the correlation calculation:
 
   1  N  aug-cc-pwcvtz-ri [ 13s 10p 8d 5f 2g | 13s 10p 8d 5f 2g ]
   2  H  aug-cc-pvtz-ri [ 5s 4p 3d 2f | 5s 4p 3d 2f ]
   3  H  aug-cc-pvtz-ri [ 5s 4p 3d 2f | 5s 4p 3d 2f ]
   4  H  aug-cc-pvtz-ri [ 5s 4p 3d 2f | 5s 4p 3d 2f ]
 
 Total number of basis functions:    274
 
 
 Initializing the SAD routines for the initial guess...
 Checking the files required for the initial guess...
 Density files have not been found for the initial guess.
 Generating SCFDENSITIES.N.cc-pvdz-f12.0
 Generating SCFDENSITIES.H.cc-pvdz-f12.0
 CPU time [min]:     0.005                   Wall time [min]:     5.475
 
 Character table for point group Cs:
 
          E  Qh  
    A'    1   1
    A"    1  -1
 
 Number of basis functions per irrep:
    A'     37
    A"     20
 
 
 Calculation of overlap integrals...
 CPU time [min]:     0.006                   Wall time [min]:     5.478
 
 Calculation of the square root of the overlap matrix...
 Minimum eigenvalue of the overlap matrix: 0.107729E-02
 CPU time [min]:     0.006                   Wall time [min]:     5.480
 
 Calculation of kinetic energy integrals...
 CPU time [min]:     0.006                   Wall time [min]:     5.480
 Calculation of nuclear attraction integrals...
 CPU time [min]:     0.006                   Wall time [min]:     5.480
 
 Calculation of prescreening integrals...
 CPU time [min]:     0.007                   Wall time [min]:     5.481
 
 Calculation of two-center Coulomb integrals...
   2% done.
  13% done.
  25% done.
  39% done.
  57% done.
  69% done.
  89% done.
 100% done.
 CPU time [min]:     0.008                   Wall time [min]:     5.487
 
 Cholesky decomposition of the two-center matrix...
 Reciprocal of the condition number:  0.372149E-04
 CPU time [min]:     0.008                   Wall time [min]:     5.488
 

 ************************ 2025-10-11 14:23:31 *************************
 Executing scf...

 Allocation of 4096.0 Mbytes of memory...
 ======================================================================
 ITERATION STEP   1
 CPU time [min]:     0.007                   Wall time [min]:     0.019
 
 Constructing Fock-matrix...
 
 First step of Coulomb + first step of exchange...
 Exchange contribution is evaluated for MOs 1 to 5.
   1% done.
  13% done.
  28% done.
  47% done.
  71% done.
 100% done.
 CPU time [min]:     0.010                   Wall time [min]:     0.035
 
 Fitting and assembly step of exchange...
 CPU time [min]:     0.010                   Wall time [min]:     0.035
 
 Second step of Coulomb...
   1% done.
  13% done.
  28% done.
  47% done.
  71% done.
 100% done.
 CPU time [min]:     0.011                   Wall time [min]:     0.040
 
 RMS of [F,P]:                                         0.05385092843164
 RMS of difference density:                            0.01145722871819
 Gap [au]:  0.55658314
 ALPHA OCC:   4   1
 BETA  OCC:   4   1
 
 ***HARTREE-FOCK ENERGY IN STEP   1 IS        -55.9405070088123466 [AU]
 ======================================================================
 ITERATION STEP   2
 CPU time [min]:     0.011                   Wall time [min]:     0.040
 
 Constructing Fock-matrix...
 
 First step of Coulomb + first step of exchange...
 Exchange contribution is evaluated for MOs 1 to 5.
   1% done.
  13% done.
  28% done.
  47% done.
  71% done.
 100% done.
 CPU time [min]:     0.013                   Wall time [min]:     0.056
 
 Fitting and assembly step of exchange...
 CPU time [min]:     0.013                   Wall time [min]:     0.057
 
 Second step of Coulomb...
   1% done.
  13% done.
  28% done.
  47% done.
  71% done.
 100% done.
 CPU time [min]:     0.014                   Wall time [min]:     0.061
 
 RMS of [F,P]:                                         0.00740856325532
 RMS of difference density:                            0.00376758770771
 Gap [au]:  0.50585688
 ALPHA OCC:   4   1
 BETA  OCC:   4   1
 
 ***HARTREE-FOCK ENERGY IN STEP   2 IS        -56.2063945033806505 [AU]
 ======================================================================
 ITERATION STEP   3
 CPU time [min]:     0.014                   Wall time [min]:     0.062
 
 Constructing Fock-matrix...
 
 First step of Coulomb + first step of exchange...
 Exchange contribution is evaluated for MOs 1 to 5.
   1% done.
  13% done.
  28% done.
  47% done.
  71% done.
 100% done.
 CPU time [min]:     0.016                   Wall time [min]:     0.078
 
 Fitting and assembly step of exchange...
 CPU time [min]:     0.016                   Wall time [min]:     0.078
 
 Second step of Coulomb...
   1% done.
  13% done.
  28% done.
  47% done.
  71% done.
 100% done.
 CPU time [min]:     0.017                   Wall time [min]:     0.082
 
 RMS of [F,P]:                                         0.00237316485528
 RMS of difference density:                            0.00086930565294
 Gap [au]:  0.52296108
 ALPHA OCC:   4   1
 BETA  OCC:   4   1
 
 ***HARTREE-FOCK ENERGY IN STEP   3 IS        -56.2168794720868163 [AU]
 ======================================================================
 ITERATION STEP   4
 CPU time [min]:     0.017                   Wall time [min]:     0.084
 
 Constructing Fock-matrix...
 
 First step of Coulomb + first step of exchange...
 Exchange contribution is evaluated for MOs 1 to 5.
   1% done.
  13% done.
  28% done.
  47% done.
  71% done.
 100% done.
 CPU time [min]:     0.020                   Wall time [min]:     0.100
 
 Fitting and assembly step of exchange...
 CPU time [min]:     0.020                   Wall time [min]:     0.101
 
 Second step of Coulomb...
   1% done.
  13% done.
  28% done.
  47% done.
  71% done.
 100% done.
 CPU time [min]:     0.020                   Wall time [min]:     0.104
 
 RMS of [F,P]:                                         0.00088176752917
 RMS of difference density:                            0.00050998049836
 Gap [au]:  0.51082862
 ALPHA OCC:   4   1
 BETA  OCC:   4   1
 
 ***HARTREE-FOCK ENERGY IN STEP   4 IS        -56.2181503399621860 [AU]
 ======================================================================
 ITERATION STEP   5
 CPU time [min]:     0.021                   Wall time [min]:     0.106
 
 Constructing Fock-matrix...
 
 First step of Coulomb + first step of exchange...
 Exchange contribution is evaluated for MOs 1 to 5.
   1% done.
  13% done.
  28% done.
  47% done.
  71% done.
 100% done.
 CPU time [min]:     0.023                   Wall time [min]:     0.121
 
 Fitting and assembly step of exchange...
 CPU time [min]:     0.023                   Wall time [min]:     0.122
 
 Second step of Coulomb...
   1% done.
  13% done.
  28% done.
  47% done.
  71% done.
 100% done.
 CPU time [min]:     0.024                   Wall time [min]:     0.126
 
 RMS of [F,P]:                                         0.00024435756387
 RMS of difference density:                            0.00019472149074
 Gap [au]:  0.51099788
 ALPHA OCC:   4   1
 BETA  OCC:   4   1
 
 ***HARTREE-FOCK ENERGY IN STEP   5 IS        -56.2184120334432720 [AU]
 ======================================================================
 ITERATION STEP   6
 CPU time [min]:     0.024                   Wall time [min]:     0.129
 
 Constructing Fock-matrix...
 
 First step of Coulomb + first step of exchange...
 Exchange contribution is evaluated for MOs 1 to 5.
   1% done.
  13% done.
  28% done.
  47% done.
  71% done.
 100% done.
 CPU time [min]:     0.026                   Wall time [min]:     0.144
 
 Fitting and assembly step of exchange...
 CPU time [min]:     0.027                   Wall time [min]:     0.144
 
 Second step of Coulomb...
   1% done.
  13% done.
  28% done.
  47% done.
  71% done.
 100% done.
 CPU time [min]:     0.027                   Wall time [min]:     0.147
 
 RMS of [F,P]:                                         0.00003783568078
 RMS of difference density:                            0.00005557764451
 Gap [au]:  0.51077994
 ALPHA OCC:   4   1
 BETA  OCC:   4   1
 
 ***HARTREE-FOCK ENERGY IN STEP   6 IS        -56.2184357909835200 [AU]
 ======================================================================
 ITERATION STEP   7
 CPU time [min]:     0.027                   Wall time [min]:     0.150
 
 Constructing Fock-matrix...
 
 First step of Coulomb + first step of exchange...
 Exchange contribution is evaluated for MOs 1 to 5.
   1% done.
  13% done.
  28% done.
  47% done.
  71% done.
 100% done.
 CPU time [min]:     0.030                   Wall time [min]:     0.165
 
 Fitting and assembly step of exchange...
 CPU time [min]:     0.030                   Wall time [min]:     0.166
 
 Second step of Coulomb...
   1% done.
  13% done.
  28% done.
  47% done.
  71% done.
 100% done.
 CPU time [min]:     0.030                   Wall time [min]:     0.170
 
 RMS of [F,P]:                                         0.00000878645366
 RMS of difference density:                            0.00001328261443
 Gap [au]:  0.51073143
 ALPHA OCC:   4   1
 BETA  OCC:   4   1
 
 ***HARTREE-FOCK ENERGY IN STEP   7 IS        -56.2184368346858179 [AU]
 ======================================================================
 ITERATION STEP   8
 CPU time [min]:     0.031                   Wall time [min]:     0.171
 
 Constructing Fock-matrix...
 
 First step of Coulomb + first step of exchange...
 Exchange contribution is evaluated for MOs 1 to 5.
   1% done.
  13% done.
  28% done.
  47% done.
  71% done.
 100% done.
 CPU time [min]:     0.033                   Wall time [min]:     0.187
 
 Fitting and assembly step of exchange...
 CPU time [min]:     0.033                   Wall time [min]:     0.188
 
 Second step of Coulomb...
   1% done.
  13% done.
  28% done.
  47% done.
  71% done.
 100% done.
 CPU time [min]:     0.034                   Wall time [min]:     0.191
 
 RMS of [F,P]:                                         0.00000101305309
 RMS of difference density:                            0.00000226648689
 Gap [au]:  0.51072176
 ALPHA OCC:   4   1
 BETA  OCC:   4   1
 
 ***HARTREE-FOCK ENERGY IN STEP   8 IS        -56.2184368898155071 [AU]
 ======================================================================
 ITERATION STEP   9
 CPU time [min]:     0.034                   Wall time [min]:     0.193
 
 Constructing Fock-matrix...
 
 First step of Coulomb + first step of exchange...
 Exchange contribution is evaluated for MOs 1 to 5.
   1% done.
  13% done.
  28% done.
  47% done.
  71% done.
 100% done.
 CPU time [min]:     0.037                   Wall time [min]:     0.209
 
 Fitting and assembly step of exchange...
 CPU time [min]:     0.037                   Wall time [min]:     0.210
 
 Second step of Coulomb...
   1% done.
  13% done.
  28% done.
  47% done.
  71% done.
 100% done.
 CPU time [min]:     0.037                   Wall time [min]:     0.213
 
 RMS of [F,P]:                                         0.00000017676489
 RMS of difference density:                            0.00000054562338
 Gap [au]:  0.51072160
 ALPHA OCC:   4   1
 BETA  OCC:   4   1
 
 ***HARTREE-FOCK ENERGY IN STEP   9 IS        -56.2184368905566885 [AU]
 ======================================================================
 ITERATION STEP  10
 CPU time [min]:     0.037                   Wall time [min]:     0.215
 
 Constructing Fock-matrix...
 
 First step of Coulomb + first step of exchange...
 Exchange contribution is evaluated for MOs 1 to 5.
   1% done.
  13% done.
  28% done.
  47% done.
  71% done.
 100% done.
 CPU time [min]:     0.040                   Wall time [min]:     0.230
 
 Fitting and assembly step of exchange...
 CPU time [min]:     0.040                   Wall time [min]:     0.230
 
 Second step of Coulomb...
   1% done.
  13% done.
  28% done.
  47% done.
  71% done.
 100% done.
 CPU time [min]:     0.040                   Wall time [min]:     0.234
 
 RMS of [F,P]:                                         0.00000005095891
 RMS of difference density:                            0.00000008981975
 Gap [au]:  0.51072166
 ALPHA OCC:   4   1
 BETA  OCC:   4   1
 
 ***HARTREE-FOCK ENERGY IN STEP  10 IS        -56.2184368905892597 [AU]
 ======================================================================
 
 SUCCESS...
 THE SCF ITERATION HAS CONVERGED!
 
                   A'  A"  
 FINAL ALPHA OCC:   4   1
 FINAL BETA  OCC:   4   1
 
 ***FINAL HARTREE-FOCK ENERGY:        -56.2184368905892597 [AU]
 
 RETURNING FROM SCF ALGORITHM
 ======================================================================

 ************************ 2025-10-11 14:23:55 *************************
 Executing integ...

 Allocation of 4096.0 Mbytes of memory...
 
 
 Number of atoms:                  4
 Charge:                           0
 Number of electrons:             10
 Number of core electrons:         2
 Spin multiplicity:                1
 
                 Cartesian coordinates [bohr]      Atomic mass [AMU]  Z
   1  N     0.00000000    0.00000000    0.21724084    14.003074       7
   2  H     0.00000000    1.77019704   -0.50878503     1.007825       1
   3  H    -1.53303560   -0.88509852   -0.50689530     1.007825       1
   4  H     1.53303560   -0.88509852   -0.50689530     1.007825       1
 
 This molecule is an asymmetric top.
 
 Rotational constants [cm-1]: 
      9.961321291211      9.961315831006      6.353959828662
 
 Point group: Cs  
 Computational point group: Cs  
 
 Cartesian coordinates in standard orientation [bohr]
   1  N     0.00000000    0.00012646    0.12869966
   2  H     0.00000000   -1.77078312   -0.59558644
   3  H    -1.53303560    0.88451301   -0.59630585
   4  H     1.53303560    0.88451301   -0.59630585
 
 Nuclear repulsion energy [au]:         11.957000736840
 
 
 Basis set information:
 
 Maximum angular momentum: g
 Maximum number of contracted Gaussians:   13
 Maximum number of primitive Gaussians:    15
 Spherical harmonic GTOs are used.
 
 
 Conventional basis set:
 
   1  N  cc-pvdz-f12 [ 11s 6p 2d | 5s 5p 2d ]
   2  H  cc-pvdz-f12 [ 5s 2p | 3s 2p ]
   3  H  cc-pvdz-f12 [ 5s 2p | 3s 2p ]
   4  H  cc-pvdz-f12 [ 5s 2p | 3s 2p ]
 
 Total number of basis functions:     57
 
 
 Fitting basis set for the SCF calculation:
 
   1  N  aug-cc-pvtz-ri-jk [ 11s 8p 6d 3f 2g | 11s 8p 6d 3f 2g ]
   2  H  aug-cc-pvtz-ri-jk [ 5s 4p 3d 2f | 5s 4p 3d 2f ]
   3  H  aug-cc-pvtz-ri-jk [ 5s 4p 3d 2f | 5s 4p 3d 2f ]
   4  H  aug-cc-pvtz-ri-jk [ 5s 4p 3d 2f | 5s 4p 3d 2f ]
 
 Total number of basis functions:    242
 
 
 Fitting basis set for the correlation calculation:
 
   1  N  aug-cc-pwcvtz-ri [ 13s 10p 8d 5f 2g | 13s 10p 8d 5f 2g ]
   2  H  aug-cc-pvtz-ri [ 5s 4p 3d 2f | 5s 4p 3d 2f ]
   3  H  aug-cc-pvtz-ri [ 5s 4p 3d 2f | 5s 4p 3d 2f ]
   4  H  aug-cc-pvtz-ri [ 5s 4p 3d 2f | 5s 4p 3d 2f ]
 
 Total number of basis functions:    274
 
 
 Old basis set for SCF restart
 
   1  N  cc-pvdz-f12 [ 11s 6p 2d | 5s 5p 2d ]
   2  H  cc-pvdz-f12 [ 5s 2p | 3s 2p ]
   3  H  cc-pvdz-f12 [ 5s 2p | 3s 2p ]
   4  H  cc-pvdz-f12 [ 5s 2p | 3s 2p ]
 
 Total number of basis functions:     57
 
 
 Complimentary auxiliary basis set (CABS):
 
   1  N  cc-pvdz-f12-optri [ 4s 4p 4d 3f 1g | 4s 4p 4d 3f 1g ]
   2  H  cc-pvdz-f12-optri [ 3s 3p 2d | 3s 3p 2d ]
   3  H  cc-pvdz-f12-optri [ 3s 3p 2d | 3s 3p 2d ]
   4  H  cc-pvdz-f12-optri [ 3s 3p 2d | 3s 3p 2d ]
 
 Total number of basis functions:    132
 
 
 Character table for point group Cs:
 
          E  Qh  
    A'    1   1
    A"    1  -1
 
 Number of basis functions per irrep:
    A'    115
    A"     74
 
 
 Calculation of overlap integrals...
 CPU time [min]:     0.006                   Wall time [min]:     0.084
 
 Calculation of the square root of the overlap matrix...
 Minimum eigenvalue of the overlap matrix: 0.146288E-04
 CPU time [min]:     0.007                   Wall time [min]:     0.088
 
 Calculation of kinetic energy integrals...
 CPU time [min]:     0.007                   Wall time [min]:     0.088
 Calculation of nuclear attraction integrals...
 CPU time [min]:     0.007                   Wall time [min]:     0.088
 Calculation of overlap integrals...
 CPU time [min]:     0.007                   Wall time [min]:     0.088
 
 Calculation of prescreening integrals...
 CPU time [min]:     0.011                   Wall time [min]:     0.116
 
 Calculation of two-center Coulomb integrals...
   2% done.
  13% done.
  25% done.
  39% done.
  57% done.
  69% done.
  89% done.
 100% done.
 CPU time [min]:     0.011                   Wall time [min]:     0.119
 
 Cholesky decomposition of the two-center matrix...
 Reciprocal of the condition number:  0.372149E-04
 CPU time [min]:     0.012                   Wall time [min]:     0.121
 

 ************************ 2025-10-11 14:24:15 *************************
 Executing scf...

 Allocation of 4096.0 Mbytes of memory...
 Constructing Fock-matrix...
 
 First step of Coulomb...
   1% done.
  13% done.
  28% done.
  47% done.
  71% done.
 100% done.
 CPU time [min]:     0.009                   Wall time [min]:     0.018
 
 Second step of Coulomb...
   3% done.
  40% done.
 CPU time [min]:     0.011                   Wall time [min]:     0.026
 
 
 First step of exchange...
 Exchange contribution is evaluated for MOs 1 to 5.
   1% done.
  13% done.
  28% done.
  47% done.
  71% done.
 100% done.
 CPU time [min]:     0.013                   Wall time [min]:     0.039
 
 Fitting and assembly step of exchange...
 CPU time [min]:     0.013                   Wall time [min]:     0.039
 

 ************************ 2025-10-11 14:24:27 *************************
 Executing mp2f12...

 MP2-F12 calculation
 
 Allocation of 4096.0 Mbytes of memory...
 
 Calculating CABS singles correction...
 CPU time [min]:     0.002                   Wall time [min]:     0.007
 
 Closed-shell CC mem. requirement in Mb
 
 Calculating Coulomb integrals in memory...
 CPU time [min]:     0.008                   Wall time [min]:     0.032
 
 Calculating (DelF12)^2 integrals...
 CPU time [min]:     0.010                   Wall time [min]:     0.043
 
 Calculating F12/r12 integrals...
 CPU time [min]:     0.011                   Wall time [min]:     0.052
 
 Calculating F12^2 integrals...
 Calculating F12^2 contribution 
 CPU time [min]:     0.015                   Wall time [min]:     0.078
 
 Calculating F12 integrals...
 CPU time [min]:     0.018                   Wall time [min]:     0.093
 
 Calculating pair energies...
 CPU time [min]:     0.019                   Wall time [min]:     0.096
 
 Reference energy [au]:                   -56.218436890589
 CABS singles correction [au]:             -0.002699232188
 Corrected reference energy [au]:         -56.221136122777
 MP2 correlation energy [au]:              -0.218181561875
 MP2 energy [au]:                         -56.436618452465
 F12 contribution [au]:                    -0.043532954437
 Coupling term [au]:                       -0.002996516159
 MP2-F12 correlation energy [au]:          -0.261714516312
 MP2-F12 energy [au]:                     -56.482850639089
 
 CPU time [min]:     0.019                   Wall time [min]:     0.096
 
 Constructing natural orbitals...
 Number of virtual natural orbitals: 30 (57.69%)
 CPU time [min]:     0.020                   Wall time [min]:     0.101
 
 Calculating MP2 energy and coupling term in NO basis...
 MP2 correlation energy [au]:              -0.213157258640
 MP2 energy [au]:                         -56.431594149229
 MP2 correction [au]:                      -0.005024303236
 Coupling term [au]:                        0.001384176842
 Coupling term correction [au]:            -0.004380693001
 CPU time [min]:     0.020                   Wall time [min]:     0.102
 
 Constructing the natural auxiliary basis...
 Number of natural auxiliary basis functions: 107 (69.5%)
 CPU time [min]:     0.021                   Wall time [min]:     0.107
 
 Constructing natural auxiliary functions...
 Number of natural auxiliary functions: 168 (61.3%)
 CPU time [min]:     0.023                   Wall time [min]:     0.111
 
 Calculating CCSD-F12 intermediates...
 CPU time [min]:     0.023                   Wall time [min]:     0.115
 
 Constructing natural auxiliary functions for the CC calculation...
 Number of CC natural auxiliary functions: 54 (19.7%)
 CPU time [min]:     0.024                   Wall time [min]:     0.119

 ************************ 2025-10-11 14:25:25 *************************
 Executing ccsd...

 Allocation of 4096.0 Mbytes of memory...

 Direct DF-CCSD(T)-F12 calculation
 
 Convergence criterion:  1.0E-06
 
 Number of occupied/virtual/auxiliary orbitals:     4    30    54
      2.71 MB is the minimal memory requirement for (T)
      1.22 MB is the minimal memory requirement for CCSD
 
 Reference energy [au]:             -56.218436890589
 T1 contribution [au]:               -0.000000000000
 Same spin MP2 energy [au]:          -0.049698587567
 Opposite spin MP2 energy [au]:      -0.163176017248
 MP2 correlation energy [au]:        -0.212874604815
 Total MP2 energy [au]:             -56.431311495404
 MP2 correction [au]:                -0.005306957060
 
 CABS singles correction [au]:       -0.002699232188
 Corrected reference energy [au]:   -56.221136122777
 MP2-F12 contribution [au]:          -0.044917131279
 
 CPU time [min]:     0.002                   Wall time [min]:     0.017
 
 Starting CCSD iterations...
 
                     Residual norm          Energy
 Iteration  1        0.135521540280      -56.475210374358
 Iteration  2        0.031364465549      -56.479339670538
 Iteration  3        0.009795605488      -56.480085836248
 Iteration  4        0.001759011420      -56.480114193518
 Iteration  5        0.000431268665      -56.480129428102
 Iteration  6        0.000104853204      -56.480129399261
 Iteration  7        0.000022297929      -56.480129484911
 Iteration  8        0.000006097817      -56.480129436722
 
 CCSD iteration has converged in  8 steps.
        4.29 MB memory was utilized by CCSD
 
 T1 diagnostic:      6.668E-03            D1 diagnostic:      1.044E-02
 
 T1 contribution [au]:                            0.000000000829
 CCSD(F12*) correlation energy [au]:             -0.259099324186
 CCSD(F12*) correlation energy + MP2 [au]:       -0.264406281246
 Total CCSD(F12*) energy [au]:                  -56.480235446963
 Total CCSD(F12*) energy + MP2 corr. [au]:      -56.485542404023
 
 CPU time [min]:     0.004                   Wall time [min]:     0.024
 
 Calculation of (T) correction...
 
 
        2.63 MB memory is utilized for (T)

 0%       25%       50%       75%       100%
 |---------|---------|---------|---------| 
 
 (T)  correction [au]:                         -0.006144787850
 (T*) correction [au]:                         -0.007544571507
 (T+) correction [au]:                         -0.007376564832
 CCSD(F12*)(T)  correlation energy [au]:       -0.265244112036
 CCSD(F12*)(T*) correlation energy [au]:       -0.266643895693
 CCSD(F12*)(T+) correlation energy [au]:       -0.266475889018
 CCSD(F12*)(T)  corr. energy + MP2 [au]:       -0.270551069096
 CCSD(F12*)(T*) corr. energy + MP2 [au]:       -0.271950852753
 CCSD(F12*)(T+) corr. energy + MP2 [au]:       -0.271782846079
 Total CCSD(F12*)(T)  energy [au]:            -56.486380234813
 Total CCSD(F12*)(T*) energy [au]:            -56.487780018470
 Total CCSD(F12*)(T+) energy [au]:            -56.487612011795
 Total CCSD(F12*)(T)  energy + MP2 [au]:      -56.491687191873
 Total CCSD(F12*)(T*) energy + MP2 [au]:      -56.493086975530
 Total CCSD(F12*)(T+) energy + MP2 [au]:      -56.492918968856
 CPU time [min]:     0.004                   Wall time [min]:     0.024
 
 ************************ 2025-10-11 14:25:35 *************************
                      Normal termination of mrcc.
 **********************************************************************
