 **********************************************************************
                          MRCC program system
 **********************************************************************
 
                              Written by
     Mihaly Kallay, Peter R. Nagy, David Mester, Laszlo Gyevi-Nagy,
        Jozsef Csoka, P. Bernat Szabo, Zoltan Rolik, Gyula Samu,
      Bence Hegely, Bence Ladoczki, Klara Petrov, Jozsef Csontos,
     Adam Ganyecz, Istvan Ladjanszki, Lorant Szegedy, Mate Farkas,
          Pal D. Mezei, Reka A. Horvath, and Balazs D. Lorincz
 
        Department of Physical Chemistry and Materials Science
            Budapest University of Technology and Economics
                  Budapest P.O.Box 91, H-1521 Hungary
 
                              www.mrcc.hu
 
                            Version: 25.1.2

 ************************ 2025-11-19 20:46:36 *************************
 Executing minp...

 Reading input from MINP...
 
 Input file:
 
mem=4096MB
calc=df-MP2
basis=cc-pVDZ




unit=bohr
geom=xyz
3
Title AutoGenerated by MRCC_Ext Script
O       0.0000000000     0.0000000000     0.2094043313
H       0.0000000000     1.4833896543    -0.8376173252
H       0.0000000000    -1.4814999282    -0.8376173252


charge=0
mult=1



 
 
 Checking keyword combinations...
 
 Keywords:
 
 active=none
 agrid=ld0006-ld0590
 agrid_pssp=ld0006-ld0194
 agrid_pssp_sm=ld0006-ld0074
 basis=cc-pvdz
 basis_sm=none
 basopt=off
 bfbasis=none
 bfgsmem=10
 bfgstol=1.0d-3
 boysalg=jacobi
 bpcompo=0.985
 bpcompv=0.98
 bpdfo=0.985
 bpocc=0.985
 bppdo=0.985
 bppdv=0.98
 bpedo=0.985
 bpedv=0.98
 bp_subsyso=0.95
 bp_subsysv=0.95
 cabscorr=off
 cabsdual=off
 calc=mp2
 ccmaxit=50
 ccprog=mrcc
 ccsdalg=disk
 ccsdmkl=seq
 ccsdrest=off
 ccsdthreads=2
 cctol=6
 charge=0
 cialg=disk
 ciguess=off
 cmpgrp=auto
 comprest=off
 coord_sys=ric
 core=frozen
 corembed=off
 csapprox=off
 cvs=off
 dboc=off
 deltaf12=off
 delocsomofact=
 dendec=cholesky
 dens=0
 denscorr=0
 dfalg=lineq
 dfbasis_cab=none
 dfbasis_cor=auto
 dfbasis_scf=auto
 dfbasis_scf_sm=auto
 dfintran=drpa
 dft=off
 dhexc=adc(2)
 diag=david
 docc=
 domrad=10.d0
 drpaalg=fit
 dual=off
 dual_df=off
 dyson=off
 ecp=auto
 edisp=off
 edisp_embed=off
 embed=off
 epairestfact=off
 epairscale=1.d0
 etemp=300
 epert=none
 eps=
 espcharge=off
 excrad=0.d0
 excrad_f12=0.d0
 excrad_fin=0.000000000D+00
 fastdbbsc=v2
 fitting=coulomb
 fmm=off
 fmmord=8
 fnonorb=
 freq=off
 gamma=1.d0
 gauss=spher
 geom=xyz
 gopt=off
 ghost=none
 gtol=7
 grdens=off
 grid=auto
 grid_sm=auto
 gridbatch_cos=2000
 grtol=10
 guido_ct=off
 hamilton=dc
 iface=none
 incore=off
 intalg=auto
 ip_ea=off
 itol=10
 laptol=1.d-2
 lccoporder=trffirst
 lcorthr=normal
 lccrest=off
 ldfgrad_tol=8
 lmp2dens=on
 lnoepso=0.d0
 lnoepsv=1e-6
 localcc=off
 localcorrsymm=off
 locintrf=disk
 mact=
 maxact=off
 maxdim=200
 maxex=0
 maxmicroit=100
 mcscfiguess=hf
 mem=4096mb
 mmprog=
 molden=on
 mp2ongrid=off
 mpitasks=1
 mulmet=0
 mult=1
 nab=off
 nacto=0
 nactv=0
 naf_amp=3.16d-3
 naf_cor=off
 naf_f12=off
 naf_scf=off
 nafalg=albe
 nafdens=off
 naftyp=
 nchol=auto
 ndeps=1e-3
 nstate=1
 nsing=0
 nto=off
 ntrip=0
 num_grad=off
 occ=
 occri=off
 oniom=off
 oniom_eechg=off
 oniom_pcm=off
 oniom_qcorr=off
 optalg=
 optmaxit=50
 optetol=1e-6
 optex=0
 optgtol=1e-4
 optstol=1e-3
 orblocc=off
 orbloce=off
 orbloco=off
 orblocv=off
 orblocguess=cholesky
 osveps=1e-3
 ovirt=off
 ovltol=1e-7
 ovosnorb=80.0
 pao_subsys_tol=1e-3
 pao_tol=1e-3
 pcm=off
 popul=off
 pressure=100000
 pssp=off
 ptfreq=0.0
 ptthreads=2
 qmreg=
 qmmm=off
 qro=off
 qscf=off
 redcost_exc=off
 redcost_tddft=off
 refdet=none
 rest=0
 rgrid=log3
 rism=off
 rohfcore=semicanonical
 rohftype=semicanonical
 scfalg=auto
 scf_conv=auto
 scfdamp=0.0d0
 scfdamp_mode=off
 scfdamp_end=50
 scfdamp_dampstep=0.d0
 scfdamp_dtol=0.0d0
 scfdamp_maxfact=0.0d0
 scfdamp_minfact=0.0d0
 scfdiis=on
 scfdiis_dtol=0.0d0
 scfdiis_end=50
 scfdiis_start=2
 scfdiis_step=1
 scfdiis_watch=off
 scfdiis_wrange=10
 scfdiis_wlimit=5
 scfdiis_delmax=2
 scfdtol=7
 scfext=10
 scfguessdens=
 scfiguess=sad
 scfloc=off
 scflshift=0.20
 scflshift_end=8
 scflshift_dtol=0.0
 scflshift_gaptol=0.20
 scfmaxit=50
 scftype=
 scftol=6
 scspe=1.d0
 scsph=1.d0
 scsps=1.2d0
 scsps_t=1.2d0
 scspt=0.33333333333333
 scspt_t=0.33333333333333
 scspv=1.d0
 spairtol=1e-4
 sqmprog=
 subminp=top
 subsys_bopu=on
 symm=
 talg=occ
 temp=298.15
 test=off
 theodore=off
 tlmo=0.999
 tpao=0.94
 tprint=off
 uncontract=off
 unit=bohr
 usedisk=2
 verbosity=2
 wpairtol=0.100000000E-05

 ************************ 2025-11-19 20:46:48 *************************
 Executing integ...

 Allocation of 4096.0 Mbytes of memory...
 
 
 Number of atoms:                  3
 Charge:                           0
 Number of electrons:             10
 Number of core electrons:         2
 Spin multiplicity:                1
 
                 Cartesian coordinates [bohr]      Atomic mass [AMU]  Z
   1  O     0.00000000    0.00000000    0.20940433    15.994915       8
   2  H     0.00000000    1.48338965   -0.83761733     1.007825       1
   3  H     0.00000000   -1.48149993   -0.83761733     1.007825       1
 
 This molecule is an asymmetric top.
 This molecule is planar.
 
 Rotational constants [cm-1]: 
     30.677039761941     13.590071939282      9.417898779185
 
 Point group: Cs  
 Computational point group: Cs  
 
 Cartesian coordinates in standard orientation [bohr]
   1  O     0.00000000    0.00018985    0.11717719
   2  H     0.00000000   -1.48395092   -0.92877950
   3  H     0.00000000    1.48093790   -0.93090754
 
 Nuclear repulsion energy [au]:          9.153147905953
 
 
 Basis set information:
 
 Maximum angular momentum: f
 Maximum number of contracted Gaussians:   10
 Maximum number of primitive Gaussians:    10
 Spherical harmonic GTOs are used.
 
 
 Conventional basis set:
 
   1  O  cc-pvdz [ 9s 4p 1d | 3s 2p 1d ]
   2  H  cc-pvdz [ 4s 1p | 2s 1p ]
   3  H  cc-pvdz [ 4s 1p | 2s 1p ]
 
 Total number of basis functions:     24
 
 
 Fitting basis set for the SCF calculation:
 
   1  O  cc-pvdz-ri-jk [ 10s 7p 5d 2f | 10s 7p 5d 2f ]
   2  H  cc-pvdz-ri-jk [ 4s 3p 2d | 4s 3p 2d ]
   3  H  cc-pvdz-ri-jk [ 4s 3p 2d | 4s 3p 2d ]
 
 Total number of basis functions:    116
 
 
 Fitting basis set for the correlation calculation:
 
   1  O  cc-pvdz-ri [ 7s 5p 4d 2f | 7s 5p 4d 2f ]
   2  H  cc-pvdz-ri [ 3s 2p 1d | 3s 2p 1d ]
   3  H  cc-pvdz-ri [ 3s 2p 1d | 3s 2p 1d ]
 
 Total number of basis functions:     84
 
 
 Initializing the SAD routines for the initial guess...
 Checking the files required for the initial guess...
 Density files have not been found for the initial guess.
 Generating SCFDENSITIES.O.cc-pvdz.0
 Generating SCFDENSITIES.H.cc-pvdz.0
 CPU time [min]:     0.010                   Wall time [min]:     1.044
 
 Character table for point group Cs:
 
          E  Qh  
    A'    1   1
    A"    1  -1
 
 Number of basis functions per irrep:
    A'     18
    A"      6
 
 
 Calculation of overlap integrals...
 CPU time [min]:     0.010                   Wall time [min]:     1.044
 
 Calculation of the square root of the overlap matrix...
 Minimum eigenvalue of the overlap matrix: 0.181709E-01
 CPU time [min]:     0.010                   Wall time [min]:     1.044
 
 Calculation of kinetic energy integrals...
 CPU time [min]:     0.010                   Wall time [min]:     1.044
 Calculation of nuclear attraction integrals...
 CPU time [min]:     0.010                   Wall time [min]:     1.044
 
 Calculation of prescreening integrals...
 CPU time [min]:     0.011                   Wall time [min]:     1.044
 
 Calculation of two-center Coulomb integrals...
   1% done.
  24% done.
  37% done.
  51% done.
  64% done.
  84% done.
 100% done.
 CPU time [min]:     0.011                   Wall time [min]:     1.044
 
 Cholesky decomposition of the two-center matrix...
 Calculation of three-center Coulomb integrals...
   2% done.
  15% done.
  35% done.
  63% done.
  77% done.
 100% done.
 CPU time [min]:     0.013                   Wall time [min]:     1.045

 ************************ 2025-11-19 20:47:57 *************************
 Executing scf...

 Allocation of 4096.0 Mbytes of memory...
 ======================================================================
 ITERATION STEP   1
 CPU time [min]:     0.007                   Wall time [min]:     0.009
 
 Constructing Fock-matrix...
 Number of integral batches:    1
 Occupied indices per batch:    5
 CPU time [min]:     0.010                   Wall time [min]:     0.011
 
 RMS of [F,P]:                                         0.12727522746753
 RMS of difference density:                            0.10234983936653
 Gap [au]:  0.72705298
 ALPHA OCC:   4   1
 BETA  OCC:   4   1
 
 ***HARTREE-FOCK ENERGY IN STEP   1 IS        -75.7457150268559474 [AU]
 ======================================================================
 ITERATION STEP   2
 CPU time [min]:     0.010                   Wall time [min]:     0.011
 
 Constructing Fock-matrix...
 Number of integral batches:    1
 Occupied indices per batch:    5
 CPU time [min]:     0.012                   Wall time [min]:     0.012
 
 RMS of [F,P]:                                         0.01698492739403
 RMS of difference density:                            0.02256510755484
 Gap [au]:  0.65175332
 ALPHA OCC:   4   1
 BETA  OCC:   4   1
 
 ***HARTREE-FOCK ENERGY IN STEP   2 IS        -76.0140628406855967 [AU]
 ======================================================================
 ITERATION STEP   3
 CPU time [min]:     0.012                   Wall time [min]:     0.012
 
 Constructing Fock-matrix...
 Number of integral batches:    1
 Occupied indices per batch:    5
 CPU time [min]:     0.013                   Wall time [min]:     0.013
 
 RMS of [F,P]:                                         0.00726719611215
 RMS of difference density:                            0.00809238058956
 Gap [au]:  0.68424170
 ALPHA OCC:   4   1
 BETA  OCC:   4   1
 
 ***HARTREE-FOCK ENERGY IN STEP   3 IS        -76.0239213663900273 [AU]
 ======================================================================
 ITERATION STEP   4
 CPU time [min]:     0.014                   Wall time [min]:     0.014
 
 Constructing Fock-matrix...
 Number of integral batches:    1
 Occupied indices per batch:    5
 CPU time [min]:     0.016                   Wall time [min]:     0.015
 
 RMS of [F,P]:                                         0.00166184766890
 RMS of difference density:                            0.00263414619381
 Gap [au]:  0.67614260
 ALPHA OCC:   4   1
 BETA  OCC:   4   1
 
 ***HARTREE-FOCK ENERGY IN STEP   4 IS        -76.0256722167322607 [AU]
 ======================================================================
 ITERATION STEP   5
 CPU time [min]:     0.016                   Wall time [min]:     0.015
 
 Constructing Fock-matrix...
 Number of integral batches:    1
 Occupied indices per batch:    5
 CPU time [min]:     0.018                   Wall time [min]:     0.016
 
 RMS of [F,P]:                                         0.00028045856051
 RMS of difference density:                            0.00040581570327
 Gap [au]:  0.67671184
 ALPHA OCC:   4   1
 BETA  OCC:   4   1
 
 ***HARTREE-FOCK ENERGY IN STEP   5 IS        -76.0258269508175601 [AU]
 ======================================================================
 ITERATION STEP   6
 CPU time [min]:     0.018                   Wall time [min]:     0.017
 
 Constructing Fock-matrix...
 Number of integral batches:    1
 Occupied indices per batch:    5
 CPU time [min]:     0.019                   Wall time [min]:     0.018
 
 RMS of [F,P]:                                         0.00003449711532
 RMS of difference density:                            0.00005251588191
 Gap [au]:  0.67683229
 ALPHA OCC:   4   1
 BETA  OCC:   4   1
 
 ***HARTREE-FOCK ENERGY IN STEP   6 IS        -76.0258308860475012 [AU]
 ======================================================================
 ITERATION STEP   7
 CPU time [min]:     0.020                   Wall time [min]:     0.018
 
 Constructing Fock-matrix...
 Number of integral batches:    1
 Occupied indices per batch:    5
 CPU time [min]:     0.022                   Wall time [min]:     0.020
 
 RMS of [F,P]:                                         0.00000932075793
 RMS of difference density:                            0.00002229676987
 Gap [au]:  0.67687424
 ALPHA OCC:   4   1
 BETA  OCC:   4   1
 
 ***HARTREE-FOCK ENERGY IN STEP   7 IS        -76.0258309985906351 [AU]
 ======================================================================
 ITERATION STEP   8
 CPU time [min]:     0.022                   Wall time [min]:     0.020
 
 Constructing Fock-matrix...
 Number of integral batches:    1
 Occupied indices per batch:    5
 CPU time [min]:     0.023                   Wall time [min]:     0.020
 
 RMS of [F,P]:                                         0.00000120928803
 RMS of difference density:                            0.00000294849156
 Gap [au]:  0.67687770
 ALPHA OCC:   4   1
 BETA  OCC:   4   1
 
 ***HARTREE-FOCK ENERGY IN STEP   8 IS        -76.0258310127850478 [AU]
 ======================================================================
 ITERATION STEP   9
 CPU time [min]:     0.024                   Wall time [min]:     0.021
 
 Constructing Fock-matrix...
 Number of integral batches:    1
 Occupied indices per batch:    5
 CPU time [min]:     0.025                   Wall time [min]:     0.023
 
 RMS of [F,P]:                                         0.00000015353552
 RMS of difference density:                            0.00000035551880
 Gap [au]:  0.67687723
 ALPHA OCC:   4   1
 BETA  OCC:   4   1
 
 ***HARTREE-FOCK ENERGY IN STEP   9 IS        -76.0258310129937911 [AU]
 ======================================================================
 ITERATION STEP  10
 CPU time [min]:     0.026                   Wall time [min]:     0.023
 
 Constructing Fock-matrix...
 Number of integral batches:    1
 Occupied indices per batch:    5
 CPU time [min]:     0.027                   Wall time [min]:     0.023
 
 RMS of [F,P]:                                         0.00000002453347
 RMS of difference density:                            0.00000004818166
 Gap [au]:  0.67687715
 ALPHA OCC:   4   1
 BETA  OCC:   4   1
 
 ***HARTREE-FOCK ENERGY IN STEP  10 IS        -76.0258310129960364 [AU]
 ======================================================================
 
 SUCCESS...
 THE SCF ITERATION HAS CONVERGED!
 
                   A'  A"  
 FINAL ALPHA OCC:   4   1
 FINAL BETA  OCC:   4   1
 
 ***FINAL HARTREE-FOCK ENERGY:        -76.0258310129960364 [AU]
 
 RETURNING FROM SCF ALGORITHM
 ======================================================================

 ************************ 2025-11-19 20:48:05 *************************
 Executing integ...

 Allocation of 4096.0 Mbytes of memory...
 
 
 Basis set information:
 
 Maximum angular momentum: f
 Maximum number of contracted Gaussians:   10
 Maximum number of primitive Gaussians:    10
 Spherical harmonic GTOs are used.
 
 
 Conventional basis set:
 
   1  O  cc-pvdz [ 9s 4p 1d | 3s 2p 1d ]
   2  H  cc-pvdz [ 4s 1p | 2s 1p ]
   3  H  cc-pvdz [ 4s 1p | 2s 1p ]
 
 Total number of basis functions:     24
 
 
 Fitting basis set for the SCF calculation:
 
   1  O  cc-pvdz-ri-jk [ 10s 7p 5d 2f | 10s 7p 5d 2f ]
   2  H  cc-pvdz-ri-jk [ 4s 3p 2d | 4s 3p 2d ]
   3  H  cc-pvdz-ri-jk [ 4s 3p 2d | 4s 3p 2d ]
 
 Total number of basis functions:    116
 
 
 Fitting basis set for the correlation calculation:
 
   1  O  cc-pvdz-ri [ 7s 5p 4d 2f | 7s 5p 4d 2f ]
   2  H  cc-pvdz-ri [ 3s 2p 1d | 3s 2p 1d ]
   3  H  cc-pvdz-ri [ 3s 2p 1d | 3s 2p 1d ]
 
 Total number of basis functions:     84
 
 
 Calculation of prescreening integrals...
 CPU time [min]:     0.004                   Wall time [min]:     0.024
 
 Calculation of two-center Coulomb integrals...
   1% done.
  25% done.
  45% done.
  60% done.
  76% done.
  89% done.
 100% done.
 CPU time [min]:     0.005                   Wall time [min]:     0.025
 
 Cholesky decomposition of the inverse of the two-center matrix...
 CPU time [min]:     0.006                   Wall time [min]:     0.026
 
 Calculation of three-center Coulomb integrals...
   2% done.
  15% done.
  35% done.
  63% done.
  77% done.
 100% done.
 CPU time [min]:     0.006                   Wall time [min]:     0.026

 ************************ 2025-11-19 20:48:14 *************************
 Executing drpa...

 Three-index integral transformation and DF-MP2 calculation
 Allocation of 4096.0 Mbytes of memory...
 
 Minimal memory requirement for (ai|P) integrals:     0.2 MB

 Calculating (ai|P) integrals...
 Number of integral batches:    1
 Occupied indices per batch:    4
 
 Transforming integrals of batch 1...
 CPU time [min]:     0.002                   Wall time [min]:     0.004
 
 
 
 Reference energy [au]:                       -76.025831012996
 DF-MP2 singlet pair energy [au]:              -0.150695002686
 DF-MP2 triplet pair energy [au]:              -0.050679156970
 DF-SCS-MP2 correlation energy [au]:           -0.197727055546
 DF-SCS-MP2 energy [au]:                      -76.223558068542
 DF-SOS-MP2 correlation energy [au]:           -0.195903503492
 DF-SOS-MP2 energy [au]:                      -76.221734516488
 DF-MP2 correlation energy [au]:               -0.201374159655
 DF-MP2 energy [au]:                          -76.227205172652
 
 ************************ 2025-11-19 20:48:19 *************************
                      Normal termination of mrcc.
 **********************************************************************
