 **********************************************************************
                          MRCC program system
 **********************************************************************
 
                              Written by
     Mihaly Kallay, Peter R. Nagy, David Mester, Laszlo Gyevi-Nagy,
        Jozsef Csoka, P. Bernat Szabo, Zoltan Rolik, Gyula Samu,
      Bence Hegely, Bence Ladoczki, Klara Petrov, Jozsef Csontos,
     Adam Ganyecz, Istvan Ladjanszki, Lorant Szegedy, Mate Farkas,
          Pal D. Mezei, Reka A. Horvath, and Balazs D. Lorincz
 
        Department of Physical Chemistry and Materials Science
            Budapest University of Technology and Economics
                  Budapest P.O.Box 91, H-1521 Hungary
 
                              www.mrcc.hu
 
                            Version: 25.1.2

 ************************ 2025-11-19 20:45:26 *************************
 Executing minp...

 Reading input from MINP...
 
 Input file:
 
mem=40960MB
calc=df-MP2
basis=cc-pVDZ
dens=2
symm=off




unit=bohr
geom=xyz
3
Title AutoGenerated by MRCC_Ext Script
O       0.0000000000    -0.0000000000     0.2094043313
H       0.0000000000     1.4814999282    -0.8376173253
H      -0.0000000000    -1.4814999282    -0.8376173253


charge=0
mult=1



 
 
 Checking keyword combinations...
 
 Keywords:
 
 active=none
 agrid=ld0006-ld0590
 agrid_pssp=ld0006-ld0194
 agrid_pssp_sm=ld0006-ld0074
 basis=cc-pvdz
 basis_sm=none
 basopt=off
 bfbasis=none
 bfgsmem=10
 bfgstol=1.0d-3
 boysalg=jacobi
 bpcompo=0.985
 bpcompv=0.98
 bpdfo=0.985
 bpocc=0.985
 bppdo=0.985
 bppdv=0.98
 bpedo=0.985
 bpedv=0.98
 bp_subsyso=0.95
 bp_subsysv=0.95
 cabscorr=off
 cabsdual=off
 calc=mp2
 ccmaxit=50
 ccprog=mrcc
 ccsdalg=disk
 ccsdmkl=seq
 ccsdrest=off
 ccsdthreads=2
 cctol=8
 charge=0
 cialg=disk
 ciguess=off
 cmpgrp=auto
 comprest=off
 coord_sys=ric
 core=frozen
 corembed=off
 csapprox=off
 cvs=off
 dboc=off
 deltaf12=off
 delocsomofact=
 dendec=cholesky
 dens=2
 denscorr=0
 dfalg=invsqrt
 dfbasis_cab=none
 dfbasis_cor=auto
 dfbasis_scf=auto
 dfbasis_scf_sm=auto
 dfintran=drpa
 dft=off
 dhexc=adc(2)
 diag=david
 docc=
 domrad=10.d0
 drpaalg=fit
 dual=off
 dual_df=off
 dyson=off
 ecp=auto
 edisp=off
 edisp_embed=off
 embed=off
 epairestfact=off
 epairscale=1.d0
 etemp=300
 epert=none
 eps=
 espcharge=off
 excrad=0.d0
 excrad_f12=0.d0
 excrad_fin=0.000000000D+00
 fastdbbsc=v2
 fitting=coulomb
 fmm=off
 fmmord=8
 fnonorb=
 freq=off
 gamma=1.d0
 gauss=spher
 geom=xyz
 gopt=off
 ghost=none
 gtol=7
 grdens=off
 grid=auto
 grid_sm=auto
 gridbatch_cos=2000
 grtol=10
 guido_ct=off
 hamilton=dc
 iface=none
 incore=off
 intalg=auto
 ip_ea=off
 itol=12
 laptol=1.d-2
 lccoporder=trffirst
 lcorthr=normal
 lccrest=off
 ldfgrad_tol=8
 lmp2dens=on
 lnoepso=0.d0
 lnoepsv=1e-6
 localcc=off
 localcorrsymm=off
 locintrf=disk
 mact=
 maxact=off
 maxdim=200
 maxex=0
 maxmicroit=100
 mcscfiguess=hf
 mem=40960mb
 mmprog=
 molden=on
 mp2ongrid=off
 mpitasks=1
 mulmet=0
 mult=1
 nab=off
 nacto=0
 nactv=0
 naf_amp=3.16d-3
 naf_cor=off
 naf_f12=off
 naf_scf=off
 nafalg=albe
 nafdens=off
 naftyp=
 nchol=auto
 ndeps=1e-3
 nstate=1
 nsing=0
 nto=off
 ntrip=0
 num_grad=off
 occ=
 occri=off
 oniom=off
 oniom_eechg=off
 oniom_pcm=off
 oniom_qcorr=off
 optalg=
 optmaxit=50
 optetol=1e-6
 optex=0
 optgtol=1e-4
 optstol=1e-3
 orblocc=off
 orbloce=off
 orbloco=off
 orblocv=off
 orblocguess=cholesky
 osveps=1e-3
 ovirt=off
 ovltol=1e-7
 ovosnorb=80.0
 pao_subsys_tol=1e-3
 pao_tol=1e-3
 pcm=off
 popul=mulli
 pressure=100000
 pssp=off
 ptfreq=0.0
 ptthreads=2
 qmreg=
 qmmm=off
 qro=off
 qscf=off
 redcost_exc=off
 redcost_tddft=off
 refdet=none
 rest=0
 rgrid=log3
 rism=off
 rohfcore=semicanonical
 rohftype=semicanonical
 scfalg=disk
 scf_conv=auto
 scfdamp=0.0d0
 scfdamp_mode=off
 scfdamp_end=50
 scfdamp_dampstep=0.d0
 scfdamp_dtol=0.0d0
 scfdamp_maxfact=0.0d0
 scfdamp_minfact=0.0d0
 scfdiis=on
 scfdiis_dtol=0.0d0
 scfdiis_end=50
 scfdiis_start=2
 scfdiis_step=1
 scfdiis_watch=off
 scfdiis_wrange=10
 scfdiis_wlimit=5
 scfdiis_delmax=2
 scfdtol=9
 scfext=10
 scfguessdens=
 scfiguess=sad
 scfloc=off
 scflshift=0.20
 scflshift_end=8
 scflshift_dtol=0.0
 scflshift_gaptol=0.20
 scfmaxit=50
 scftype=
 scftol=8
 scspe=1.d0
 scsph=1.d0
 scsps=1.2d0
 scsps_t=1.2d0
 scspt=0.33333333333333
 scspt_t=0.33333333333333
 scspv=1.d0
 spairtol=1e-4
 sqmprog=
 subminp=top
 subsys_bopu=on
 symm=0
 talg=occ
 temp=298.15
 test=off
 theodore=off
 tlmo=0.999
 tpao=0.94
 tprint=off
 uncontract=off
 unit=bohr
 usedisk=2
 verbosity=2
 wpairtol=0.100000000E-05

 ************************ 2025-11-19 20:45:33 *************************
 Executing integ...

 Allocation of 40.0 Gbytes of memory...
 
 
 Number of atoms:                  3
 Charge:                           0
 Number of electrons:             10
 Number of core electrons:         2
 Spin multiplicity:                1
 
                 Cartesian coordinates [bohr]      Atomic mass [AMU]  Z
   1  O     0.00000000    0.00000000    0.20940433    15.994915       8
   2  H     0.00000000    1.48149993   -0.83761733     1.007825       1
   3  H     0.00000000   -1.48149993   -0.83761733     1.007825       1
 
 This molecule is an asymmetric top.
 This molecule is planar.
 
 Rotational constants [cm-1]: 
     30.677019886116     13.607421086722      9.426225511849
 
 Point group: C2v 
 Computational point group: C1  
 
 Cartesian coordinates in standard orientation [bohr]
   1  O     0.00000000    0.00000000    0.11717730
   2  H     0.00000000    1.48149993   -0.92984436
   3  H     0.00000000   -1.48149993   -0.92984436
 
 Nuclear repulsion energy [au]:          9.157111902104
 
 
 Basis set information:
 
 Maximum angular momentum: f
 Maximum number of contracted Gaussians:   10
 Maximum number of primitive Gaussians:    10
 Spherical harmonic GTOs are used.
 
 
 Conventional basis set:
 
   1  O  cc-pvdz [ 9s 4p 1d | 3s 2p 1d ]
   2  H  cc-pvdz [ 4s 1p | 2s 1p ]
   3  H  cc-pvdz [ 4s 1p | 2s 1p ]
 
 Total number of basis functions:     24
 
 
 Fitting basis set for the SCF calculation:
 
   1  O  cc-pvdz-ri-jk [ 10s 7p 5d 2f | 10s 7p 5d 2f ]
   2  H  cc-pvdz-ri-jk [ 4s 3p 2d | 4s 3p 2d ]
   3  H  cc-pvdz-ri-jk [ 4s 3p 2d | 4s 3p 2d ]
 
 Total number of basis functions:    116
 
 
 Fitting basis set for the correlation calculation:
 
   1  O  cc-pvdz-ri [ 7s 5p 4d 2f | 7s 5p 4d 2f ]
   2  H  cc-pvdz-ri [ 3s 2p 1d | 3s 2p 1d ]
   3  H  cc-pvdz-ri [ 3s 2p 1d | 3s 2p 1d ]
 
 Total number of basis functions:     84
 
 
 Initializing the SAD routines for the initial guess...
 Checking the files required for the initial guess...
 Density files have not been found for the initial guess.
 Generating SCFDENSITIES.O.cc-pvdz.0
 Generating SCFDENSITIES.H.cc-pvdz.0
 CPU time [min]:     0.041                   Wall time [min]:     0.528
 
 Character table for point group C1:
 
          E  
    A     1
 
 Number of basis functions per irrep:
    A      24
 
 
 Calculation of overlap integrals...
 CPU time [min]:     0.043                   Wall time [min]:     0.529
 
 Calculation of the square root of the overlap matrix...
 Minimum eigenvalue of the overlap matrix: 0.181588E-01
 CPU time [min]:     0.048                   Wall time [min]:     0.529
 
 Calculation of kinetic energy integrals...
 CPU time [min]:     0.048                   Wall time [min]:     0.529
 Calculation of dipole moment integrals...
 CPU time [min]:     0.065                   Wall time [min]:     0.531
 Calculation of second moment integrals...
 CPU time [min]:     0.068                   Wall time [min]:     0.531
 Calculation of third moment integrals...
 CPU time [min]:     0.072                   Wall time [min]:     0.532
 Calculation of nuclear attraction integrals...
 CPU time [min]:     0.072                   Wall time [min]:     0.532
 
 Calculation of prescreening integrals...
 CPU time [min]:     0.075                   Wall time [min]:     0.532
 
 Calculation of two-center Coulomb integrals...
   1% done.
  24% done.
  37% done.
  51% done.
  64% done.
  84% done.
 100% done.
 CPU time [min]:     0.084                   Wall time [min]:     0.533
 
 Cholesky decomposition of the two-center matrix...
 Calculation of three-center Coulomb integrals...
   2% done.
  15% done.
  35% done.
  63% done.
  77% done.
 100% done.
 CPU time [min]:     0.093                   Wall time [min]:     0.533

 ************************ 2025-11-19 20:46:09 *************************
 Executing scf...

 Allocation of 40.0 Gbytes of memory...
 ======================================================================
 ITERATION STEP   1
 CPU time [min]:     0.015                   Wall time [min]:     0.009
 
 Constructing Fock-matrix...
 Number of integral batches:    1
 Occupied indices per batch:    5
 CPU time [min]:     0.021                   Wall time [min]:     0.010
 
 RMS of [F,P]:                                         0.10185659422250
 RMS of difference density:                            0.08100300331016
 Gap [au]:  0.72728981
 ALPHA OCC:   5
 BETA  OCC:   5
 
 ***HARTREE-FOCK ENERGY IN STEP   1 IS        -75.7454333791878867 [AU]
 ======================================================================
 ITERATION STEP   2
 CPU time [min]:     0.025                   Wall time [min]:     0.010
 
 Constructing Fock-matrix...
 Number of integral batches:    1
 Occupied indices per batch:    5
 CPU time [min]:     0.030                   Wall time [min]:     0.010
 
 RMS of [F,P]:                                         0.01360111925356
 RMS of difference density:                            0.01785638623517
 Gap [au]:  0.65184857
 ALPHA OCC:   5
 BETA  OCC:   5
 
 ***HARTREE-FOCK ENERGY IN STEP   2 IS        -76.0140856462397494 [AU]
 ======================================================================
 ITERATION STEP   3
 CPU time [min]:     0.031                   Wall time [min]:     0.010
 
 Constructing Fock-matrix...
 Number of integral batches:    1
 Occupied indices per batch:    5
 CPU time [min]:     0.036                   Wall time [min]:     0.011
 
 RMS of [F,P]:                                         0.00581782036708
 RMS of difference density:                            0.00640202089556
 Gap [au]:  0.68436494
 ALPHA OCC:   5
 BETA  OCC:   5
 
 ***HARTREE-FOCK ENERGY IN STEP   3 IS        -76.0239568943985944 [AU]
 ======================================================================
 ITERATION STEP   4
 CPU time [min]:     0.037                   Wall time [min]:     0.011
 
 Constructing Fock-matrix...
 Number of integral batches:    1
 Occupied indices per batch:    5
 CPU time [min]:     0.042                   Wall time [min]:     0.011
 
 RMS of [F,P]:                                         0.00132960835021
 RMS of difference density:                            0.00208310361860
 Gap [au]:  0.67625887
 ALPHA OCC:   5
 BETA  OCC:   5
 
 ***HARTREE-FOCK ENERGY IN STEP   4 IS        -76.0257099062602322 [AU]
 ======================================================================
 ITERATION STEP   5
 CPU time [min]:     0.043                   Wall time [min]:     0.011
 
 Constructing Fock-matrix...
 Number of integral batches:    1
 Occupied indices per batch:    5
 CPU time [min]:     0.047                   Wall time [min]:     0.012
 
 RMS of [F,P]:                                         0.00022423368457
 RMS of difference density:                            0.00032066718735
 Gap [au]:  0.67682565
 ALPHA OCC:   5
 BETA  OCC:   5
 
 ***HARTREE-FOCK ENERGY IN STEP   5 IS        -76.0258645666847315 [AU]
 ======================================================================
 ITERATION STEP   6
 CPU time [min]:     0.049                   Wall time [min]:     0.012
 
 Constructing Fock-matrix...
 Number of integral batches:    1
 Occupied indices per batch:    5
 CPU time [min]:     0.054                   Wall time [min]:     0.012
 
 RMS of [F,P]:                                         0.00002745071478
 RMS of difference density:                            0.00004121005802
 Gap [au]:  0.67694531
 ALPHA OCC:   5
 BETA  OCC:   5
 
 ***HARTREE-FOCK ENERGY IN STEP   6 IS        -76.0258684907572047 [AU]
 ======================================================================
 ITERATION STEP   7
 CPU time [min]:     0.055                   Wall time [min]:     0.012
 
 Constructing Fock-matrix...
 Number of integral batches:    1
 Occupied indices per batch:    5
 CPU time [min]:     0.060                   Wall time [min]:     0.013
 
 RMS of [F,P]:                                         0.00000740187798
 RMS of difference density:                            0.00001747223669
 Gap [au]:  0.67698690
 ALPHA OCC:   5
 BETA  OCC:   5
 
 ***HARTREE-FOCK ENERGY IN STEP   7 IS        -76.0258686015941123 [AU]
 ======================================================================
 ITERATION STEP   8
 CPU time [min]:     0.061                   Wall time [min]:     0.013
 
 Constructing Fock-matrix...
 Number of integral batches:    1
 Occupied indices per batch:    5
 CPU time [min]:     0.066                   Wall time [min]:     0.013
 
 RMS of [F,P]:                                         0.00000096646704
 RMS of difference density:                            0.00000232922879
 Gap [au]:  0.67699038
 ALPHA OCC:   5
 BETA  OCC:   5
 
 ***HARTREE-FOCK ENERGY IN STEP   8 IS        -76.0258686155662957 [AU]
 ======================================================================
 ITERATION STEP   9
 CPU time [min]:     0.067                   Wall time [min]:     0.013
 
 Constructing Fock-matrix...
 Number of integral batches:    1
 Occupied indices per batch:    5
 CPU time [min]:     0.072                   Wall time [min]:     0.013
 
 RMS of [F,P]:                                         0.00000012206098
 RMS of difference density:                            0.00000027943990
 Gap [au]:  0.67698992
 ALPHA OCC:   5
 BETA  OCC:   5
 
 ***HARTREE-FOCK ENERGY IN STEP   9 IS        -76.0258686157748969 [AU]
 ======================================================================
 ITERATION STEP  10
 CPU time [min]:     0.073                   Wall time [min]:     0.014
 
 Constructing Fock-matrix...
 Number of integral batches:    1
 Occupied indices per batch:    5
 CPU time [min]:     0.078                   Wall time [min]:     0.014
 
 RMS of [F,P]:                                         0.00000001953002
 RMS of difference density:                            0.00000003789140
 Gap [au]:  0.67698984
 ALPHA OCC:   5
 BETA  OCC:   5
 
 ***HARTREE-FOCK ENERGY IN STEP  10 IS        -76.0258686157771706 [AU]
 ======================================================================
 ITERATION STEP  11
 CPU time [min]:     0.079                   Wall time [min]:     0.014
 
 Constructing Fock-matrix...
 Number of integral batches:    1
 Occupied indices per batch:    5
 CPU time [min]:     0.084                   Wall time [min]:     0.014
 
 RMS of [F,P]:                                         0.00000000212575
 RMS of difference density:                            0.00000000440970
 Gap [au]:  0.67698983
 ALPHA OCC:   5
 BETA  OCC:   5
 
 ***HARTREE-FOCK ENERGY IN STEP  11 IS        -76.0258686157772843 [AU]
 ======================================================================
 ITERATION STEP  12
 CPU time [min]:     0.085                   Wall time [min]:     0.014
 
 Constructing Fock-matrix...
 Number of integral batches:    1
 Occupied indices per batch:    5
 CPU time [min]:     0.090                   Wall time [min]:     0.015
 
 RMS of [F,P]:                                         0.00000000021692
 RMS of difference density:                            0.00000000037672
 Gap [au]:  0.67698983
 ALPHA OCC:   5
 BETA  OCC:   5
 
 ***HARTREE-FOCK ENERGY IN STEP  12 IS        -76.0258686157772701 [AU]
 ======================================================================
 
 SUCCESS...
 THE SCF ITERATION HAS CONVERGED!
 
                   A   
 FINAL ALPHA OCC:   5
 FINAL BETA  OCC:   5
 
 ***FINAL HARTREE-FOCK ENERGY:        -76.0258686157772701 [AU]
 
 RETURNING FROM SCF ALGORITHM
 ======================================================================

 ************************ 2025-11-19 20:46:15 *************************
 Executing integ...

 Allocation of 40.0 Gbytes of memory...
 
 
 Basis set information:
 
 Maximum angular momentum: f
 Maximum number of contracted Gaussians:   10
 Maximum number of primitive Gaussians:    10
 Spherical harmonic GTOs are used.
 
 
 Conventional basis set:
 
   1  O  cc-pvdz [ 9s 4p 1d | 3s 2p 1d ]
   2  H  cc-pvdz [ 4s 1p | 2s 1p ]
   3  H  cc-pvdz [ 4s 1p | 2s 1p ]
 
 Total number of basis functions:     24
 
 
 Fitting basis set for the SCF calculation:
 
   1  O  cc-pvdz-ri-jk [ 10s 7p 5d 2f | 10s 7p 5d 2f ]
   2  H  cc-pvdz-ri-jk [ 4s 3p 2d | 4s 3p 2d ]
   3  H  cc-pvdz-ri-jk [ 4s 3p 2d | 4s 3p 2d ]
 
 Total number of basis functions:    116
 
 
 Fitting basis set for the correlation calculation:
 
   1  O  cc-pvdz-ri [ 7s 5p 4d 2f | 7s 5p 4d 2f ]
   2  H  cc-pvdz-ri [ 3s 2p 1d | 3s 2p 1d ]
   3  H  cc-pvdz-ri [ 3s 2p 1d | 3s 2p 1d ]
 
 Total number of basis functions:     84
 
 
 Calculation of prescreening integrals...
 CPU time [min]:     0.009                   Wall time [min]:     0.016
 
 Calculation of two-center Coulomb integrals...
   1% done.
  25% done.
  45% done.
  60% done.
  76% done.
  89% done.
 100% done.
 CPU time [min]:     0.014                   Wall time [min]:     0.016
 
 Cholesky decomposition of the two-center matrix...
 Reciprocal of the condition number:  0.634647E-03
 CPU time [min]:     0.024                   Wall time [min]:     0.017
 
 Calculation of three-center Coulomb integrals...
   2% done.
  15% done.
  35% done.
  63% done.
  77% done.
 100% done.
 CPU time [min]:     0.027                   Wall time [min]:     0.017

 ************************ 2025-11-19 20:46:20 *************************
 Executing drpa...

 Three-index integral transformation and DF-MP2 calculation
 Allocation of 40.0 Gbytes of memory...
 
 Minimal memory requirement for (ai|P) integrals:     0.4 MB

 Calculating (ai|P) integrals...
 Number of integral batches:    1
 Occupied indices per batch:    4
 
 Transforming integrals of batch 1...
 CPU time [min]:     0.016                   Wall time [min]:     0.008
 
 
 
 Reference energy [au]:                       -76.025868615777
 DF-MP2 singlet pair energy [au]:              -0.150673154436
 DF-MP2 triplet pair energy [au]:              -0.050675131600
 DF-SCS-MP2 correlation energy [au]:           -0.197699495857
 DF-SCS-MP2 energy [au]:                      -76.223568111634
 DF-SOS-MP2 correlation energy [au]:           -0.195875100767
 DF-SOS-MP2 energy [au]:                      -76.221743716544
 DF-MP2 correlation energy [au]:               -0.201348286036
 DF-MP2 energy [au]:                          -76.227216901813

 ************************ 2025-11-19 20:46:25 *************************
 Executing prop...

 Allocation of 40.0 Gbytes of memory...
 Iteration     Residual
    0         1.240E-02
    1         8.559E-04
    2         2.665E-04
    3         8.814E-05
    4         1.665E-05
    5         4.239E-06
    6         6.803E-07
    7         8.894E-08
    8         1.363E-08
    9         1.812E-09
 
 
 Performing population analysis...
 
              Atomic charges
            Mulliken     Lowdin
   1  O    -0.321337   -0.484707
   2  H     0.160668    0.242354
   3  H     0.160668    0.242354
 
 Mayer bond orders:
    1  1O-2H           1.0156
    2  1O-3H           1.0156
 
 
 Calculation of SCF first-order properties...
 
 Kinetic energy [au]:         75.97065645
 Nuclear attraction [au]:   -199.07013153
 Electron repulsion [au]:     37.91649456
 Nuclear repulsion [au]:       9.15711190
 Virial theorem (-V/T):        2.00072676
 
 Dipole moment [au]:           0.77924635
   x=      0.00000000  y=      0.00000000  z=     -0.77924635
 
 Dipole moment [Debye]:        1.98064637
   x=      0.00000000  y=      0.00000000  z=     -1.98064637
 
 Quadrupole moment [au]: 
     -1.62255391      0.00000000      0.00000000
      0.00000000      1.88595722     -0.00000000
      0.00000000     -0.00000000     -0.26340331
 
 Quadrupole moment [Debye*Ang]: 
     -2.18239036      0.00000000      0.00000000
      0.00000000      2.53667679     -0.00000000
      0.00000000     -0.00000000     -0.35428643
 
 Octapole moment       [au]       [Debye*Ang^2]: 
        xxx=        0.00000000      0.00000000
        xxy=       -0.00000000     -0.00000000
        xxz=        1.12494281      0.80069086
        xyy=        0.00000000      0.00000000
        xyz=        0.00000000      0.00000000
        xzz=        0.00000000      0.00000000
        yyy=        0.00000000      0.00000000
        yyz=       -3.03417060     -2.15960551
        yzz=        0.00000000      0.00000000
        zzz=        1.90922779      1.35891464
 
 
 Calculation of MP2 first-order properties...
 
 Kinetic energy [au]:         76.14200019
 Nuclear attraction [au]:   -199.05222030
 Electron repulsion [au]:     37.52589130
 Nuclear repulsion [au]:       9.15711190
 Virial theorem (-V/T):        2.00111918
 
 Dipole moment [au]:           0.74513222
   x=      0.00000000  y=      0.00000000  z=     -0.74513222
 
 Dipole moment [Debye]:        1.89393690
   x=      0.00000000  y=      0.00000000  z=     -1.89393690
 
 Quadrupole moment [au]: 
     -1.56644218      0.00000000      0.00000000
      0.00000000      1.81963271     -0.00000000
      0.00000000     -0.00000000     -0.25319053
 
 Quadrupole moment [Debye*Ang]: 
     -2.10691816      0.00000000      0.00000000
      0.00000000      2.44746806     -0.00000000
      0.00000000     -0.00000000     -0.34054990
 
 Octapole moment       [au]       [Debye*Ang^2]: 
        xxx=        0.00000000      0.00000000
        xxy=       -0.00000000     -0.00000000
        xxz=        1.02956003      0.73280109
        xyy=        0.00000000      0.00000000
        xyz=        0.00000000      0.00000000
        xzz=        0.00000000      0.00000000
        yyy=        0.00000000      0.00000000
        yyz=       -2.79803350     -1.99153223
        yzz=       -0.00000000     -0.00000000
        zzz=        1.76847347      1.25873115
 Calculation of one-electron integral gradients...
 CPU time [min]:     0.087                   Wall time [min]:     0.013
 
 First step of exchange...
 Exchange contribution is evaluated for MOs 1 to 4.
   2% done.
  15% done.
  35% done.
  63% done.
  77% done.
 100% done.
 CPU time [min]:     0.117                   Wall time [min]:     0.015
 
 Calculation of two-electron integral derivatives...
 CPU time [min]:     0.122                   Wall time [min]:     0.016
 
 
 First step of Coulomb + first step of exchange...
 Exchange contribution is evaluated for MOs 1 to 5.
   2% done.
  15% done.
  35% done.
  63% done.
  77% done.
 100% done.
 CPU time [min]:     0.132                   Wall time [min]:     0.017
 
 Fitting and transformation of exchange...
 CPU time [min]:     0.133                   Wall time [min]:     0.017
 
 Calculation of two-electron integral derivatives...
   2% done.
  15% done.
  35% done.
  63% done.
  77% done.
 100% done.
 
 Screening ratio for two-electron integral derivatives:
 0.00% of dERIs screened out (0 / 187662)
 
 CPU time [min]:     0.135                   Wall time [min]:     0.017
 
 
 First step of Coulomb + first step of exchange...
 Exchange contribution is evaluated for MOs 1 to 2.
   2% done.
  15% done.
  35% done.
  63% done.
  77% done.
 100% done.
 CPU time [min]:     0.142                   Wall time [min]:     0.018
 
 Fitting and transformation of exchange...
 CPU time [min]:     0.142                   Wall time [min]:     0.018
 
 Calculation of two-electron integral derivatives...
   2% done.
  15% done.
  35% done.
  63% done.
  77% done.
 100% done.
 
 Screening ratio for two-electron integral derivatives:
 0.00% of dERIs screened out (0 / 187662)
 
 CPU time [min]:     0.143                   Wall time [min]:     0.018
 
 
   Center                   Electric field [au]
                   x                y                z
    1  O      0.0000000000    -0.0000000000     0.1026012107
    2  H      0.0000000000     0.0158755660    -0.0193060931
    3  H      0.0000000000    -0.0158755660    -0.0193060931
 
 Cartesian gradient [au]:
    1  O     -0.0000000000     0.0000000000    -0.0194193125
    2  H      0.0000000000     0.0058276256     0.0097096563
    3  H      0.0000000000    -0.0058276256     0.0097096563
 
 Cartesian gradient in original orientation [au]:
    1  O     -0.0000000000     0.0000000000    -0.0194193125
    2  H      0.0000000000     0.0058276256     0.0097096563
    3  H      0.0000000000    -0.0058276256     0.0097096563
 
 ************************ 2025-11-19 20:46:30 *************************
                      Normal termination of mrcc.
 **********************************************************************
