 **********************************************************************
                          MRCC program system
 **********************************************************************
 
                              Written by
     Mihaly Kallay, Peter R. Nagy, David Mester, Laszlo Gyevi-Nagy,
        Jozsef Csoka, P. Bernat Szabo, Zoltan Rolik, Gyula Samu,
      Bence Hegely, Bence Ladoczki, Klara Petrov, Jozsef Csontos,
     Adam Ganyecz, Istvan Ladjanszki, Lorant Szegedy, Mate Farkas,
          Pal D. Mezei, Reka A. Horvath, and Balazs D. Lorincz
 
        Department of Physical Chemistry and Materials Science
            Budapest University of Technology and Economics
                  Budapest P.O.Box 91, H-1521 Hungary
 
                              www.mrcc.hu
 
                            Version: 25.1.2

 ************************ 2025-11-23 14:34:48 *************************
 Executing minp...

 Reading input from MINP...
 
 Input file:
 
mem=10240MB
basis=sto-3g
calc=HF


unit=bohr
geom=xyz
3
Title AutoGenerated by MRCC_Ext Script
O       0.0000000000     0.0000000000     0.2112938269
H       0.0000000000     1.4814997203    -0.8376164030
H       0.0000000000    -1.4814997203    -0.8376164030


charge=0
mult=1
! in this case the MRCC ending file can be empty
 
 
 Checking keyword combinations...
 
 Keywords:
 
 active=none
 agrid=ld0006-ld0590
 agrid_pssp=ld0006-ld0194
 agrid_pssp_sm=ld0006-ld0074
 basis=sto-3g
 basis_sm=none
 basopt=off
 bfbasis=none
 bfgsmem=10
 bfgstol=1.0d-3
 boysalg=jacobi
 bpcompo=0.985
 bpcompv=0.98
 bpdfo=0.985
 bpocc=0.985
 bppdo=0.985
 bppdv=0.98
 bpedo=0.985
 bpedv=0.98
 bp_subsyso=0.95
 bp_subsysv=0.95
 cabscorr=off
 cabsdual=off
 calc=scf
 ccmaxit=50
 ccprog=mrcc
 ccsdalg=disk
 ccsdmkl=seq
 ccsdrest=off
 ccsdthreads=2
 cctol=6
 charge=0
 cialg=disk
 ciguess=off
 cmpgrp=auto
 comprest=off
 coord_sys=ric
 core=frozen
 corembed=off
 csapprox=off
 cvs=off
 dboc=off
 deltaf12=off
 delocsomofact=
 dendec=cholesky
 dens=0
 denscorr=0
 dfalg=lineq
 dfbasis_cab=none
 dfbasis_cor=none
 dfbasis_scf=none
 dfbasis_scf_sm=auto
 dfintran=ovirt
 dft=off
 dhexc=adc(2)
 diag=david
 docc=
 domrad=10.d0
 drpaalg=fit
 dual=off
 dual_df=off
 dyson=off
 ecp=auto
 edisp=off
 edisp_embed=off
 embed=off
 epairestfact=off
 epairscale=1.d0
 etemp=300
 epert=none
 eps=
 espcharge=off
 excrad=0.d0
 excrad_f12=0.d0
 excrad_fin=0.000000000D+00
 fastdbbsc=v2
 fitting=coulomb
 fmm=off
 fmmord=8
 fnonorb=
 freq=off
 gamma=1.d0
 gauss=spher
 geom=xyz
 gopt=off
 ghost=none
 gtol=7
 grdens=off
 grid=auto
 grid_sm=auto
 gridbatch_cos=2000
 grtol=10
 guido_ct=off
 hamilton=dc
 iface=none
 incore=off
 intalg=auto
 ip_ea=off
 itol=10
 laptol=1.d-2
 lccoporder=trffirst
 lcorthr=normal
 lccrest=off
 ldfgrad_tol=8
 lmp2dens=on
 lnoepso=0.d0
 lnoepsv=1e-6
 localcc=off
 localcorrsymm=off
 locintrf=disk
 mact=
 maxact=off
 maxdim=200
 maxex=0
 maxmicroit=100
 mcscfiguess=hf
 mem=10240mb
 mmprog=
 molden=on
 mp2ongrid=off
 mpitasks=1
 mulmet=0
 mult=1
 nab=off
 nacto=0
 nactv=0
 naf_amp=3.16d-3
 naf_cor=off
 naf_f12=off
 naf_scf=off
 nafalg=albe
 nafdens=off
 naftyp=
 nchol=auto
 ndeps=1e-3
 nstate=1
 nsing=0
 nto=off
 ntrip=0
 num_grad=off
 occ=
 occri=off
 oniom=off
 oniom_eechg=off
 oniom_pcm=off
 oniom_qcorr=off
 optalg=
 optmaxit=50
 optetol=1e-6
 optex=0
 optgtol=1e-4
 optstol=1e-3
 orblocc=off
 orbloce=off
 orbloco=off
 orblocv=off
 orblocguess=cholesky
 osveps=1e-3
 ovirt=off
 ovltol=1e-7
 ovosnorb=80.0
 pao_subsys_tol=1e-3
 pao_tol=1e-3
 pcm=off
 popul=off
 pressure=100000
 pssp=off
 ptfreq=0.0
 ptthreads=2
 qmreg=
 qmmm=off
 qro=off
 qscf=off
 redcost_exc=off
 redcost_tddft=off
 refdet=none
 rest=0
 rgrid=log3
 rism=off
 rohfcore=semicanonical
 rohftype=standard
 scfalg=auto
 scf_conv=auto
 scfdamp=0.0d0
 scfdamp_mode=off
 scfdamp_end=50
 scfdamp_dampstep=0.d0
 scfdamp_dtol=0.0d0
 scfdamp_maxfact=0.0d0
 scfdamp_minfact=0.0d0
 scfdiis=on
 scfdiis_dtol=0.0d0
 scfdiis_end=50
 scfdiis_start=2
 scfdiis_step=1
 scfdiis_watch=off
 scfdiis_wrange=10
 scfdiis_wlimit=5
 scfdiis_delmax=2
 scfdtol=6
 scfext=10
 scfguessdens=
 scfiguess=sad
 scfloc=off
 scflshift=0.20
 scflshift_end=8
 scflshift_dtol=0.0
 scflshift_gaptol=0.20
 scfmaxit=50
 scftype=
 scftol=6
 scspe=1.d0
 scsph=1.d0
 scsps=1.2d0
 scsps_t=1.2d0
 scspt=0.33333333333333
 scspt_t=0.33333333333333
 scspv=1.d0
 spairtol=1e-4
 sqmprog=
 subminp=top
 subsys_bopu=on
 symm=
 talg=occ
 temp=298.15
 test=off
 theodore=off
 tlmo=0.999
 tpao=0.94
 tprint=off
 uncontract=off
 unit=bohr
 usedisk=2
 verbosity=2
 wpairtol=0.100000000E-05

 ************************ 2025-11-23 14:35:13 *************************
 Executing integ...

 Allocation of 10.0 Gbytes of memory...
 
 
 Number of atoms:                  3
 Charge:                           0
 Number of electrons:             10
 Number of core electrons:         2
 Spin multiplicity:                1
 
                 Cartesian coordinates [bohr]      Atomic mass [AMU]  Z
   1  O     0.00000000    0.00000000    0.21129383    15.994915       8
   2  H     0.00000000    1.48149972   -0.83761640     1.007825       1
   3  H     0.00000000   -1.48149972   -0.83761640     1.007825       1
 
 This molecule is an asymmetric top.
 This molecule is planar.
 
 Rotational constants [cm-1]: 
     30.566650777230     13.607424905802      9.415780605293
 
 Point group: C2v 
 Computational point group: C2v 
 
 Cartesian coordinates in standard orientation [bohr]
   1  O     0.00000000    0.00000000    0.11738866
   2  H     0.00000000    1.48149972   -0.93152157
   3  H     0.00000000   -1.48149972   -0.93152157
 
 Nuclear repulsion energy [au]:          9.151813716828
 
 
 Basis set information:
 
 Maximum angular momentum: p
 Maximum number of contracted Gaussians:    2
 Maximum number of primitive Gaussians:     6
 Spherical harmonic GTOs are used.
 
   1  O  sto-3g [ 6s 3p | 2s 1p ]
   2  H  sto-3g [ 3s | 1s ]
   3  H  sto-3g [ 3s | 1s ]
 
 Total number of basis functions:      7
 
 
 Initializing the SAD routines for the initial guess...
 Checking the files required for the initial guess...
 Density files have not been found for the initial guess.
 Generating SCFDENSITIES.O.sto-3g.0
 Generating SCFDENSITIES.H.sto-3g.0
 CPU time [min]:     0.018                   Wall time [min]:     1.122
 
 Character table for point group C2v:
 
          E  C2  Qh  Qv  
    A1    1   1   1   1
    B1    1  -1   1  -1
    B2    1  -1  -1   1
    A2    1   1  -1  -1
 
 Number of basis functions per irrep:
    A1      4
    B1      2
    B2      1
    A2      0
 
 
 Calculation of overlap integrals...
 CPU time [min]:     0.018                   Wall time [min]:     1.122
 
 Calculation of the square root of the overlap matrix...
 Minimum eigenvalue of the overlap matrix: 0.345246E+00
 CPU time [min]:     0.019                   Wall time [min]:     1.123
 
 Calculation of kinetic energy integrals...
 CPU time [min]:     0.019                   Wall time [min]:     1.123
 Calculation of nuclear attraction integrals...
 CPU time [min]:     0.019                   Wall time [min]:     1.123
 
 Calculation of prescreening integrals...
 CPU time [min]:     0.019                   Wall time [min]:     1.123
 
 Calculation of two-electron integrals...
   1% done.
  30% done.
  57% done.
 100% done.
 CPU time [min]:     0.021                   Wall time [min]:     1.123

 ************************ 2025-11-23 14:36:33 *************************
 Executing scf...

 Allocation of 10.0 Gbytes of memory...
 ======================================================================
 ITERATION STEP   1
 CPU time [min]:     0.009                   Wall time [min]:     0.013
 
 RMS of [F,P]:                                         0.44628951594080
 RMS of difference density:                            0.20805440780715
 Gap [au]:  0.86801598
 ALPHA OCC:   3   1   1   0
 BETA  OCC:   3   1   1   0
 
 ***HARTREE-FOCK ENERGY IN STEP   1 IS        -74.7488737378612740 [AU]
 ======================================================================
 ITERATION STEP   2
 CPU time [min]:     0.009                   Wall time [min]:     0.013
 
 RMS of [F,P]:                                         0.03665277491986
 RMS of difference density:                            0.04687559378337
 Gap [au]:  0.97290224
 ALPHA OCC:   3   1   1   0
 BETA  OCC:   3   1   1   0
 
 ***HARTREE-FOCK ENERGY IN STEP   2 IS        -74.9530505563906502 [AU]
 ======================================================================
 ITERATION STEP   3
 CPU time [min]:     0.010                   Wall time [min]:     0.014
 
 RMS of [F,P]:                                         0.00996449206641
 RMS of difference density:                            0.02040455613927
 Gap [au]:  0.97733476
 ALPHA OCC:   3   1   1   0
 BETA  OCC:   3   1   1   0
 
 ***HARTREE-FOCK ENERGY IN STEP   3 IS        -74.9601147021731862 [AU]
 ======================================================================
 ITERATION STEP   4
 CPU time [min]:     0.010                   Wall time [min]:     0.014
 
 RMS of [F,P]:                                         0.00150604099956
 RMS of difference density:                            0.00341583577597
 Gap [au]:  0.97948175
 ALPHA OCC:   3   1   1   0
 BETA  OCC:   3   1   1   0
 
 ***HARTREE-FOCK ENERGY IN STEP   4 IS        -74.9608154455656859 [AU]
 ======================================================================
 ITERATION STEP   5
 CPU time [min]:     0.011                   Wall time [min]:     0.014
 
 RMS of [F,P]:                                         0.00041694654882
 RMS of difference density:                            0.00112316348764
 Gap [au]:  0.97936555
 ALPHA OCC:   3   1   1   0
 BETA  OCC:   3   1   1   0
 
 ***HARTREE-FOCK ENERGY IN STEP   5 IS        -74.9608374236598394 [AU]
 ======================================================================
 ITERATION STEP   6
 CPU time [min]:     0.011                   Wall time [min]:     0.015
 
 RMS of [F,P]:                                         0.00003606652236
 RMS of difference density:                            0.00010169257019
 Gap [au]:  0.97952224
 ALPHA OCC:   3   1   1   0
 BETA  OCC:   3   1   1   0
 
 ***HARTREE-FOCK ENERGY IN STEP   6 IS        -74.9608392967887767 [AU]
 ======================================================================
 ITERATION STEP   7
 CPU time [min]:     0.011                   Wall time [min]:     0.015
 
 RMS of [F,P]:                                         0.00000019337359
 RMS of difference density:                            0.00000032914203
 Gap [au]:  0.97952190
 ALPHA OCC:   3   1   1   0
 BETA  OCC:   3   1   1   0
 
 ***HARTREE-FOCK ENERGY IN STEP   7 IS        -74.9608393096502965 [AU]
 ======================================================================
 
 SUCCESS...
 THE SCF ITERATION HAS CONVERGED!
 
                   A1  B1  B2  A2  
 FINAL ALPHA OCC:   3   1   1   0
 FINAL BETA  OCC:   3   1   1   0
 
 ***FINAL HARTREE-FOCK ENERGY:        -74.9608393096502965 [AU]
 
 RETURNING FROM SCF ALGORITHM
 ======================================================================
 
 ************************ 2025-11-23 14:36:51 *************************
                      Normal termination of mrcc.
 **********************************************************************
