 **********************************************************************
                          MRCC program system
 **********************************************************************
 
                              Written by
     Mihaly Kallay, Peter R. Nagy, David Mester, Laszlo Gyevi-Nagy,
        Jozsef Csoka, P. Bernat Szabo, Zoltan Rolik, Gyula Samu,
      Bence Hegely, Bence Ladoczki, Klara Petrov, Jozsef Csontos,
     Adam Ganyecz, Istvan Ladjanszki, Lorant Szegedy, Mate Farkas,
          Pal D. Mezei, Reka A. Horvath, and Balazs D. Lorincz
 
        Department of Physical Chemistry and Materials Science
            Budapest University of Technology and Economics
                  Budapest P.O.Box 91, H-1521 Hungary
 
                              www.mrcc.hu
 
                            Version: 25.1.2

 ************************ 2025-12-28 15:50:49 *************************
 Executing minp...

 Reading input from MINP...
 
 Input file:
 
mem=16384MB
basis=cc-pVDZ
calc=CCSD(T)
# Numerical gradient (no dens=2)



unit=bohr
geom=xyz
3
Title AutoGenerated by MRCC_Ext Script
O       0.0000000000     0.0000000000     0.2225908402
H       0.0000000000     1.4304281899    -0.8903633608
H       0.0000000000    -1.4304281899    -0.8903633608


charge=0
mult=1
 
 
 Checking keyword combinations...
 
 Keywords:
 
 active=none
 agrid=ld0006-ld0590
 agrid_pssp=ld0006-ld0194
 agrid_pssp_sm=ld0006-ld0074
 basis=cc-pvdz
 basis_sm=none
 basopt=off
 bfbasis=none
 bfgsmem=10
 bfgstol=1.0d-3
 boysalg=jacobi
 bpcompo=0.985
 bpcompv=0.98
 bpdfo=0.985
 bpocc=0.985
 bppdo=0.985
 bppdv=0.98
 bpedo=0.985
 bpedv=0.98
 bp_subsyso=0.95
 bp_subsysv=0.95
 cabscorr=off
 cabsdual=off
 calc=ccsd(t)
 ccmaxit=50
 ccprog=ccsd
 ccsdalg=disk
 ccsdmkl=seq
 ccsdrest=trf
 ccsdthreads=2
 cctol=6
 charge=0
 cialg=auto
 ciguess=off
 cmpgrp=auto
 comprest=off
 coord_sys=ric
 core=frozen
 corembed=off
 csapprox=off
 cvs=off
 dboc=off
 deltaf12=off
 delocsomofact=
 dendec=cholesky
 dens=0
 denscorr=0
 dfalg=lineq
 dfbasis_cab=none
 dfbasis_cor=none
 dfbasis_scf=none
 dfbasis_scf_sm=auto
 dfintran=ovirt
 dft=off
 dhexc=adc(2)
 diag=david
 docc=
 domrad=10.d0
 drpaalg=fit
 dual=off
 dual_df=off
 dyson=off
 ecp=auto
 edisp=off
 edisp_embed=off
 embed=off
 epairestfact=off
 epairscale=1.d0
 etemp=300
 epert=none
 eps=
 espcharge=off
 excrad=0.d0
 excrad_f12=0.d0
 excrad_fin=0.000000000D+00
 fastdbbsc=v2
 fitting=coulomb
 fmm=off
 fmmord=8
 fnonorb=
 freq=off
 gamma=1.d0
 gauss=spher
 geom=xyz
 gopt=off
 ghost=none
 gtol=7
 grdens=off
 grid=auto
 grid_sm=auto
 gridbatch_cos=2000
 grtol=10
 guido_ct=off
 hamilton=dc
 iface=none
 incore=off
 intalg=auto
 ip_ea=off
 itol=10
 laptol=1.d-2
 lccoporder=trffirst
 lcorthr=normal
 lccrest=off
 ldfgrad_tol=8
 lmp2dens=on
 lnoepso=0.d0
 lnoepsv=5e-5
 localcc=off
 localcorrsymm=off
 locintrf=disk
 mact=
 maxact=off
 maxdim=200
 maxex=0
 maxmicroit=100
 mcscfiguess=hf
 mem=16384mb
 mmprog=
 molden=on
 mp2ongrid=off
 mpitasks=1
 mulmet=0
 mult=1
 nab=off
 nacto=0
 nactv=0
 naf_amp=3.16d-3
 naf_cor=off
 naf_f12=off
 naf_scf=off
 nafalg=albe
 nafdens=off
 naftyp=
 nchol=auto
 ndeps=1e-3
 nstate=1
 nsing=0
 nto=off
 ntrip=0
 num_grad=off
 occ=
 occri=off
 oniom=off
 oniom_eechg=off
 oniom_pcm=off
 oniom_qcorr=off
 optalg=
 optmaxit=50
 optetol=1e-6
 optex=0
 optgtol=1e-4
 optstol=1e-3
 orblocc=off
 orbloce=off
 orbloco=off
 orblocv=off
 orblocguess=cholesky
 osveps=1e-3
 ovirt=off
 ovltol=1e-7
 ovosnorb=80.0
 pao_subsys_tol=1e-3
 pao_tol=1e-3
 pcm=off
 popul=off
 pressure=100000
 pssp=off
 ptfreq=0.0
 ptthreads=2
 qmreg=
 qmmm=off
 qro=off
 qscf=off
 redcost_exc=off
 redcost_tddft=off
 refdet=none
 rest=0
 rgrid=log3
 rism=off
 rohfcore=semicanonical
 rohftype=semicanonical
 scfalg=auto
 scf_conv=auto
 scfdamp=0.0d0
 scfdamp_mode=off
 scfdamp_end=50
 scfdamp_dampstep=0.d0
 scfdamp_dtol=0.0d0
 scfdamp_maxfact=0.0d0
 scfdamp_minfact=0.0d0
 scfdiis=on
 scfdiis_dtol=0.0d0
 scfdiis_end=50
 scfdiis_start=2
 scfdiis_step=1
 scfdiis_watch=off
 scfdiis_wrange=10
 scfdiis_wlimit=5
 scfdiis_delmax=2
 scfdtol=7
 scfext=10
 scfguessdens=
 scfiguess=sad
 scfloc=off
 scflshift=0.20
 scflshift_end=8
 scflshift_dtol=0.0
 scflshift_gaptol=0.20
 scfmaxit=50
 scftype=
 scftol=6
 scspe=1.d0
 scsph=1.d0
 scsps=1.2d0
 scsps_t=1.2d0
 scspt=0.33333333333333
 scspt_t=0.33333333333333
 scspv=1.d0
 spairtol=1e-4
 sqmprog=
 subminp=top
 subsys_bopu=on
 symm=
 talg=occ
 temp=298.15
 test=off
 theodore=off
 tlmo=0.999
 tpao=0.94
 tprint=off
 uncontract=off
 unit=bohr
 usedisk=2
 verbosity=2
 wpairtol=0.100000000E-05

 ************************ 2025-12-28 15:51:02 *************************
 Executing integ...

 Allocation of 16.0 Gbytes of memory...
 
 
 Number of atoms:                  3
 Charge:                           0
 Number of electrons:             10
 Number of core electrons:         2
 Spin multiplicity:                1
 
                 Cartesian coordinates [bohr]      Atomic mass [AMU]  Z
   1  O     0.00000000    0.00000000    0.22259084    15.994915       8
   2  H     0.00000000    1.43042819   -0.89036336     1.007825       1
   3  H     0.00000000   -1.43042819   -0.89036336     1.007825       1
 
 This molecule is an asymmetric top.
 This molecule is planar.
 
 Rotational constants [cm-1]: 
     27.150004822358     14.596440904038      9.492866615069
 
 Point group: C2v 
 Computational point group: C2v 
 
 Cartesian coordinates in standard orientation [bohr]
   1  O     0.00000000    0.00000000    0.12455613
   2  H     0.00000000    1.43042819   -0.98839807
   3  H     0.00000000   -1.43042819   -0.98839807
 
 Nuclear repulsion energy [au]:          9.177621510175
 
 
 Basis set information:
 
 Maximum angular momentum: d
 Maximum number of contracted Gaussians:    3
 Maximum number of primitive Gaussians:     9
 Spherical harmonic GTOs are used.
 
   1  O  cc-pvdz [ 9s 4p 1d | 3s 2p 1d ]
   2  H  cc-pvdz [ 4s 1p | 2s 1p ]
   3  H  cc-pvdz [ 4s 1p | 2s 1p ]
 
 Total number of basis functions:     24
 
 
 Initializing the SAD routines for the initial guess...
 Checking the files required for the initial guess...
 Density files have not been found for the initial guess.
 Generating SCFDENSITIES.O.cc-pvdz.0
 Generating SCFDENSITIES.H.cc-pvdz.0
 CPU time [min]:     0.008                   Wall time [min]:     1.072
 
 Character table for point group C2v:
 
          E  C2  Qh  Qv  
    A1    1   1   1   1
    B1    1  -1   1  -1
    B2    1  -1  -1   1
    A2    1   1  -1  -1
 
 Number of basis functions per irrep:
    A1     11
    B1      7
    B2      4
    A2      2
 
 
 Calculation of overlap integrals...
 CPU time [min]:     0.009                   Wall time [min]:     1.072
 
 Calculation of the square root of the overlap matrix...
 Minimum eigenvalue of the overlap matrix: 0.176204E-01
 CPU time [min]:     0.009                   Wall time [min]:     1.072
 
 Calculation of kinetic energy integrals...
 CPU time [min]:     0.009                   Wall time [min]:     1.072
 Calculation of nuclear attraction integrals...
 CPU time [min]:     0.009                   Wall time [min]:     1.072
 
 Calculation of prescreening integrals...
 CPU time [min]:     0.009                   Wall time [min]:     1.072
 
 Calculation of two-electron integrals...
   2% done.
  21% done.
  40% done.
  59% done.
 100% done.
 CPU time [min]:     0.011                   Wall time [min]:     1.073

 ************************ 2025-12-28 15:52:12 *************************
 Executing scf...

 Allocation of 16.0 Gbytes of memory...
 ======================================================================
 ITERATION STEP   1
 CPU time [min]:     0.007                   Wall time [min]:     0.012
 
 RMS of [F,P]:                                         0.17060403506618
 RMS of difference density:                            0.14440043363752
 Gap [au]:  0.72423930
 ALPHA OCC:   3   1   1   0
 BETA  OCC:   3   1   1   0
 
 ***HARTREE-FOCK ENERGY IN STEP   1 IS        -75.7376731234492411 [AU]
 ======================================================================
 ITERATION STEP   2
 CPU time [min]:     0.008                   Wall time [min]:     0.013
 
 RMS of [F,P]:                                         0.02252088679832
 RMS of difference density:                            0.02955996458145
 Gap [au]:  0.65513088
 ALPHA OCC:   3   1   1   0
 BETA  OCC:   3   1   1   0
 
 ***HARTREE-FOCK ENERGY IN STEP   2 IS        -76.0153951497590725 [AU]
 ======================================================================
 ITERATION STEP   3
 CPU time [min]:     0.008                   Wall time [min]:     0.013
 
 RMS of [F,P]:                                         0.00920935808687
 RMS of difference density:                            0.01081057977986
 Gap [au]:  0.68620271
 ALPHA OCC:   3   1   1   0
 BETA  OCC:   3   1   1   0
 
 ***HARTREE-FOCK ENERGY IN STEP   3 IS        -76.0249891274054335 [AU]
 ======================================================================
 ITERATION STEP   4
 CPU time [min]:     0.008                   Wall time [min]:     0.014
 
 RMS of [F,P]:                                         0.00228222659041
 RMS of difference density:                            0.00348040419218
 Gap [au]:  0.67763419
 ALPHA OCC:   3   1   1   0
 BETA  OCC:   3   1   1   0
 
 ***HARTREE-FOCK ENERGY IN STEP   4 IS        -76.0265519441170454 [AU]
 ======================================================================
 ITERATION STEP   5
 CPU time [min]:     0.009                   Wall time [min]:     0.014
 
 RMS of [F,P]:                                         0.00038351018952
 RMS of difference density:                            0.00054174832872
 Gap [au]:  0.67819582
 ALPHA OCC:   3   1   1   0
 BETA  OCC:   3   1   1   0
 
 ***HARTREE-FOCK ENERGY IN STEP   5 IS        -76.0267042776942503 [AU]
 ======================================================================
 ITERATION STEP   6
 CPU time [min]:     0.009                   Wall time [min]:     0.014
 
 RMS of [F,P]:                                         0.00003325752184
 RMS of difference density:                            0.00004541295799
 Gap [au]:  0.67829037
 ALPHA OCC:   3   1   1   0
 BETA  OCC:   3   1   1   0
 
 ***HARTREE-FOCK ENERGY IN STEP   6 IS        -76.0267079524360270 [AU]
 ======================================================================
 ITERATION STEP   7
 CPU time [min]:     0.009                   Wall time [min]:     0.015
 
 RMS of [F,P]:                                         0.00000607642186
 RMS of difference density:                            0.00001310546713
 Gap [au]:  0.67831720
 ALPHA OCC:   3   1   1   0
 BETA  OCC:   3   1   1   0
 
 ***HARTREE-FOCK ENERGY IN STEP   7 IS        -76.0267079882149091 [AU]
 ======================================================================
 ITERATION STEP   8
 CPU time [min]:     0.010                   Wall time [min]:     0.015
 
 RMS of [F,P]:                                         0.00000109271347
 RMS of difference density:                            0.00000252671588
 Gap [au]:  0.67832187
 ALPHA OCC:   3   1   1   0
 BETA  OCC:   3   1   1   0
 
 ***HARTREE-FOCK ENERGY IN STEP   8 IS        -76.0267079906881662 [AU]
 ======================================================================
 ITERATION STEP   9
 CPU time [min]:     0.010                   Wall time [min]:     0.016
 
 RMS of [F,P]:                                         0.00000014999529
 RMS of difference density:                            0.00000033429400
 Gap [au]:  0.67832192
 ALPHA OCC:   3   1   1   0
 BETA  OCC:   3   1   1   0
 
 ***HARTREE-FOCK ENERGY IN STEP   9 IS        -76.0267079907677612 [AU]
 ======================================================================
 ITERATION STEP  10
 CPU time [min]:     0.011                   Wall time [min]:     0.016
 
 RMS of [F,P]:                                         0.00000003275735
 RMS of difference density:                            0.00000007544477
 Gap [au]:  0.67832194
 ALPHA OCC:   3   1   1   0
 BETA  OCC:   3   1   1   0
 
 ***HARTREE-FOCK ENERGY IN STEP  10 IS        -76.0267079907693102 [AU]
 ======================================================================
 
 SUCCESS...
 THE SCF ITERATION HAS CONVERGED!
 
                   A1  B1  B2  A2  
 FINAL ALPHA OCC:   3   1   1   0
 FINAL BETA  OCC:   3   1   1   0
 
 ***FINAL HARTREE-FOCK ENERGY:        -76.0267079907693102 [AU]
 
 RETURNING FROM SCF ALGORITHM
 ======================================================================

 ************************ 2025-12-28 15:52:20 *************************
 Executing ovirt...

 ovirt, the routine of orbital optimization and integral transformation 
Sun Dec 28 15:52:23 CET 2025
 Allocated memory:                   16384  Mb
 RHF calculation! 
 integral transforamtion: AOs ------ MOs
 # of basis functions, # of int. blocks    24     1
100 % 
 second part
100 %
 integral transformation is completed! 
CPU and WC time           0.02           0.06     AOs -> MOs 
 printing integral list for the ccsd calculations
Sun Dec 28 15:52:25 CET 2025
  ovirt terminated normally 

 ************************ 2025-12-28 15:52:28 *************************
 Executing ccsd...

 Allocation of 16.0 Gbytes of memory...

 CCSD(T) calculation
 
 Convergence criterion:  1.0E-06
 
 Number of occupied/virtual orbitals:     4    19
      0.74 MB is the minimal memory requirement for (T)
      0.40 MB is the minimal memory requirement for CCSD
 
 Reference energy [au]:             -76.026707990769
 T1 contribution [au]:                0.000000000000
 MP2 correlation energy [au]:        -0.201783805362
 Total MP2 energy [au]:             -76.228491796131
 
 CPU time [min]:     0.002                   Wall time [min]:     0.004
 Starting CCSD iterations...
 
                     Residual norm          Energy
 Iteration  1        0.109040995473      -76.233663126514
 Iteration  2        0.030163999186      -76.237592368154
 Iteration  3        0.007147398240      -76.238034470207
 Iteration  4        0.001654813869      -76.238046093177
 Iteration  5        0.000383013319      -76.238059074614
 Iteration  6        0.000131895730      -76.238057213797
 Iteration  7        0.000033161046      -76.238056685568
 Iteration  8        0.000007274504      -76.238056501631
 
 CCSD iteration has converged in  8 steps.
        0.64 MB memory was utilized for CCSD
 
 T1 diagnostic:      5.913E-03            D1 diagnostic:      1.118E-02
 
 T1 contribution [au]:                           0.000000000000
 CCSD correlation energy [au]:                  -0.211348510862
 Total CCSD energy [au]:                       -76.238056501631
 
 CPU time [min]:     0.005                   Wall time [min]:     0.005
 
 Calculation of (T) correction...
 
 
        0.70 MB memory is utilized for (T)

 0%       25%       50%       75%       100%
 |---------|---------|---------|---------| 
 
 (T) correction [au]:                                    -0.003045076248
 CCSD(T) correlation energy [au]:                        -0.214393587110
 Total CCSD(T) energy [au]:                             -76.241101577879
 
 CPU time [min]:     0.012                   Wall time [min]:     0.028
 
 ************************ 2025-12-28 15:52:35 *************************
                      Normal termination of mrcc.
 **********************************************************************
