 **********************************************************************
                          MRCC program system
 **********************************************************************
 
                              Written by
     Mihaly Kallay, Peter R. Nagy, David Mester, Laszlo Gyevi-Nagy,
        Jozsef Csoka, P. Bernat Szabo, Zoltan Rolik, Gyula Samu,
      Bence Hegely, Bence Ladoczki, Klara Petrov, Jozsef Csontos,
     Adam Ganyecz, Istvan Ladjanszki, Lorant Szegedy, Mate Farkas,
          Pal D. Mezei, Reka A. Horvath, and Balazs D. Lorincz
 
        Department of Physical Chemistry and Materials Science
            Budapest University of Technology and Economics
                  Budapest P.O.Box 91, H-1521 Hungary
 
                              www.mrcc.hu
 
                            Version: 25.1.2

 ************************ 2025-10-11 14:09:57 *************************
 Executing minp...

 Reading input from MINP...
 
 Input file:
 
mem=4096MB
basis=cc-pVDZ-F12
calc=FNO-CCSD(T)-F12




unit=bohr
geom=xyz
4
Title AutoGenerated by MRCC_Ext Script
N       0.0000000000     0.0000000000     0.2113948052
H       0.0000000000     1.7798990012    -0.4913648194
H      -1.5414377512    -0.8899495006    -0.4932545455
H       1.5414377512    -0.8899495006    -0.4932545455


charge=0
mult=1



 
 
 Checking keyword combinations...
 
 Keywords:
 
 active=none
 agrid=ld0006-ld0590
 agrid_pssp=ld0006-ld0194
 agrid_pssp_sm=ld0006-ld0074
 basis=cc-pvdz-f12
 basis_sm=cc-pvdz-f12
 basopt=off
 bfbasis=none
 bfgsmem=10
 bfgstol=1.0d-3
 boysalg=jacobi
 bpcompo=0.985
 bpcompv=0.98
 bpdfo=0.985
 bpocc=0.985
 bppdo=0.985
 bppdv=0.98
 bpedo=0.985
 bpedv=0.98
 bp_subsyso=0.95
 bp_subsysv=0.95
 cabscorr=off
 cabsdual=off
 calc=ccsd(t)-f12
 ccmaxit=50
 ccprog=ccsd
 ccsdalg=dfdirect
 ccsdmkl=seq
 ccsdrest=trf
 ccsdthreads=2
 cctol=6
 charge=0
 cialg=auto
 ciguess=off
 cmpgrp=auto
 comprest=off
 coord_sys=ric
 core=frozen
 corembed=off
 csapprox=off
 cvs=off
 dboc=off
 deltaf12=off
 delocsomofact=
 dendec=cholesky
 dens=0
 denscorr=0
 dfalg=lineq
 dfbasis_cab=auto
 dfbasis_cor=auto
 dfbasis_scf=auto
 dfbasis_scf_sm=auto
 dfintran=drpa
 dft=off
 dhexc=adc(2)
 diag=david
 docc=
 domrad=10.d0
 drpaalg=fit
 dual=on
 dual_df=off
 dyson=off
 ecp=auto
 edisp=off
 edisp_embed=off
 embed=off
 epairestfact=off
 epairscale=1.d0
 etemp=300
 epert=none
 eps=
 espcharge=off
 excrad=0.d0
 excrad_f12=0.d0
 excrad_fin=0.000000000D+00
 fastdbbsc=v2
 fitting=coulomb
 fmm=off
 fmmord=8
 fnonorb=
 freq=off
 gamma=0.9d0
 gauss=spher
 geom=xyz
 gopt=off
 ghost=none
 gtol=7
 grdens=off
 grid=auto
 grid_sm=auto
 gridbatch_cos=2000
 grtol=10
 guido_ct=off
 hamilton=dc
 iface=none
 incore=off
 intalg=os
 ip_ea=off
 itol=10
 laptol=1.d-2
 lccoporder=trffirst
 lcorthr=normal
 lccrest=off
 ldfgrad_tol=8
 lmp2dens=on
 lnoepso=0.d0
 lnoepsv=1e-4
 localcc=off
 localcorrsymm=off
 locintrf=disk
 mact=
 maxact=off
 maxdim=200
 maxex=0
 maxmicroit=100
 mcscfiguess=hf
 mem=4096mb
 mmprog=
 molden=on
 mp2ongrid=off
 mpitasks=1
 mulmet=0
 mult=1
 nab=0.1d0
 nacto=0
 nactv=0
 naf_amp=3.16d-3
 naf_cor=5e-2
 naf_f12=5e-2
 naf_scf=off
 nafalg=albe
 nafdens=off
 naftyp=jpq_inv
 nchol=auto
 ndeps=1e-3
 nstate=1
 nsing=0
 nto=off
 ntrip=0
 num_grad=off
 occ=
 occri=off
 oniom=off
 oniom_eechg=off
 oniom_pcm=off
 oniom_qcorr=off
 optalg=
 optmaxit=50
 optetol=1e-6
 optex=0
 optgtol=1e-4
 optstol=1e-3
 orblocc=off
 orbloce=off
 orbloco=off
 orblocv=off
 orblocguess=cholesky
 osveps=1e-3
 ovirt=mp2
 ovltol=1e-7
 ovosnorb=80.0
 pao_subsys_tol=1e-3
 pao_tol=1e-3
 pcm=off
 popul=off
 pressure=100000
 pssp=off
 ptfreq=0.0
 ptthreads=2
 qmreg=
 qmmm=off
 qro=off
 qscf=off
 redcost_exc=off
 redcost_tddft=off
 refdet=none
 rest=0
 rgrid=log3
 rism=off
 rohfcore=semicanonical
 rohftype=semicanonical
 scfalg=direct
 scf_conv=auto
 scfdamp=0.0d0
 scfdamp_mode=off
 scfdamp_end=50
 scfdamp_dampstep=0.d0
 scfdamp_dtol=0.0d0
 scfdamp_maxfact=0.0d0
 scfdamp_minfact=0.0d0
 scfdiis=on
 scfdiis_dtol=0.0d0
 scfdiis_end=50
 scfdiis_start=2
 scfdiis_step=1
 scfdiis_watch=off
 scfdiis_wrange=10
 scfdiis_wlimit=5
 scfdiis_delmax=2
 scfdtol=7
 scfext=10
 scfguessdens=
 scfiguess=sad
 scfloc=off
 scflshift=0.20
 scflshift_end=8
 scflshift_dtol=0.0
 scflshift_gaptol=0.20
 scfmaxit=50
 scftype=
 scftol=6
 scspe=1.d0
 scsph=1.d0
 scsps=1.2d0
 scsps_t=1.2d0
 scspt=0.33333333333333
 scspt_t=0.33333333333333
 scspv=1.d0
 spairtol=1e-4
 sqmprog=
 subminp=top
 subsys_bopu=on
 symm=
 talg=occ
 temp=298.15
 test=off
 theodore=off
 tlmo=0.999
 tpao=0.94
 tprint=off
 uncontract=off
 unit=bohr
 usedisk=2
 verbosity=2
 wpairtol=0.100000000E-05

 ************************ 2025-10-11 14:10:09 *************************
 Executing integ...

 Allocation of 4096.0 Mbytes of memory...
 
 
 Number of atoms:                  4
 Charge:                           0
 Number of electrons:             10
 Number of core electrons:         2
 Spin multiplicity:                1
 
                 Cartesian coordinates [bohr]      Atomic mass [AMU]  Z
   1  N     0.00000000    0.00000000    0.21139481    14.003074       7
   2  H     0.00000000    1.77989900   -0.49136482     1.007825       1
   3  H    -1.54143775   -0.88994950   -0.49325455     1.007825       1
   4  H     1.54143775   -0.88994950   -0.49325455     1.007825       1
 
 This molecule is an asymmetric top.
 
 Rotational constants [cm-1]: 
      9.997118547214      9.997113183518      6.284879707320
 
 Point group: Cs  
 Computational point group: Cs  
 
 Cartesian coordinates in standard orientation [bohr]
   1  N     0.00000000   -0.00011915    0.12501560
   2  H     0.00000000   -1.77934757   -0.57944006
   3  H    -1.54143775    0.89050152   -0.57878525
   4  H     1.54143775    0.89050152   -0.57878525
 
 Nuclear repulsion energy [au]:         11.944472477201
 
 
 Basis set information:
 
 Maximum angular momentum: g
 Maximum number of contracted Gaussians:   13
 Maximum number of primitive Gaussians:    13
 Spherical harmonic GTOs are used.
 
 
 Conventional basis set:
 
   1  N  cc-pvdz-f12 [ 11s 6p 2d | 5s 5p 2d ]
   2  H  cc-pvdz-f12 [ 5s 2p | 3s 2p ]
   3  H  cc-pvdz-f12 [ 5s 2p | 3s 2p ]
   4  H  cc-pvdz-f12 [ 5s 2p | 3s 2p ]
 
 Total number of basis functions:     57
 
 
 Fitting basis set for the SCF calculation:
 
   1  N  aug-cc-pvtz-ri-jk [ 11s 8p 6d 3f 2g | 11s 8p 6d 3f 2g ]
   2  H  aug-cc-pvtz-ri-jk [ 5s 4p 3d 2f | 5s 4p 3d 2f ]
   3  H  aug-cc-pvtz-ri-jk [ 5s 4p 3d 2f | 5s 4p 3d 2f ]
   4  H  aug-cc-pvtz-ri-jk [ 5s 4p 3d 2f | 5s 4p 3d 2f ]
 
 Total number of basis functions:    242
 
 
 Fitting basis set for the correlation calculation:
 
   1  N  aug-cc-pwcvtz-ri [ 13s 10p 8d 5f 2g | 13s 10p 8d 5f 2g ]
   2  H  aug-cc-pvtz-ri [ 5s 4p 3d 2f | 5s 4p 3d 2f ]
   3  H  aug-cc-pvtz-ri [ 5s 4p 3d 2f | 5s 4p 3d 2f ]
   4  H  aug-cc-pvtz-ri [ 5s 4p 3d 2f | 5s 4p 3d 2f ]
 
 Total number of basis functions:    274
 
 
 Initializing the SAD routines for the initial guess...
 Checking the files required for the initial guess...
 Density files have not been found for the initial guess.
 Generating SCFDENSITIES.N.cc-pvdz-f12.0
 Generating SCFDENSITIES.H.cc-pvdz-f12.0
 CPU time [min]:     0.005                   Wall time [min]:     4.660
 
 Character table for point group Cs:
 
          E  Qh  
    A'    1   1
    A"    1  -1
 
 Number of basis functions per irrep:
    A'     37
    A"     20
 
 
 Calculation of overlap integrals...
 CPU time [min]:     0.006                   Wall time [min]:     4.660
 
 Calculation of the square root of the overlap matrix...
 Minimum eigenvalue of the overlap matrix: 0.111663E-02
 CPU time [min]:     0.006                   Wall time [min]:     4.660
 
 Calculation of kinetic energy integrals...
 CPU time [min]:     0.006                   Wall time [min]:     4.660
 Calculation of nuclear attraction integrals...
 CPU time [min]:     0.006                   Wall time [min]:     4.660
 
 Calculation of prescreening integrals...
 CPU time [min]:     0.006                   Wall time [min]:     4.662
 
 Calculation of two-center Coulomb integrals...
   2% done.
  13% done.
  25% done.
  39% done.
  57% done.
  69% done.
  89% done.
 100% done.
 CPU time [min]:     0.007                   Wall time [min]:     4.665
 
 Cholesky decomposition of the two-center matrix...
 Reciprocal of the condition number:  0.373491E-04
 CPU time [min]:     0.008                   Wall time [min]:     4.667
 

 ************************ 2025-10-11 14:15:02 *************************
 Executing scf...

 Allocation of 4096.0 Mbytes of memory...
 ======================================================================
 ITERATION STEP   1
 CPU time [min]:     0.007                   Wall time [min]:     0.012
 
 Constructing Fock-matrix...
 
 First step of Coulomb + first step of exchange...
 Exchange contribution is evaluated for MOs 1 to 5.
   1% done.
  13% done.
  28% done.
  47% done.
  71% done.
 100% done.
 CPU time [min]:     0.010                   Wall time [min]:     0.020
 
 Fitting and assembly step of exchange...
 CPU time [min]:     0.010                   Wall time [min]:     0.021
 
 Second step of Coulomb...
   1% done.
  13% done.
  28% done.
  47% done.
  71% done.
 100% done.
 CPU time [min]:     0.010                   Wall time [min]:     0.022
 
 RMS of [F,P]:                                         0.05383729673446
 RMS of difference density:                            0.01141644696671
 Gap [au]:  0.55704193
 ALPHA OCC:   4   1
 BETA  OCC:   4   1
 
 ***HARTREE-FOCK ENERGY IN STEP   1 IS        -55.9428475042718816 [AU]
 ======================================================================
 ITERATION STEP   2
 CPU time [min]:     0.010                   Wall time [min]:     0.022
 
 Constructing Fock-matrix...
 
 First step of Coulomb + first step of exchange...
 Exchange contribution is evaluated for MOs 1 to 5.
   1% done.
  13% done.
  28% done.
  47% done.
  71% done.
 100% done.
 CPU time [min]:     0.012                   Wall time [min]:     0.030
 
 Fitting and assembly step of exchange...
 CPU time [min]:     0.012                   Wall time [min]:     0.030
 
 Second step of Coulomb...
   1% done.
  13% done.
  28% done.
  47% done.
  71% done.
 100% done.
 CPU time [min]:     0.013                   Wall time [min]:     0.032
 
 RMS of [F,P]:                                         0.00736814493189
 RMS of difference density:                            0.00375347241767
 Gap [au]:  0.50445866
 ALPHA OCC:   4   1
 BETA  OCC:   4   1
 
 ***HARTREE-FOCK ENERGY IN STEP   2 IS        -56.2062865987600375 [AU]
 ======================================================================
 ITERATION STEP   3
 CPU time [min]:     0.013                   Wall time [min]:     0.033
 
 Constructing Fock-matrix...
 
 First step of Coulomb + first step of exchange...
 Exchange contribution is evaluated for MOs 1 to 5.
   1% done.
  13% done.
  28% done.
  47% done.
  71% done.
 100% done.
 CPU time [min]:     0.015                   Wall time [min]:     0.040
 
 Fitting and assembly step of exchange...
 CPU time [min]:     0.015                   Wall time [min]:     0.040
 
 Second step of Coulomb...
   1% done.
  13% done.
  28% done.
  47% done.
  71% done.
 100% done.
 CPU time [min]:     0.016                   Wall time [min]:     0.042
 
 RMS of [F,P]:                                         0.00241114055558
 RMS of difference density:                            0.00087661457461
 Gap [au]:  0.52192866
 ALPHA OCC:   4   1
 BETA  OCC:   4   1
 
 ***HARTREE-FOCK ENERGY IN STEP   3 IS        -56.2168132511889738 [AU]
 ======================================================================
 ITERATION STEP   4
 CPU time [min]:     0.016                   Wall time [min]:     0.043
 
 Constructing Fock-matrix...
 
 First step of Coulomb + first step of exchange...
 Exchange contribution is evaluated for MOs 1 to 5.
   1% done.
  13% done.
  28% done.
  47% done.
  71% done.
 100% done.
 CPU time [min]:     0.018                   Wall time [min]:     0.056
 
 Fitting and assembly step of exchange...
 CPU time [min]:     0.019                   Wall time [min]:     0.056
 
 Second step of Coulomb...
   1% done.
  13% done.
  28% done.
  47% done.
  71% done.
 100% done.
 CPU time [min]:     0.019                   Wall time [min]:     0.060
 
 RMS of [F,P]:                                         0.00088589329924
 RMS of difference density:                            0.00051775686613
 Gap [au]:  0.50972263
 ALPHA OCC:   4   1
 BETA  OCC:   4   1
 
 ***HARTREE-FOCK ENERGY IN STEP   4 IS        -56.2181192142339583 [AU]
 ======================================================================
 ITERATION STEP   5
 CPU time [min]:     0.019                   Wall time [min]:     0.062
 
 Constructing Fock-matrix...
 
 First step of Coulomb + first step of exchange...
 Exchange contribution is evaluated for MOs 1 to 5.
   1% done.
  13% done.
  28% done.
  47% done.
  71% done.
 100% done.
 CPU time [min]:     0.022                   Wall time [min]:     0.077
 
 Fitting and assembly step of exchange...
 CPU time [min]:     0.022                   Wall time [min]:     0.078
 
 Second step of Coulomb...
   1% done.
  13% done.
  28% done.
  47% done.
  71% done.
 100% done.
 CPU time [min]:     0.022                   Wall time [min]:     0.082
 
 RMS of [F,P]:                                         0.00024582437865
 RMS of difference density:                            0.00019771671884
 Gap [au]:  0.50984847
 ALPHA OCC:   4   1
 BETA  OCC:   4   1
 
 ***HARTREE-FOCK ENERGY IN STEP   5 IS        -56.2183894580310479 [AU]
 ======================================================================
 ITERATION STEP   6
 CPU time [min]:     0.022                   Wall time [min]:     0.084
 
 Constructing Fock-matrix...
 
 First step of Coulomb + first step of exchange...
 Exchange contribution is evaluated for MOs 1 to 5.
   1% done.
  13% done.
  28% done.
  47% done.
  71% done.
 100% done.
 CPU time [min]:     0.025                   Wall time [min]:     0.100
 
 Fitting and assembly step of exchange...
 CPU time [min]:     0.025                   Wall time [min]:     0.100
 
 Second step of Coulomb...
   1% done.
  13% done.
  28% done.
  47% done.
  71% done.
 100% done.
 CPU time [min]:     0.025                   Wall time [min]:     0.105
 
 RMS of [F,P]:                                         0.00003896832724
 RMS of difference density:                            0.00005588044982
 Gap [au]:  0.50962201
 ALPHA OCC:   4   1
 BETA  OCC:   4   1
 
 ***HARTREE-FOCK ENERGY IN STEP   6 IS        -56.2184140315612240 [AU]
 ======================================================================
 ITERATION STEP   7
 CPU time [min]:     0.026                   Wall time [min]:     0.107
 
 Constructing Fock-matrix...
 
 First step of Coulomb + first step of exchange...
 Exchange contribution is evaluated for MOs 1 to 5.
   1% done.
  13% done.
  28% done.
  47% done.
  71% done.
 100% done.
 CPU time [min]:     0.028                   Wall time [min]:     0.123
 
 Fitting and assembly step of exchange...
 CPU time [min]:     0.028                   Wall time [min]:     0.123
 
 Second step of Coulomb...
   1% done.
  13% done.
  28% done.
  47% done.
  71% done.
 100% done.
 CPU time [min]:     0.029                   Wall time [min]:     0.127
 
 RMS of [F,P]:                                         0.00000907028287
 RMS of difference density:                            0.00001337105477
 Gap [au]:  0.50957180
 ALPHA OCC:   4   1
 BETA  OCC:   4   1
 
 ***HARTREE-FOCK ENERGY IN STEP   7 IS        -56.2184151368229834 [AU]
 ======================================================================
 ITERATION STEP   8
 CPU time [min]:     0.029                   Wall time [min]:     0.129
 
 Constructing Fock-matrix...
 
 First step of Coulomb + first step of exchange...
 Exchange contribution is evaluated for MOs 1 to 5.
   1% done.
  13% done.
  28% done.
  47% done.
  71% done.
 100% done.
 CPU time [min]:     0.031                   Wall time [min]:     0.145
 
 Fitting and assembly step of exchange...
 CPU time [min]:     0.031                   Wall time [min]:     0.145
 
 Second step of Coulomb...
   1% done.
  13% done.
  28% done.
  47% done.
  71% done.
 100% done.
 CPU time [min]:     0.032                   Wall time [min]:     0.149
 
 RMS of [F,P]:                                         0.00000105374433
 RMS of difference density:                            0.00000236800119
 Gap [au]:  0.50956216
 ALPHA OCC:   4   1
 BETA  OCC:   4   1
 
 ***HARTREE-FOCK ENERGY IN STEP   8 IS        -56.2184151957569753 [AU]
 ======================================================================
 ITERATION STEP   9
 CPU time [min]:     0.032                   Wall time [min]:     0.151
 
 Constructing Fock-matrix...
 
 First step of Coulomb + first step of exchange...
 Exchange contribution is evaluated for MOs 1 to 5.
   1% done.
  13% done.
  28% done.
  47% done.
  71% done.
 100% done.
 CPU time [min]:     0.034                   Wall time [min]:     0.166
 
 Fitting and assembly step of exchange...
 CPU time [min]:     0.034                   Wall time [min]:     0.166
 
 Second step of Coulomb...
   1% done.
  13% done.
  28% done.
  47% done.
  71% done.
 100% done.
 CPU time [min]:     0.035                   Wall time [min]:     0.171
 
 RMS of [F,P]:                                         0.00000019223153
 RMS of difference density:                            0.00000057473883
 Gap [au]:  0.50956204
 ALPHA OCC:   4   1
 BETA  OCC:   4   1
 
 ***HARTREE-FOCK ENERGY IN STEP   9 IS        -56.2184151965819083 [AU]
 ======================================================================
 ITERATION STEP  10
 CPU time [min]:     0.035                   Wall time [min]:     0.173
 
 Constructing Fock-matrix...
 
 First step of Coulomb + first step of exchange...
 Exchange contribution is evaluated for MOs 1 to 5.
   1% done.
  13% done.
  28% done.
  47% done.
  71% done.
 100% done.
 CPU time [min]:     0.037                   Wall time [min]:     0.190
 
 Fitting and assembly step of exchange...
 CPU time [min]:     0.037                   Wall time [min]:     0.190
 
 Second step of Coulomb...
   1% done.
  13% done.
  28% done.
  47% done.
  71% done.
 100% done.
 CPU time [min]:     0.038                   Wall time [min]:     0.194
 
 RMS of [F,P]:                                         0.00000005580322
 RMS of difference density:                            0.00000010036911
 Gap [au]:  0.50956212
 ALPHA OCC:   4   1
 BETA  OCC:   4   1
 
 ***HARTREE-FOCK ENERGY IN STEP  10 IS        -56.2184151966219829 [AU]
 ======================================================================
 ITERATION STEP  11
 CPU time [min]:     0.038                   Wall time [min]:     0.196
 
 Constructing Fock-matrix...
 
 First step of Coulomb + first step of exchange...
 Exchange contribution is evaluated for MOs 1 to 5.
   1% done.
  13% done.
  28% done.
  47% done.
  71% done.
 100% done.
 CPU time [min]:     0.041                   Wall time [min]:     0.212
 
 Fitting and assembly step of exchange...
 CPU time [min]:     0.041                   Wall time [min]:     0.212
 
 Second step of Coulomb...
   1% done.
  13% done.
  28% done.
  47% done.
  71% done.
 100% done.
 CPU time [min]:     0.041                   Wall time [min]:     0.216
 
 RMS of [F,P]:                                         0.00000000849051
 RMS of difference density:                            0.00000002776880
 Gap [au]:  0.50956212
 ALPHA OCC:   4   1
 BETA  OCC:   4   1
 
 ***HARTREE-FOCK ENERGY IN STEP  11 IS        -56.2184151966245693 [AU]
 ======================================================================
 
 SUCCESS...
 THE SCF ITERATION HAS CONVERGED!
 
                   A'  A"  
 FINAL ALPHA OCC:   4   1
 FINAL BETA  OCC:   4   1
 
 ***FINAL HARTREE-FOCK ENERGY:        -56.2184151966245693 [AU]
 
 RETURNING FROM SCF ALGORITHM
 ======================================================================

 ************************ 2025-10-11 14:15:34 *************************
 Executing integ...

 Allocation of 4096.0 Mbytes of memory...
 
 
 Number of atoms:                  4
 Charge:                           0
 Number of electrons:             10
 Number of core electrons:         2
 Spin multiplicity:                1
 
                 Cartesian coordinates [bohr]      Atomic mass [AMU]  Z
   1  N     0.00000000    0.00000000    0.21139481    14.003074       7
   2  H     0.00000000    1.77989900   -0.49136482     1.007825       1
   3  H    -1.54143775   -0.88994950   -0.49325455     1.007825       1
   4  H     1.54143775   -0.88994950   -0.49325455     1.007825       1
 
 This molecule is an asymmetric top.
 
 Rotational constants [cm-1]: 
      9.997118547214      9.997113183518      6.284879707320
 
 Point group: Cs  
 Computational point group: Cs  
 
 Cartesian coordinates in standard orientation [bohr]
   1  N     0.00000000   -0.00011915    0.12501560
   2  H     0.00000000   -1.77934757   -0.57944006
   3  H    -1.54143775    0.89050152   -0.57878525
   4  H     1.54143775    0.89050152   -0.57878525
 
 Nuclear repulsion energy [au]:         11.944472477201
 
 
 Basis set information:
 
 Maximum angular momentum: g
 Maximum number of contracted Gaussians:   13
 Maximum number of primitive Gaussians:    15
 Spherical harmonic GTOs are used.
 
 
 Conventional basis set:
 
   1  N  cc-pvdz-f12 [ 11s 6p 2d | 5s 5p 2d ]
   2  H  cc-pvdz-f12 [ 5s 2p | 3s 2p ]
   3  H  cc-pvdz-f12 [ 5s 2p | 3s 2p ]
   4  H  cc-pvdz-f12 [ 5s 2p | 3s 2p ]
 
 Total number of basis functions:     57
 
 
 Fitting basis set for the SCF calculation:
 
   1  N  aug-cc-pvtz-ri-jk [ 11s 8p 6d 3f 2g | 11s 8p 6d 3f 2g ]
   2  H  aug-cc-pvtz-ri-jk [ 5s 4p 3d 2f | 5s 4p 3d 2f ]
   3  H  aug-cc-pvtz-ri-jk [ 5s 4p 3d 2f | 5s 4p 3d 2f ]
   4  H  aug-cc-pvtz-ri-jk [ 5s 4p 3d 2f | 5s 4p 3d 2f ]
 
 Total number of basis functions:    242
 
 
 Fitting basis set for the correlation calculation:
 
   1  N  aug-cc-pwcvtz-ri [ 13s 10p 8d 5f 2g | 13s 10p 8d 5f 2g ]
   2  H  aug-cc-pvtz-ri [ 5s 4p 3d 2f | 5s 4p 3d 2f ]
   3  H  aug-cc-pvtz-ri [ 5s 4p 3d 2f | 5s 4p 3d 2f ]
   4  H  aug-cc-pvtz-ri [ 5s 4p 3d 2f | 5s 4p 3d 2f ]
 
 Total number of basis functions:    274
 
 
 Old basis set for SCF restart
 
   1  N  cc-pvdz-f12 [ 11s 6p 2d | 5s 5p 2d ]
   2  H  cc-pvdz-f12 [ 5s 2p | 3s 2p ]
   3  H  cc-pvdz-f12 [ 5s 2p | 3s 2p ]
   4  H  cc-pvdz-f12 [ 5s 2p | 3s 2p ]
 
 Total number of basis functions:     57
 
 
 Complimentary auxiliary basis set (CABS):
 
   1  N  cc-pvdz-f12-optri [ 4s 4p 4d 3f 1g | 4s 4p 4d 3f 1g ]
   2  H  cc-pvdz-f12-optri [ 3s 3p 2d | 3s 3p 2d ]
   3  H  cc-pvdz-f12-optri [ 3s 3p 2d | 3s 3p 2d ]
   4  H  cc-pvdz-f12-optri [ 3s 3p 2d | 3s 3p 2d ]
 
 Total number of basis functions:    132
 
 
 Character table for point group Cs:
 
          E  Qh  
    A'    1   1
    A"    1  -1
 
 Number of basis functions per irrep:
    A'    115
    A"     74
 
 
 Calculation of overlap integrals...
 CPU time [min]:     0.006                   Wall time [min]:     0.091
 
 Calculation of the square root of the overlap matrix...
 Minimum eigenvalue of the overlap matrix: 0.146666E-04
 CPU time [min]:     0.006                   Wall time [min]:     0.092
 
 Calculation of kinetic energy integrals...
 CPU time [min]:     0.006                   Wall time [min]:     0.092
 Calculation of nuclear attraction integrals...
 CPU time [min]:     0.006                   Wall time [min]:     0.092
 Calculation of overlap integrals...
 CPU time [min]:     0.006                   Wall time [min]:     0.092
 
 Calculation of prescreening integrals...
 CPU time [min]:     0.011                   Wall time [min]:     0.106
 
 Calculation of two-center Coulomb integrals...
   2% done.
  13% done.
  25% done.
  39% done.
  57% done.
  69% done.
  89% done.
 100% done.
 CPU time [min]:     0.011                   Wall time [min]:     0.109
 
 Cholesky decomposition of the two-center matrix...
 Reciprocal of the condition number:  0.373491E-04
 CPU time [min]:     0.012                   Wall time [min]:     0.110
 

 ************************ 2025-10-11 14:15:56 *************************
 Executing scf...

 Allocation of 4096.0 Mbytes of memory...
 Constructing Fock-matrix...
 
 First step of Coulomb...
   1% done.
  13% done.
  28% done.
  47% done.
  71% done.
 100% done.
 CPU time [min]:     0.009                   Wall time [min]:     0.015
 
 Second step of Coulomb...
   3% done.
  40% done.
 CPU time [min]:     0.010                   Wall time [min]:     0.019
 
 
 First step of exchange...
 Exchange contribution is evaluated for MOs 1 to 5.
   1% done.
  13% done.
  28% done.
  47% done.
  71% done.
 100% done.
 CPU time [min]:     0.012                   Wall time [min]:     0.026
 
 Fitting and assembly step of exchange...
 CPU time [min]:     0.012                   Wall time [min]:     0.026
 

 ************************ 2025-10-11 14:16:12 *************************
 Executing mp2f12...

 MP2-F12 calculation
 
 Allocation of 4096.0 Mbytes of memory...
 
 Calculating CABS singles correction...
 CPU time [min]:     0.002                   Wall time [min]:     0.004
 
 Closed-shell CC mem. requirement in Mb
 
 Calculating Coulomb integrals in memory...
 CPU time [min]:     0.006                   Wall time [min]:     0.020
 
 Calculating (DelF12)^2 integrals...
 CPU time [min]:     0.007                   Wall time [min]:     0.024
 
 Calculating F12/r12 integrals...
 CPU time [min]:     0.009                   Wall time [min]:     0.029
 
 Calculating F12^2 integrals...
 Calculating F12^2 contribution 
 CPU time [min]:     0.011                   Wall time [min]:     0.038
 
 Calculating F12 integrals...
 CPU time [min]:     0.013                   Wall time [min]:     0.044
 
 Calculating pair energies...
 CPU time [min]:     0.013                   Wall time [min]:     0.046
 
 Reference energy [au]:                   -56.218415196625
 CABS singles correction [au]:             -0.002720647386
 Corrected reference energy [au]:         -56.221135844011
 MP2 correlation energy [au]:              -0.218178014890
 MP2 energy [au]:                         -56.436593211515
 F12 contribution [au]:                    -0.043519908177
 Coupling term [au]:                       -0.003005756511
 MP2-F12 correlation energy [au]:          -0.261697923067
 MP2-F12 energy [au]:                     -56.482833767078
 
 CPU time [min]:     0.013                   Wall time [min]:     0.046
 
 Constructing natural orbitals...
 Number of virtual natural orbitals: 30 (57.69%)
 CPU time [min]:     0.014                   Wall time [min]:     0.049
 
 Calculating MP2 energy and coupling term in NO basis...
 MP2 correlation energy [au]:              -0.213143232675
 MP2 energy [au]:                         -56.431558429300
 MP2 correction [au]:                      -0.005034782215
 Coupling term [au]:                        0.001379523838
 Coupling term correction [au]:            -0.004385280349
 CPU time [min]:     0.014                   Wall time [min]:     0.049
 
 Constructing the natural auxiliary basis...
 Number of natural auxiliary basis functions: 107 (69.5%)
 CPU time [min]:     0.015                   Wall time [min]:     0.053
 
 Constructing natural auxiliary functions...
 Number of natural auxiliary functions: 168 (61.3%)
 CPU time [min]:     0.016                   Wall time [min]:     0.056
 
 Calculating CCSD-F12 intermediates...
 CPU time [min]:     0.017                   Wall time [min]:     0.058
 
 Constructing natural auxiliary functions for the CC calculation...
 Number of CC natural auxiliary functions: 54 (19.7%)
 CPU time [min]:     0.017                   Wall time [min]:     0.062

 ************************ 2025-10-11 14:16:44 *************************
 Executing ccsd...

 Allocation of 4096.0 Mbytes of memory...

 Direct DF-CCSD(T)-F12 calculation
 
 Convergence criterion:  1.0E-06
 
 Number of occupied/virtual/auxiliary orbitals:     4    30    54
      2.71 MB is the minimal memory requirement for (T)
      1.22 MB is the minimal memory requirement for CCSD
 
 Reference energy [au]:             -56.218415196625
 T1 contribution [au]:                0.000000000000
 Same spin MP2 energy [au]:          -0.049699983872
 Opposite spin MP2 energy [au]:      -0.163159741368
 MP2 correlation energy [au]:        -0.212859725240
 Total MP2 energy [au]:             -56.431274921865
 MP2 correction [au]:                -0.005318289650
 
 CABS singles correction [au]:       -0.002720647386
 Corrected reference energy [au]:   -56.221135844011
 MP2-F12 contribution [au]:          -0.044899432015
 
 CPU time [min]:     0.001                   Wall time [min]:     0.011
 
 Starting CCSD iterations...
 
                     Residual norm          Energy
 Iteration  1        0.135521792483      -56.475169506412
 Iteration  2        0.031363226098      -56.479297360335
 Iteration  3        0.009796479384      -56.480044514791
 Iteration  4        0.001758083577      -56.480073243712
 Iteration  5        0.000431199821      -56.480088615729
 Iteration  6        0.000104206094      -56.480088624676
 Iteration  7        0.000021925873      -56.480088733583
 Iteration  8        0.000006007454      -56.480088687149
 
 CCSD iteration has converged in  8 steps.
        4.29 MB memory was utilized by CCSD
 
 T1 diagnostic:      6.642E-03            D1 diagnostic:      1.044E-02
 
 T1 contribution [au]:                            0.000000000081
 CCSD(F12*) correlation energy [au]:             -0.259061976428
 CCSD(F12*) correlation energy + MP2 [au]:       -0.264380266078
 Total CCSD(F12*) energy [au]:                  -56.480197820439
 Total CCSD(F12*) energy + MP2 corr. [au]:      -56.485516110089
 
 CPU time [min]:     0.002                   Wall time [min]:     0.015
 
 Calculation of (T) correction...
 
 
        2.63 MB memory is utilized for (T)

 0%       25%       50%       75%       100%
 |---------|---------|---------|---------| 
 
 (T)  correction [au]:                         -0.006141396888
 (T*) correction [au]:                         -0.007540426173
 (T+) correction [au]:                         -0.007372299169
 CCSD(F12*)(T)  correlation energy [au]:       -0.265203373316
 CCSD(F12*)(T*) correlation energy [au]:       -0.266602402602
 CCSD(F12*)(T+) correlation energy [au]:       -0.266434275598
 CCSD(F12*)(T)  corr. energy + MP2 [au]:       -0.270521662966
 CCSD(F12*)(T*) corr. energy + MP2 [au]:       -0.271920692252
 CCSD(F12*)(T+) corr. energy + MP2 [au]:       -0.271752565248
 Total CCSD(F12*)(T)  energy [au]:            -56.486339217327
 Total CCSD(F12*)(T*) energy [au]:            -56.487738246612
 Total CCSD(F12*)(T+) energy [au]:            -56.487570119609
 Total CCSD(F12*)(T)  energy + MP2 [au]:      -56.491657506977
 Total CCSD(F12*)(T*) energy + MP2 [au]:      -56.493056536262
 Total CCSD(F12*)(T+) energy + MP2 [au]:      -56.492888409259
 CPU time [min]:     0.003                   Wall time [min]:     0.016
 
 ************************ 2025-10-11 14:17:03 *************************
                      Normal termination of mrcc.
 **********************************************************************
