 **********************************************************************
                          MRCC program system
 **********************************************************************
 
                              Written by
     Mihaly Kallay, Peter R. Nagy, David Mester, Laszlo Gyevi-Nagy,
        Jozsef Csoka, P. Bernat Szabo, Zoltan Rolik, Gyula Samu,
      Bence Hegely, Bence Ladoczki, Klara Petrov, Jozsef Csontos,
     Adam Ganyecz, Istvan Ladjanszki, Lorant Szegedy, Mate Farkas,
          Pal D. Mezei, Reka A. Horvath, and Balazs D. Lorincz
 
        Department of Physical Chemistry and Materials Science
            Budapest University of Technology and Economics
                  Budapest P.O.Box 91, H-1521 Hungary
 
                              www.mrcc.hu
 
                            Version: 25.1.2

 ************************ 2025-10-11 14:02:10 *************************
 Executing minp...

 Reading input from MINP...
 
 Input file:
 
mem=4096MB
basis=cc-pVDZ-F12
calc=CCSD(T)-F12




unit=bohr
geom=xyz
4
Title AutoGenerated by MRCC_Ext Script
N       0.0000000000     0.0000000000     0.2132845314
H       0.0000000000     1.7798990012    -0.4932545455
H      -1.5414377512    -0.8899495006    -0.4932545455
H       1.5414377512    -0.8899495006    -0.4932545455


charge=0
mult=1



 
 
 Checking keyword combinations...
 
 Keywords:
 
 active=none
 agrid=ld0006-ld0590
 agrid_pssp=ld0006-ld0194
 agrid_pssp_sm=ld0006-ld0074
 basis=cc-pvdz-f12
 basis_sm=cc-pvdz-f12
 basopt=off
 bfbasis=none
 bfgsmem=10
 bfgstol=1.0d-3
 boysalg=jacobi
 bpcompo=0.985
 bpcompv=0.98
 bpdfo=0.985
 bpocc=0.985
 bppdo=0.985
 bppdv=0.98
 bpedo=0.985
 bpedv=0.98
 bp_subsyso=0.95
 bp_subsysv=0.95
 cabscorr=off
 cabsdual=off
 calc=ccsd(t)-f12
 ccmaxit=50
 ccprog=ccsd
 ccsdalg=dfdirect
 ccsdmkl=seq
 ccsdrest=trf
 ccsdthreads=2
 cctol=6
 charge=0
 cialg=auto
 ciguess=off
 cmpgrp=auto
 comprest=off
 coord_sys=ric
 core=frozen
 corembed=off
 csapprox=off
 cvs=off
 dboc=off
 deltaf12=off
 delocsomofact=
 dendec=cholesky
 dens=0
 denscorr=0
 dfalg=lineq
 dfbasis_cab=auto
 dfbasis_cor=auto
 dfbasis_scf=auto
 dfbasis_scf_sm=auto
 dfintran=drpa
 dft=off
 dhexc=adc(2)
 diag=david
 docc=
 domrad=10.d0
 drpaalg=fit
 dual=on
 dual_df=off
 dyson=off
 ecp=auto
 edisp=off
 edisp_embed=off
 embed=off
 epairestfact=off
 epairscale=1.d0
 etemp=300
 epert=none
 eps=
 espcharge=off
 excrad=0.d0
 excrad_f12=0.d0
 excrad_fin=0.000000000D+00
 fastdbbsc=v2
 fitting=coulomb
 fmm=off
 fmmord=8
 fnonorb=
 freq=off
 gamma=0.9d0
 gauss=spher
 geom=xyz
 gopt=off
 ghost=none
 gtol=7
 grdens=off
 grid=auto
 grid_sm=auto
 gridbatch_cos=2000
 grtol=10
 guido_ct=off
 hamilton=dc
 iface=none
 incore=off
 intalg=os
 ip_ea=off
 itol=10
 laptol=1.d-2
 lccoporder=trffirst
 lcorthr=normal
 lccrest=off
 ldfgrad_tol=8
 lmp2dens=on
 lnoepso=0.d0
 lnoepsv=5e-5
 localcc=off
 localcorrsymm=off
 locintrf=disk
 mact=
 maxact=off
 maxdim=200
 maxex=0
 maxmicroit=100
 mcscfiguess=hf
 mem=4096mb
 mmprog=
 molden=on
 mp2ongrid=off
 mpitasks=1
 mulmet=0
 mult=1
 nab=off
 nacto=0
 nactv=0
 naf_amp=3.16d-3
 naf_cor=off
 naf_f12=off
 naf_scf=off
 nafalg=albe
 nafdens=off
 naftyp=
 nchol=auto
 ndeps=1e-3
 nstate=1
 nsing=0
 nto=off
 ntrip=0
 num_grad=off
 occ=
 occri=off
 oniom=off
 oniom_eechg=off
 oniom_pcm=off
 oniom_qcorr=off
 optalg=
 optmaxit=50
 optetol=1e-6
 optex=0
 optgtol=1e-4
 optstol=1e-3
 orblocc=off
 orbloce=off
 orbloco=off
 orblocv=off
 orblocguess=cholesky
 osveps=1e-3
 ovirt=off
 ovltol=1e-7
 ovosnorb=80.0
 pao_subsys_tol=1e-3
 pao_tol=1e-3
 pcm=off
 popul=off
 pressure=100000
 pssp=off
 ptfreq=0.0
 ptthreads=2
 qmreg=
 qmmm=off
 qro=off
 qscf=off
 redcost_exc=off
 redcost_tddft=off
 refdet=none
 rest=0
 rgrid=log3
 rism=off
 rohfcore=semicanonical
 rohftype=semicanonical
 scfalg=direct
 scf_conv=auto
 scfdamp=0.0d0
 scfdamp_mode=off
 scfdamp_end=50
 scfdamp_dampstep=0.d0
 scfdamp_dtol=0.0d0
 scfdamp_maxfact=0.0d0
 scfdamp_minfact=0.0d0
 scfdiis=on
 scfdiis_dtol=0.0d0
 scfdiis_end=50
 scfdiis_start=2
 scfdiis_step=1
 scfdiis_watch=off
 scfdiis_wrange=10
 scfdiis_wlimit=5
 scfdiis_delmax=2
 scfdtol=7
 scfext=10
 scfguessdens=
 scfiguess=sad
 scfloc=off
 scflshift=0.20
 scflshift_end=8
 scflshift_dtol=0.0
 scflshift_gaptol=0.20
 scfmaxit=50
 scftype=
 scftol=6
 scspe=1.d0
 scsph=1.d0
 scsps=1.2d0
 scsps_t=1.2d0
 scspt=0.33333333333333
 scspt_t=0.33333333333333
 scspv=1.d0
 spairtol=1e-4
 sqmprog=
 subminp=top
 subsys_bopu=on
 symm=
 talg=occ
 temp=298.15
 test=off
 theodore=off
 tlmo=0.999
 tpao=0.94
 tprint=off
 uncontract=off
 unit=bohr
 usedisk=2
 verbosity=2
 wpairtol=0.100000000E-05

 ************************ 2025-10-11 14:02:23 *************************
 Executing integ...

 Allocation of 4096.0 Mbytes of memory...
 
 
 Number of atoms:                  4
 Charge:                           0
 Number of electrons:             10
 Number of core electrons:         2
 Spin multiplicity:                1
 
                 Cartesian coordinates [bohr]      Atomic mass [AMU]  Z
   1  N     0.00000000    0.00000000    0.21328453    14.003074       7
   2  H     0.00000000    1.77989900   -0.49325455     1.007825       1
   3  H    -1.54143775   -0.88994950   -0.49325455     1.007825       1
   4  H     1.54143775   -0.88994950   -0.49325455     1.007825       1
 
 This molecule is an oblate symmetric top.
 
 Rotational constants [cm-1]: 
      9.982466739672      9.982466739572      6.284881827148
 
 Point group: C3v 
 Computational point group: Cs  
 
 Cartesian coordinates in standard orientation [bohr]
   1  N     0.00000000    0.00000000    0.12546308
   2  H     0.00000000    1.77989900   -0.58107600
   3  H    -1.54143775   -0.88994950   -0.58107600
   4  H     1.54143775   -0.88994950   -0.58107600
 
 Nuclear repulsion energy [au]:         11.939155588601
 
 
 Basis set information:
 
 Maximum angular momentum: g
 Maximum number of contracted Gaussians:   13
 Maximum number of primitive Gaussians:    13
 Spherical harmonic GTOs are used.
 
 
 Conventional basis set:
 
   1  N  cc-pvdz-f12 [ 11s 6p 2d | 5s 5p 2d ]
   2  H  cc-pvdz-f12 [ 5s 2p | 3s 2p ]
   3  H  cc-pvdz-f12 [ 5s 2p | 3s 2p ]
   4  H  cc-pvdz-f12 [ 5s 2p | 3s 2p ]
 
 Total number of basis functions:     57
 
 
 Fitting basis set for the SCF calculation:
 
   1  N  aug-cc-pvtz-ri-jk [ 11s 8p 6d 3f 2g | 11s 8p 6d 3f 2g ]
   2  H  aug-cc-pvtz-ri-jk [ 5s 4p 3d 2f | 5s 4p 3d 2f ]
   3  H  aug-cc-pvtz-ri-jk [ 5s 4p 3d 2f | 5s 4p 3d 2f ]
   4  H  aug-cc-pvtz-ri-jk [ 5s 4p 3d 2f | 5s 4p 3d 2f ]
 
 Total number of basis functions:    242
 
 
 Fitting basis set for the correlation calculation:
 
   1  N  aug-cc-pwcvtz-ri [ 13s 10p 8d 5f 2g | 13s 10p 8d 5f 2g ]
   2  H  aug-cc-pvtz-ri [ 5s 4p 3d 2f | 5s 4p 3d 2f ]
   3  H  aug-cc-pvtz-ri [ 5s 4p 3d 2f | 5s 4p 3d 2f ]
   4  H  aug-cc-pvtz-ri [ 5s 4p 3d 2f | 5s 4p 3d 2f ]
 
 Total number of basis functions:    274
 
 
 Initializing the SAD routines for the initial guess...
 Checking the files required for the initial guess...
 Density files have not been found for the initial guess.
 Generating SCFDENSITIES.N.cc-pvdz-f12.0
 Generating SCFDENSITIES.H.cc-pvdz-f12.0
 CPU time [min]:     0.006                   Wall time [min]:     1.251
 
 Character table for point group Cs:
 
          E  Qh  
    A'    1   1
    A"    1  -1
 
 Number of basis functions per irrep:
    A'     37
    A"     20
 
 
 Calculation of overlap integrals...
 CPU time [min]:     0.007                   Wall time [min]:     1.251
 
 Calculation of the square root of the overlap matrix...
 Minimum eigenvalue of the overlap matrix: 0.111430E-02
 CPU time [min]:     0.007                   Wall time [min]:     1.252
 
 Calculation of kinetic energy integrals...
 CPU time [min]:     0.007                   Wall time [min]:     1.252
 Calculation of nuclear attraction integrals...
 CPU time [min]:     0.007                   Wall time [min]:     1.252
 
 Calculation of prescreening integrals...
 CPU time [min]:     0.007                   Wall time [min]:     1.252
 
 Calculation of two-center Coulomb integrals...
   2% done.
  13% done.
  25% done.
  39% done.
  57% done.
  69% done.
  89% done.
 100% done.
 CPU time [min]:     0.008                   Wall time [min]:     1.252
 
 Cholesky decomposition of the two-center matrix...
 Reciprocal of the condition number:  0.414134E-04
 CPU time [min]:     0.008                   Wall time [min]:     1.252
 

 ************************ 2025-10-11 14:03:53 *************************
 Executing scf...

 Allocation of 4096.0 Mbytes of memory...
 ======================================================================
 ITERATION STEP   1
 CPU time [min]:     0.007                   Wall time [min]:     0.010
 
 Constructing Fock-matrix...
 
 First step of Coulomb + first step of exchange...
 Exchange contribution is evaluated for MOs 1 to 5.
   1% done.
  13% done.
  28% done.
  47% done.
  71% done.
 100% done.
 CPU time [min]:     0.010                   Wall time [min]:     0.021
 
 Fitting and assembly step of exchange...
 CPU time [min]:     0.010                   Wall time [min]:     0.021
 
 Second step of Coulomb...
   1% done.
  13% done.
  28% done.
  47% done.
  71% done.
 100% done.
 CPU time [min]:     0.010                   Wall time [min]:     0.023
 
 RMS of [F,P]:                                         0.05381226544919
 RMS of difference density:                            0.01141289111405
 Gap [au]:  0.55682778
 ALPHA OCC:   4   1
 BETA  OCC:   4   1
 
 ***HARTREE-FOCK ENERGY IN STEP   1 IS        -55.9429419442766687 [AU]
 ======================================================================
 ITERATION STEP   2
 CPU time [min]:     0.011                   Wall time [min]:     0.023
 
 Constructing Fock-matrix...
 
 First step of Coulomb + first step of exchange...
 Exchange contribution is evaluated for MOs 1 to 5.
   1% done.
  13% done.
  28% done.
  47% done.
  71% done.
 100% done.
 CPU time [min]:     0.013                   Wall time [min]:     0.036
 
 Fitting and assembly step of exchange...
 CPU time [min]:     0.013                   Wall time [min]:     0.036
 
 Second step of Coulomb...
   1% done.
  13% done.
  28% done.
  47% done.
  71% done.
 100% done.
 CPU time [min]:     0.014                   Wall time [min]:     0.038
 
 RMS of [F,P]:                                         0.00736273279522
 RMS of difference density:                            0.00375086173798
 Gap [au]:  0.50465474
 ALPHA OCC:   4   1
 BETA  OCC:   4   1
 
 ***HARTREE-FOCK ENERGY IN STEP   2 IS        -56.2062914813807808 [AU]
 ======================================================================
 ITERATION STEP   3
 CPU time [min]:     0.014                   Wall time [min]:     0.039
 
 Constructing Fock-matrix...
 
 First step of Coulomb + first step of exchange...
 Exchange contribution is evaluated for MOs 1 to 5.
   1% done.
  13% done.
  28% done.
  47% done.
  71% done.
 100% done.
 CPU time [min]:     0.016                   Wall time [min]:     0.050
 
 Fitting and assembly step of exchange...
 CPU time [min]:     0.016                   Wall time [min]:     0.050
 
 Second step of Coulomb...
   1% done.
  13% done.
  28% done.
  47% done.
  71% done.
 100% done.
 CPU time [min]:     0.017                   Wall time [min]:     0.052
 
 RMS of [F,P]:                                         0.00240205013771
 RMS of difference density:                            0.00087508529317
 Gap [au]:  0.52202044
 ALPHA OCC:   4   1
 BETA  OCC:   4   1
 
 ***HARTREE-FOCK ENERGY IN STEP   3 IS        -56.2167924864153079 [AU]
 ======================================================================
 ITERATION STEP   4
 CPU time [min]:     0.017                   Wall time [min]:     0.054
 
 Constructing Fock-matrix...
 
 First step of Coulomb + first step of exchange...
 Exchange contribution is evaluated for MOs 1 to 5.
   1% done.
  13% done.
  28% done.
  47% done.
  71% done.
 100% done.
 CPU time [min]:     0.020                   Wall time [min]:     0.068
 
 Fitting and assembly step of exchange...
 CPU time [min]:     0.020                   Wall time [min]:     0.068
 
 Second step of Coulomb...
   1% done.
  13% done.
  28% done.
  47% done.
  71% done.
 100% done.
 CPU time [min]:     0.020                   Wall time [min]:     0.072
 
 RMS of [F,P]:                                         0.00088502817856
 RMS of difference density:                            0.00051636287253
 Gap [au]:  0.50983128
 ALPHA OCC:   4   1
 BETA  OCC:   4   1
 
 ***HARTREE-FOCK ENERGY IN STEP   4 IS        -56.2180908549687786 [AU]
 ======================================================================
 ITERATION STEP   5
 CPU time [min]:     0.021                   Wall time [min]:     0.074
 
 Constructing Fock-matrix...
 
 First step of Coulomb + first step of exchange...
 Exchange contribution is evaluated for MOs 1 to 5.
   1% done.
  13% done.
  28% done.
  47% done.
  71% done.
 100% done.
 CPU time [min]:     0.024                   Wall time [min]:     0.089
 
 Fitting and assembly step of exchange...
 CPU time [min]:     0.024                   Wall time [min]:     0.089
 
 Second step of Coulomb...
   1% done.
  13% done.
  28% done.
  47% done.
  71% done.
 100% done.
 CPU time [min]:     0.024                   Wall time [min]:     0.093
 
 RMS of [F,P]:                                         0.00024558711707
 RMS of difference density:                            0.00019730262393
 Gap [au]:  0.50996249
 ALPHA OCC:   4   1
 BETA  OCC:   4   1
 
 ***HARTREE-FOCK ENERGY IN STEP   5 IS        -56.2183597087247193 [AU]
 ======================================================================
 ITERATION STEP   6
 CPU time [min]:     0.025                   Wall time [min]:     0.095
 
 Constructing Fock-matrix...
 
 First step of Coulomb + first step of exchange...
 Exchange contribution is evaluated for MOs 1 to 5.
   1% done.
  13% done.
  28% done.
  47% done.
  71% done.
 100% done.
 CPU time [min]:     0.028                   Wall time [min]:     0.111
 
 Fitting and assembly step of exchange...
 CPU time [min]:     0.028                   Wall time [min]:     0.111
 
 Second step of Coulomb...
   1% done.
  13% done.
  28% done.
  47% done.
  71% done.
 100% done.
 CPU time [min]:     0.028                   Wall time [min]:     0.114
 
 RMS of [F,P]:                                         0.00003883660196
 RMS of difference density:                            0.00005582374644
 Gap [au]:  0.50973669
 ALPHA OCC:   4   1
 BETA  OCC:   4   1
 
 ***HARTREE-FOCK ENERGY IN STEP   6 IS        -56.2183841731578440 [AU]
 ======================================================================
 ITERATION STEP   7
 CPU time [min]:     0.029                   Wall time [min]:     0.117
 
 Constructing Fock-matrix...
 
 First step of Coulomb + first step of exchange...
 Exchange contribution is evaluated for MOs 1 to 5.
   1% done.
  13% done.
  28% done.
  47% done.
  71% done.
 100% done.
 CPU time [min]:     0.032                   Wall time [min]:     0.135
 
 Fitting and assembly step of exchange...
 CPU time [min]:     0.032                   Wall time [min]:     0.135
 
 Second step of Coulomb...
   1% done.
  13% done.
  28% done.
  47% done.
  71% done.
 100% done.
 CPU time [min]:     0.033                   Wall time [min]:     0.138
 
 RMS of [F,P]:                                         0.00000904454514
 RMS of difference density:                            0.00001336051515
 Gap [au]:  0.50968657
 ALPHA OCC:   4   1
 BETA  OCC:   4   1
 
 ***HARTREE-FOCK ENERGY IN STEP   7 IS        -56.2183852714645127 [AU]
 ======================================================================
 ITERATION STEP   8
 CPU time [min]:     0.033                   Wall time [min]:     0.140
 
 Constructing Fock-matrix...
 
 First step of Coulomb + first step of exchange...
 Exchange contribution is evaluated for MOs 1 to 5.
   1% done.
  13% done.
  28% done.
  47% done.
  71% done.
 100% done.
 CPU time [min]:     0.036                   Wall time [min]:     0.155
 
 Fitting and assembly step of exchange...
 CPU time [min]:     0.036                   Wall time [min]:     0.155
 
 Second step of Coulomb...
   1% done.
  13% done.
  28% done.
  47% done.
  71% done.
 100% done.
 CPU time [min]:     0.037                   Wall time [min]:     0.158
 
 RMS of [F,P]:                                         0.00000105074575
 RMS of difference density:                            0.00000235932590
 Gap [au]:  0.50967690
 ALPHA OCC:   4   1
 BETA  OCC:   4   1
 
 ***HARTREE-FOCK ENERGY IN STEP   8 IS        -56.2183853300747245 [AU]
 ======================================================================
 ITERATION STEP   9
 CPU time [min]:     0.037                   Wall time [min]:     0.160
 
 Constructing Fock-matrix...
 
 First step of Coulomb + first step of exchange...
 Exchange contribution is evaluated for MOs 1 to 5.
   1% done.
  13% done.
  28% done.
  47% done.
  71% done.
 100% done.
 CPU time [min]:     0.039                   Wall time [min]:     0.171
 
 Fitting and assembly step of exchange...
 CPU time [min]:     0.039                   Wall time [min]:     0.171
 
 Second step of Coulomb...
   1% done.
  13% done.
  28% done.
  47% done.
  71% done.
 100% done.
 CPU time [min]:     0.040                   Wall time [min]:     0.172
 
 RMS of [F,P]:                                         0.00000019114426
 RMS of difference density:                            0.00000057252661
 Gap [au]:  0.50967678
 ALPHA OCC:   4   1
 BETA  OCC:   4   1
 
 ***HARTREE-FOCK ENERGY IN STEP   9 IS        -56.2183853308933763 [AU]
 ======================================================================
 ITERATION STEP  10
 CPU time [min]:     0.040                   Wall time [min]:     0.173
 
 Constructing Fock-matrix...
 
 First step of Coulomb + first step of exchange...
 Exchange contribution is evaluated for MOs 1 to 5.
   1% done.
  13% done.
  28% done.
  47% done.
  71% done.
 100% done.
 CPU time [min]:     0.042                   Wall time [min]:     0.179
 
 Fitting and assembly step of exchange...
 CPU time [min]:     0.042                   Wall time [min]:     0.179
 
 Second step of Coulomb...
   1% done.
  13% done.
  28% done.
  47% done.
  71% done.
 100% done.
 CPU time [min]:     0.043                   Wall time [min]:     0.181
 
 RMS of [F,P]:                                         0.00000005549853
 RMS of difference density:                            0.00000009961037
 Gap [au]:  0.50967686
 ALPHA OCC:   4   1
 BETA  OCC:   4   1
 
 ***HARTREE-FOCK ENERGY IN STEP  10 IS        -56.2183853309329820 [AU]
 ======================================================================
 
 SUCCESS...
 THE SCF ITERATION HAS CONVERGED!
 
                   A'  A"  
 FINAL ALPHA OCC:   4   1
 FINAL BETA  OCC:   4   1
 
 ***FINAL HARTREE-FOCK ENERGY:        -56.2183853309329820 [AU]
 
 RETURNING FROM SCF ALGORITHM
 ======================================================================

 ************************ 2025-10-11 14:04:16 *************************
 Executing integ...

 Allocation of 4096.0 Mbytes of memory...
 
 
 Number of atoms:                  4
 Charge:                           0
 Number of electrons:             10
 Number of core electrons:         2
 Spin multiplicity:                1
 
                 Cartesian coordinates [bohr]      Atomic mass [AMU]  Z
   1  N     0.00000000    0.00000000    0.21328453    14.003074       7
   2  H     0.00000000    1.77989900   -0.49325455     1.007825       1
   3  H    -1.54143775   -0.88994950   -0.49325455     1.007825       1
   4  H     1.54143775   -0.88994950   -0.49325455     1.007825       1
 
 This molecule is an oblate symmetric top.
 
 Rotational constants [cm-1]: 
      9.982466739672      9.982466739572      6.284881827148
 
 Point group: C3v 
 Computational point group: Cs  
 
 Cartesian coordinates in standard orientation [bohr]
   1  N     0.00000000    0.00000000    0.12546308
   2  H     0.00000000    1.77989900   -0.58107600
   3  H    -1.54143775   -0.88994950   -0.58107600
   4  H     1.54143775   -0.88994950   -0.58107600
 
 Nuclear repulsion energy [au]:         11.939155588601
 
 
 Basis set information:
 
 Maximum angular momentum: g
 Maximum number of contracted Gaussians:   13
 Maximum number of primitive Gaussians:    15
 Spherical harmonic GTOs are used.
 
 
 Conventional basis set:
 
   1  N  cc-pvdz-f12 [ 11s 6p 2d | 5s 5p 2d ]
   2  H  cc-pvdz-f12 [ 5s 2p | 3s 2p ]
   3  H  cc-pvdz-f12 [ 5s 2p | 3s 2p ]
   4  H  cc-pvdz-f12 [ 5s 2p | 3s 2p ]
 
 Total number of basis functions:     57
 
 
 Fitting basis set for the SCF calculation:
 
   1  N  aug-cc-pvtz-ri-jk [ 11s 8p 6d 3f 2g | 11s 8p 6d 3f 2g ]
   2  H  aug-cc-pvtz-ri-jk [ 5s 4p 3d 2f | 5s 4p 3d 2f ]
   3  H  aug-cc-pvtz-ri-jk [ 5s 4p 3d 2f | 5s 4p 3d 2f ]
   4  H  aug-cc-pvtz-ri-jk [ 5s 4p 3d 2f | 5s 4p 3d 2f ]
 
 Total number of basis functions:    242
 
 
 Fitting basis set for the correlation calculation:
 
   1  N  aug-cc-pwcvtz-ri [ 13s 10p 8d 5f 2g | 13s 10p 8d 5f 2g ]
   2  H  aug-cc-pvtz-ri [ 5s 4p 3d 2f | 5s 4p 3d 2f ]
   3  H  aug-cc-pvtz-ri [ 5s 4p 3d 2f | 5s 4p 3d 2f ]
   4  H  aug-cc-pvtz-ri [ 5s 4p 3d 2f | 5s 4p 3d 2f ]
 
 Total number of basis functions:    274
 
 
 Old basis set for SCF restart
 
   1  N  cc-pvdz-f12 [ 11s 6p 2d | 5s 5p 2d ]
   2  H  cc-pvdz-f12 [ 5s 2p | 3s 2p ]
   3  H  cc-pvdz-f12 [ 5s 2p | 3s 2p ]
   4  H  cc-pvdz-f12 [ 5s 2p | 3s 2p ]
 
 Total number of basis functions:     57
 
 
 Complimentary auxiliary basis set (CABS):
 
   1  N  cc-pvdz-f12-optri [ 4s 4p 4d 3f 1g | 4s 4p 4d 3f 1g ]
   2  H  cc-pvdz-f12-optri [ 3s 3p 2d | 3s 3p 2d ]
   3  H  cc-pvdz-f12-optri [ 3s 3p 2d | 3s 3p 2d ]
   4  H  cc-pvdz-f12-optri [ 3s 3p 2d | 3s 3p 2d ]
 
 Total number of basis functions:    132
 
 
 Character table for point group Cs:
 
          E  Qh  
    A'    1   1
    A"    1  -1
 
 Number of basis functions per irrep:
    A'    115
    A"     74
 
 
 Calculation of overlap integrals...
 CPU time [min]:     0.007                   Wall time [min]:     0.046
 
 Calculation of the square root of the overlap matrix...
 Minimum eigenvalue of the overlap matrix: 0.146803E-04
 CPU time [min]:     0.007                   Wall time [min]:     0.046
 
 Calculation of kinetic energy integrals...
 CPU time [min]:     0.007                   Wall time [min]:     0.046
 Calculation of nuclear attraction integrals...
 CPU time [min]:     0.007                   Wall time [min]:     0.046
 Calculation of overlap integrals...
 CPU time [min]:     0.007                   Wall time [min]:     0.046
 
 Calculation of prescreening integrals...
 CPU time [min]:     0.012                   Wall time [min]:     0.049
 
 Calculation of two-center Coulomb integrals...
   2% done.
  13% done.
  25% done.
  39% done.
  57% done.
  69% done.
  89% done.
 100% done.
 CPU time [min]:     0.014                   Wall time [min]:     0.052
 
 Cholesky decomposition of the two-center matrix...
 Reciprocal of the condition number:  0.414134E-04
 CPU time [min]:     0.014                   Wall time [min]:     0.053
 

 ************************ 2025-10-11 14:04:27 *************************
 Executing scf...

 Allocation of 4096.0 Mbytes of memory...
 Constructing Fock-matrix...
 
 First step of Coulomb...
   1% done.
  13% done.
  28% done.
  47% done.
  71% done.
 100% done.
 CPU time [min]:     0.010                   Wall time [min]:     0.016
 
 Second step of Coulomb...
   3% done.
  40% done.
 CPU time [min]:     0.011                   Wall time [min]:     0.020
 
 
 First step of exchange...
 Exchange contribution is evaluated for MOs 1 to 5.
   1% done.
  13% done.
  28% done.
  47% done.
  71% done.
 100% done.
 CPU time [min]:     0.013                   Wall time [min]:     0.027
 
 Fitting and assembly step of exchange...
 CPU time [min]:     0.013                   Wall time [min]:     0.027
 

 ************************ 2025-10-11 14:04:36 *************************
 Executing mp2f12...

 MP2-F12 calculation
 
 Allocation of 4096.0 Mbytes of memory...
 
 Calculating CABS singles correction...
 CPU time [min]:     0.002                   Wall time [min]:     0.005
 
 Closed-shell CC mem. requirement in Mb
 
 Calculating Coulomb integrals in memory...
 CPU time [min]:     0.007                   Wall time [min]:     0.032
 
 Calculating (DelF12)^2 integrals...
 CPU time [min]:     0.009                   Wall time [min]:     0.039
 
 Calculating F12/r12 integrals...
 CPU time [min]:     0.010                   Wall time [min]:     0.045
 
 Calculating F12^2 integrals...
 Calculating F12^2 contribution 
 CPU time [min]:     0.014                   Wall time [min]:     0.059
 
 Calculating F12 integrals...
 CPU time [min]:     0.016                   Wall time [min]:     0.067
 
 Calculating pair energies...
 CPU time [min]:     0.017                   Wall time [min]:     0.071
 
 Reference energy [au]:                   -56.218385330933
 CABS singles correction [au]:             -0.002713842516
 Corrected reference energy [au]:         -56.221099173449
 MP2 correlation energy [au]:              -0.218211451078
 MP2 energy [au]:                         -56.436596782011
 F12 contribution [au]:                    -0.043519036705
 Coupling term [au]:                       -0.003004820286
 MP2-F12 correlation energy [au]:          -0.261730487783
 MP2-F12 energy [au]:                     -56.482829661232
 
 CPU time [min]:     0.017                   Wall time [min]:     0.071
 
 Calculating CCSD-F12 intermediates...
 CPU time [min]:     0.023                   Wall time [min]:     0.089

 ************************ 2025-10-11 14:05:00 *************************
 Executing ccsd...

 Allocation of 4096.0 Mbytes of memory...

 Direct DF-CCSD(T)-F12 calculation
 
 Convergence criterion:  1.0E-06
 
 Number of occupied/virtual/auxiliary orbitals:     4    52   274
     16.76 MB is the minimal memory requirement for (T)
      8.65 MB is the minimal memory requirement for CCSD
 
 Reference energy [au]:             -56.218385330933
 T1 contribution [au]:               -0.000000000000
 Same spin MP2 energy [au]:          -0.050020126012
 Opposite spin MP2 energy [au]:      -0.168191325066
 MP2 correlation energy [au]:        -0.218211451078
 Total MP2 energy [au]:             -56.436596782011
 
 CABS singles correction [au]:       -0.002713842516
 Corrected reference energy [au]:   -56.221099173449
 MP2-F12 contribution [au]:          -0.040514216419
 
 CPU time [min]:     0.002                   Wall time [min]:     0.011
 
 Starting CCSD iterations...
 
                     Residual norm          Energy
 Iteration  1        0.145943007403      -56.480043956928
 Iteration  2        0.033407918734      -56.484370976460
 Iteration  3        0.010607568398      -56.485217425427
 Iteration  4        0.001976391260      -56.485225186825
 Iteration  5        0.000647421397      -56.485240990966
 Iteration  6        0.000180405907      -56.485242031591
 Iteration  7        0.000047570854      -56.485240874274
 Iteration  8        0.000016734230      -56.485240946890
 Iteration  9        0.000005382335      -56.485240791503
 
 CCSD iteration has converged in  9 steps.
       36.68 MB memory was utilized by CCSD
 
 T1 diagnostic:      7.530E-03            D1 diagnostic:      1.391E-02
 
 T1 contribution [au]:                            0.000000001143
 CCSD(F12*) correlation energy [au]:             -0.264141618055
 Total CCSD(F12*) energy [au]:                  -56.485240791503
 
 CPU time [min]:     0.015                   Wall time [min]:     0.052
 
 Calculation of (T) correction...
 
 
       16.06 MB memory is utilized for (T)

 0%       25%       50%       75%       100%
 |---------|---------|---------|---------| 
 
 (T)  correction [au]:                         -0.006741500985
 (T*) correction [au]:                         -0.008085993345
 (T+) correction [au]:                         -0.008063590262
 CCSD(F12*)(T)  correlation energy [au]:       -0.270883119040
 CCSD(F12*)(T*) correlation energy [au]:       -0.272227611400
 CCSD(F12*)(T+) correlation energy [au]:       -0.272205208316
 Total CCSD(F12*)(T)  energy [au]:            -56.491982292488
 Total CCSD(F12*)(T*) energy [au]:            -56.493326784848
 Total CCSD(F12*)(T+) energy [au]:            -56.493304381765
 CPU time [min]:     0.017                   Wall time [min]:     0.056
 
 ************************ 2025-10-11 14:05:11 *************************
                      Normal termination of mrcc.
 **********************************************************************
