 **********************************************************************
                          MRCC program system
 **********************************************************************
 
                              Written by
     Mihaly Kallay, Peter R. Nagy, David Mester, Laszlo Gyevi-Nagy,
        Jozsef Csoka, P. Bernat Szabo, Zoltan Rolik, Gyula Samu,
      Bence Hegely, Bence Ladoczki, Klara Petrov, Jozsef Csontos,
     Adam Ganyecz, Istvan Ladjanszki, Lorant Szegedy, Mate Farkas,
          Pal D. Mezei, Reka A. Horvath, and Balazs D. Lorincz
 
        Department of Physical Chemistry and Materials Science
            Budapest University of Technology and Economics
                  Budapest P.O.Box 91, H-1521 Hungary
 
                              www.mrcc.hu
 
                            Version: 25.1.2

 ************************ 2025-10-11 14:09:57 *************************
 Executing minp...

 Reading input from MINP...
 
 Input file:
 
mem=4096MB
basis=cc-pVDZ-F12
calc=FNO-CCSD(T)-F12




unit=bohr
geom=xyz
4
Title AutoGenerated by MRCC_Ext Script
N       0.0000000000    -0.0018897261     0.2113948052
H       0.0000000000     1.7798990012    -0.4932545455
H      -1.5414377512    -0.8899495006    -0.4932545455
H       1.5414377512    -0.8899495006    -0.4932545455


charge=0
mult=1



 
 
 Checking keyword combinations...
 
 Keywords:
 
 active=none
 agrid=ld0006-ld0590
 agrid_pssp=ld0006-ld0194
 agrid_pssp_sm=ld0006-ld0074
 basis=cc-pvdz-f12
 basis_sm=cc-pvdz-f12
 basopt=off
 bfbasis=none
 bfgsmem=10
 bfgstol=1.0d-3
 boysalg=jacobi
 bpcompo=0.985
 bpcompv=0.98
 bpdfo=0.985
 bpocc=0.985
 bppdo=0.985
 bppdv=0.98
 bpedo=0.985
 bpedv=0.98
 bp_subsyso=0.95
 bp_subsysv=0.95
 cabscorr=off
 cabsdual=off
 calc=ccsd(t)-f12
 ccmaxit=50
 ccprog=ccsd
 ccsdalg=dfdirect
 ccsdmkl=seq
 ccsdrest=trf
 ccsdthreads=2
 cctol=6
 charge=0
 cialg=auto
 ciguess=off
 cmpgrp=auto
 comprest=off
 coord_sys=ric
 core=frozen
 corembed=off
 csapprox=off
 cvs=off
 dboc=off
 deltaf12=off
 delocsomofact=
 dendec=cholesky
 dens=0
 denscorr=0
 dfalg=lineq
 dfbasis_cab=auto
 dfbasis_cor=auto
 dfbasis_scf=auto
 dfbasis_scf_sm=auto
 dfintran=drpa
 dft=off
 dhexc=adc(2)
 diag=david
 docc=
 domrad=10.d0
 drpaalg=fit
 dual=on
 dual_df=off
 dyson=off
 ecp=auto
 edisp=off
 edisp_embed=off
 embed=off
 epairestfact=off
 epairscale=1.d0
 etemp=300
 epert=none
 eps=
 espcharge=off
 excrad=0.d0
 excrad_f12=0.d0
 excrad_fin=0.000000000D+00
 fastdbbsc=v2
 fitting=coulomb
 fmm=off
 fmmord=8
 fnonorb=
 freq=off
 gamma=0.9d0
 gauss=spher
 geom=xyz
 gopt=off
 ghost=none
 gtol=7
 grdens=off
 grid=auto
 grid_sm=auto
 gridbatch_cos=2000
 grtol=10
 guido_ct=off
 hamilton=dc
 iface=none
 incore=off
 intalg=os
 ip_ea=off
 itol=10
 laptol=1.d-2
 lccoporder=trffirst
 lcorthr=normal
 lccrest=off
 ldfgrad_tol=8
 lmp2dens=on
 lnoepso=0.d0
 lnoepsv=1e-4
 localcc=off
 localcorrsymm=off
 locintrf=disk
 mact=
 maxact=off
 maxdim=200
 maxex=0
 maxmicroit=100
 mcscfiguess=hf
 mem=4096mb
 mmprog=
 molden=on
 mp2ongrid=off
 mpitasks=1
 mulmet=0
 mult=1
 nab=0.1d0
 nacto=0
 nactv=0
 naf_amp=3.16d-3
 naf_cor=5e-2
 naf_f12=5e-2
 naf_scf=off
 nafalg=albe
 nafdens=off
 naftyp=jpq_inv
 nchol=auto
 ndeps=1e-3
 nstate=1
 nsing=0
 nto=off
 ntrip=0
 num_grad=off
 occ=
 occri=off
 oniom=off
 oniom_eechg=off
 oniom_pcm=off
 oniom_qcorr=off
 optalg=
 optmaxit=50
 optetol=1e-6
 optex=0
 optgtol=1e-4
 optstol=1e-3
 orblocc=off
 orbloce=off
 orbloco=off
 orblocv=off
 orblocguess=cholesky
 osveps=1e-3
 ovirt=mp2
 ovltol=1e-7
 ovosnorb=80.0
 pao_subsys_tol=1e-3
 pao_tol=1e-3
 pcm=off
 popul=off
 pressure=100000
 pssp=off
 ptfreq=0.0
 ptthreads=2
 qmreg=
 qmmm=off
 qro=off
 qscf=off
 redcost_exc=off
 redcost_tddft=off
 refdet=none
 rest=0
 rgrid=log3
 rism=off
 rohfcore=semicanonical
 rohftype=semicanonical
 scfalg=direct
 scf_conv=auto
 scfdamp=0.0d0
 scfdamp_mode=off
 scfdamp_end=50
 scfdamp_dampstep=0.d0
 scfdamp_dtol=0.0d0
 scfdamp_maxfact=0.0d0
 scfdamp_minfact=0.0d0
 scfdiis=on
 scfdiis_dtol=0.0d0
 scfdiis_end=50
 scfdiis_start=2
 scfdiis_step=1
 scfdiis_watch=off
 scfdiis_wrange=10
 scfdiis_wlimit=5
 scfdiis_delmax=2
 scfdtol=7
 scfext=10
 scfguessdens=
 scfiguess=sad
 scfloc=off
 scflshift=0.20
 scflshift_end=8
 scflshift_dtol=0.0
 scflshift_gaptol=0.20
 scfmaxit=50
 scftype=
 scftol=6
 scspe=1.d0
 scsph=1.d0
 scsps=1.2d0
 scsps_t=1.2d0
 scspt=0.33333333333333
 scspt_t=0.33333333333333
 scspv=1.d0
 spairtol=1e-4
 sqmprog=
 subminp=top
 subsys_bopu=on
 symm=
 talg=occ
 temp=298.15
 test=off
 theodore=off
 tlmo=0.999
 tpao=0.94
 tprint=off
 uncontract=off
 unit=bohr
 usedisk=2
 verbosity=2
 wpairtol=0.100000000E-05

 ************************ 2025-10-11 14:10:10 *************************
 Executing integ...

 Allocation of 4096.0 Mbytes of memory...
 
 
 Number of atoms:                  4
 Charge:                           0
 Number of electrons:             10
 Number of core electrons:         2
 Spin multiplicity:                1
 
                 Cartesian coordinates [bohr]      Atomic mass [AMU]  Z
   1  N     0.00000000   -0.00188973    0.21139481    14.003074       7
   2  H     0.00000000    1.77989900   -0.49325455     1.007825       1
   3  H    -1.54143775   -0.88994950   -0.49325455     1.007825       1
   4  H     1.54143775   -0.88994950   -0.49325455     1.007825       1
 
 This molecule is an asymmetric top.
 
 Rotational constants [cm-1]: 
      9.993460557469      9.993440709403      6.284873976984
 
 Point group: Cs  
 Computational point group: Cs  
 
 Cartesian coordinates in standard orientation [bohr]
   1  N     0.00000000    0.00045212    0.12512715
   2  H     0.00000000   -1.78199222   -0.57786215
   3  H    -1.54143775    0.88785513   -0.58034913
   4  H     1.54143775    0.88785513   -0.58034913
 
 Nuclear repulsion energy [au]:         11.943146513585
 
 
 Basis set information:
 
 Maximum angular momentum: g
 Maximum number of contracted Gaussians:   13
 Maximum number of primitive Gaussians:    13
 Spherical harmonic GTOs are used.
 
 
 Conventional basis set:
 
   1  N  cc-pvdz-f12 [ 11s 6p 2d | 5s 5p 2d ]
   2  H  cc-pvdz-f12 [ 5s 2p | 3s 2p ]
   3  H  cc-pvdz-f12 [ 5s 2p | 3s 2p ]
   4  H  cc-pvdz-f12 [ 5s 2p | 3s 2p ]
 
 Total number of basis functions:     57
 
 
 Fitting basis set for the SCF calculation:
 
   1  N  aug-cc-pvtz-ri-jk [ 11s 8p 6d 3f 2g | 11s 8p 6d 3f 2g ]
   2  H  aug-cc-pvtz-ri-jk [ 5s 4p 3d 2f | 5s 4p 3d 2f ]
   3  H  aug-cc-pvtz-ri-jk [ 5s 4p 3d 2f | 5s 4p 3d 2f ]
   4  H  aug-cc-pvtz-ri-jk [ 5s 4p 3d 2f | 5s 4p 3d 2f ]
 
 Total number of basis functions:    242
 
 
 Fitting basis set for the correlation calculation:
 
   1  N  aug-cc-pwcvtz-ri [ 13s 10p 8d 5f 2g | 13s 10p 8d 5f 2g ]
   2  H  aug-cc-pvtz-ri [ 5s 4p 3d 2f | 5s 4p 3d 2f ]
   3  H  aug-cc-pvtz-ri [ 5s 4p 3d 2f | 5s 4p 3d 2f ]
   4  H  aug-cc-pvtz-ri [ 5s 4p 3d 2f | 5s 4p 3d 2f ]
 
 Total number of basis functions:    274
 
 
 Initializing the SAD routines for the initial guess...
 Checking the files required for the initial guess...
 Density files have not been found for the initial guess.
 Generating SCFDENSITIES.N.cc-pvdz-f12.0
 Generating SCFDENSITIES.H.cc-pvdz-f12.0
 CPU time [min]:     0.005                   Wall time [min]:     4.693
 
 Character table for point group Cs:
 
          E  Qh  
    A'    1   1
    A"    1  -1
 
 Number of basis functions per irrep:
    A'     37
    A"     20
 
 
 Calculation of overlap integrals...
 CPU time [min]:     0.005                   Wall time [min]:     4.694
 
 Calculation of the square root of the overlap matrix...
 Minimum eigenvalue of the overlap matrix: 0.111604E-02
 CPU time [min]:     0.006                   Wall time [min]:     4.694
 
 Calculation of kinetic energy integrals...
 CPU time [min]:     0.006                   Wall time [min]:     4.694
 Calculation of nuclear attraction integrals...
 CPU time [min]:     0.006                   Wall time [min]:     4.694
 
 Calculation of prescreening integrals...
 CPU time [min]:     0.006                   Wall time [min]:     4.696
 
 Calculation of two-center Coulomb integrals...
   2% done.
  13% done.
  25% done.
  39% done.
  57% done.
  69% done.
  89% done.
 100% done.
 CPU time [min]:     0.007                   Wall time [min]:     4.701
 
 Cholesky decomposition of the two-center matrix...
 Reciprocal of the condition number:  0.374607E-04
 CPU time [min]:     0.007                   Wall time [min]:     4.702
 

 ************************ 2025-10-11 14:15:05 *************************
 Executing scf...

 Allocation of 4096.0 Mbytes of memory...
 ======================================================================
 ITERATION STEP   1
 CPU time [min]:     0.007                   Wall time [min]:     0.011
 
 Constructing Fock-matrix...
 
 First step of Coulomb + first step of exchange...
 Exchange contribution is evaluated for MOs 1 to 5.
   1% done.
  13% done.
  28% done.
  47% done.
  71% done.
 100% done.
 CPU time [min]:     0.010                   Wall time [min]:     0.029
 
 Fitting and assembly step of exchange...
 CPU time [min]:     0.010                   Wall time [min]:     0.029
 
 Second step of Coulomb...
   1% done.
  13% done.
  28% done.
  47% done.
  71% done.
 100% done.
 CPU time [min]:     0.010                   Wall time [min]:     0.033
 
 RMS of [F,P]:                                         0.05383105812928
 RMS of difference density:                            0.01141556290208
 Gap [au]:  0.55698840
 ALPHA OCC:   4   1
 BETA  OCC:   4   1
 
 ***HARTREE-FOCK ENERGY IN STEP   1 IS        -55.9428697025201700 [AU]
 ======================================================================
 ITERATION STEP   2
 CPU time [min]:     0.011                   Wall time [min]:     0.033
 
 Constructing Fock-matrix...
 
 First step of Coulomb + first step of exchange...
 Exchange contribution is evaluated for MOs 1 to 5.
   1% done.
  13% done.
  28% done.
  47% done.
  71% done.
 100% done.
 CPU time [min]:     0.013                   Wall time [min]:     0.051
 
 Fitting and assembly step of exchange...
 CPU time [min]:     0.013                   Wall time [min]:     0.051
 
 Second step of Coulomb...
   1% done.
  13% done.
  28% done.
  47% done.
  71% done.
 100% done.
 CPU time [min]:     0.013                   Wall time [min]:     0.054
 
 RMS of [F,P]:                                         0.00736680097951
 RMS of difference density:                            0.00375283054041
 Gap [au]:  0.50450763
 ALPHA OCC:   4   1
 BETA  OCC:   4   1
 
 ***HARTREE-FOCK ENERGY IN STEP   2 IS        -56.2062867809514231 [AU]
 ======================================================================
 ITERATION STEP   3
 CPU time [min]:     0.014                   Wall time [min]:     0.056
 
 Constructing Fock-matrix...
 
 First step of Coulomb + first step of exchange...
 Exchange contribution is evaluated for MOs 1 to 5.
   1% done.
  13% done.
  28% done.
  47% done.
  71% done.
 100% done.
 CPU time [min]:     0.016                   Wall time [min]:     0.072
 
 Fitting and assembly step of exchange...
 CPU time [min]:     0.016                   Wall time [min]:     0.072
 
 Second step of Coulomb...
   1% done.
  13% done.
  28% done.
  47% done.
  71% done.
 100% done.
 CPU time [min]:     0.017                   Wall time [min]:     0.076
 
 RMS of [F,P]:                                         0.00240887738118
 RMS of difference density:                            0.00087623455847
 Gap [au]:  0.52195170
 ALPHA OCC:   4   1
 BETA  OCC:   4   1
 
 ***HARTREE-FOCK ENERGY IN STEP   3 IS        -56.2168070476911481 [AU]
 ======================================================================
 ITERATION STEP   4
 CPU time [min]:     0.017                   Wall time [min]:     0.078
 
 Constructing Fock-matrix...
 
 First step of Coulomb + first step of exchange...
 Exchange contribution is evaluated for MOs 1 to 5.
   1% done.
  13% done.
  28% done.
  47% done.
  71% done.
 100% done.
 CPU time [min]:     0.019                   Wall time [min]:     0.093
 
 Fitting and assembly step of exchange...
 CPU time [min]:     0.019                   Wall time [min]:     0.094
 
 Second step of Coulomb...
   1% done.
  13% done.
  28% done.
  47% done.
  71% done.
 100% done.
 CPU time [min]:     0.020                   Wall time [min]:     0.099
 
 RMS of [F,P]:                                         0.00088568094380
 RMS of difference density:                            0.00051740972822
 Gap [au]:  0.50974984
 ALPHA OCC:   4   1
 BETA  OCC:   4   1
 
 ***HARTREE-FOCK ENERGY IN STEP   4 IS        -56.2181111167050886 [AU]
 ======================================================================
 ITERATION STEP   5
 CPU time [min]:     0.020                   Wall time [min]:     0.100
 
 Constructing Fock-matrix...
 
 First step of Coulomb + first step of exchange...
 Exchange contribution is evaluated for MOs 1 to 5.
   1% done.
  13% done.
  28% done.
  47% done.
  71% done.
 100% done.
 CPU time [min]:     0.022                   Wall time [min]:     0.116
 
 Fitting and assembly step of exchange...
 CPU time [min]:     0.022                   Wall time [min]:     0.117
 
 Second step of Coulomb...
   1% done.
  13% done.
  28% done.
  47% done.
  71% done.
 100% done.
 CPU time [min]:     0.023                   Wall time [min]:     0.122
 
 RMS of [F,P]:                                         0.00024576541159
 RMS of difference density:                            0.00019761344323
 Gap [au]:  0.50987703
 ALPHA OCC:   4   1
 BETA  OCC:   4   1
 
 ***HARTREE-FOCK ENERGY IN STEP   5 IS        -56.2183810143585774 [AU]
 ======================================================================
 ITERATION STEP   6
 CPU time [min]:     0.023                   Wall time [min]:     0.125
 
 Constructing Fock-matrix...
 
 First step of Coulomb + first step of exchange...
 Exchange contribution is evaluated for MOs 1 to 5.
   1% done.
  13% done.
  28% done.
  47% done.
  71% done.
 100% done.
 CPU time [min]:     0.026                   Wall time [min]:     0.139
 
 Fitting and assembly step of exchange...
 CPU time [min]:     0.026                   Wall time [min]:     0.139
 
 Second step of Coulomb...
   1% done.
  13% done.
  28% done.
  47% done.
  71% done.
 100% done.
 CPU time [min]:     0.026                   Wall time [min]:     0.144
 
 RMS of [F,P]:                                         0.00003893526308
 RMS of difference density:                            0.00005586611980
 Gap [au]:  0.50965074
 ALPHA OCC:   4   1
 BETA  OCC:   4   1
 
 ***HARTREE-FOCK ENERGY IN STEP   6 IS        -56.2184055606024842 [AU]
 ======================================================================
 ITERATION STEP   7
 CPU time [min]:     0.026                   Wall time [min]:     0.146
 
 Constructing Fock-matrix...
 
 First step of Coulomb + first step of exchange...
 Exchange contribution is evaluated for MOs 1 to 5.
   1% done.
  13% done.
  28% done.
  47% done.
  71% done.
 100% done.
 CPU time [min]:     0.029                   Wall time [min]:     0.162
 
 Fitting and assembly step of exchange...
 CPU time [min]:     0.029                   Wall time [min]:     0.162
 
 Second step of Coulomb...
   1% done.
  13% done.
  28% done.
  47% done.
  71% done.
 100% done.
 CPU time [min]:     0.029                   Wall time [min]:     0.166
 
 RMS of [F,P]:                                         0.00000906382230
 RMS of difference density:                            0.00001336838221
 Gap [au]:  0.50960056
 ALPHA OCC:   4   1
 BETA  OCC:   4   1
 
 ***HARTREE-FOCK ENERGY IN STEP   7 IS        -56.2184066641127345 [AU]
 ======================================================================
 ITERATION STEP   8
 CPU time [min]:     0.030                   Wall time [min]:     0.168
 
 Constructing Fock-matrix...
 
 First step of Coulomb + first step of exchange...
 Exchange contribution is evaluated for MOs 1 to 5.
   1% done.
  13% done.
  28% done.
  47% done.
  71% done.
 100% done.
 CPU time [min]:     0.032                   Wall time [min]:     0.182
 
 Fitting and assembly step of exchange...
 CPU time [min]:     0.032                   Wall time [min]:     0.182
 
 Second step of Coulomb...
   1% done.
  13% done.
  28% done.
  47% done.
  71% done.
 100% done.
 CPU time [min]:     0.032                   Wall time [min]:     0.186
 
 RMS of [F,P]:                                         0.00000105300963
 RMS of difference density:                            0.00000236584644
 Gap [au]:  0.50959090
 ALPHA OCC:   4   1
 BETA  OCC:   4   1
 
 ***HARTREE-FOCK ENERGY IN STEP   8 IS        -56.2184067229653408 [AU]
 ======================================================================
 ITERATION STEP   9
 CPU time [min]:     0.033                   Wall time [min]:     0.188
 
 Constructing Fock-matrix...
 
 First step of Coulomb + first step of exchange...
 Exchange contribution is evaluated for MOs 1 to 5.
   1% done.
  13% done.
  28% done.
  47% done.
  71% done.
 100% done.
 CPU time [min]:     0.035                   Wall time [min]:     0.201
 
 Fitting and assembly step of exchange...
 CPU time [min]:     0.035                   Wall time [min]:     0.201
 
 Second step of Coulomb...
   1% done.
  13% done.
  28% done.
  47% done.
  71% done.
 100% done.
 CPU time [min]:     0.035                   Wall time [min]:     0.205
 
 RMS of [F,P]:                                         0.00000019196450
 RMS of difference density:                            0.00000057418507
 Gap [au]:  0.50959078
 ALPHA OCC:   4   1
 BETA  OCC:   4   1
 
 ***HARTREE-FOCK ENERGY IN STEP   9 IS        -56.2184067237887035 [AU]
 ======================================================================
 ITERATION STEP  10
 CPU time [min]:     0.036                   Wall time [min]:     0.206
 
 Constructing Fock-matrix...
 
 First step of Coulomb + first step of exchange...
 Exchange contribution is evaluated for MOs 1 to 5.
   1% done.
  13% done.
  28% done.
  47% done.
  71% done.
 100% done.
 CPU time [min]:     0.038                   Wall time [min]:     0.220
 
 Fitting and assembly step of exchange...
 CPU time [min]:     0.038                   Wall time [min]:     0.220
 
 Second step of Coulomb...
   1% done.
  13% done.
  28% done.
  47% done.
  71% done.
 100% done.
 CPU time [min]:     0.038                   Wall time [min]:     0.224
 
 RMS of [F,P]:                                         0.00000005572782
 RMS of difference density:                            0.00000010017784
 Gap [au]:  0.50959086
 ALPHA OCC:   4   1
 BETA  OCC:   4   1
 
 ***HARTREE-FOCK ENERGY IN STEP  10 IS        -56.2184067238286431 [AU]
 ======================================================================
 ITERATION STEP  11
 CPU time [min]:     0.039                   Wall time [min]:     0.225
 
 Constructing Fock-matrix...
 
 First step of Coulomb + first step of exchange...
 Exchange contribution is evaluated for MOs 1 to 5.
   1% done.
  13% done.
  28% done.
  47% done.
  71% done.
 100% done.
 CPU time [min]:     0.041                   Wall time [min]:     0.236
 
 Fitting and assembly step of exchange...
 CPU time [min]:     0.041                   Wall time [min]:     0.236
 
 Second step of Coulomb...
   1% done.
  13% done.
  28% done.
  47% done.
  71% done.
 100% done.
 CPU time [min]:     0.041                   Wall time [min]:     0.239
 
 RMS of [F,P]:                                         0.00000000848832
 RMS of difference density:                            0.00000002772650
 Gap [au]:  0.50959087
 ALPHA OCC:   4   1
 BETA  OCC:   4   1
 
 ***HARTREE-FOCK ENERGY IN STEP  11 IS        -56.2184067238313219 [AU]
 ======================================================================
 
 SUCCESS...
 THE SCF ITERATION HAS CONVERGED!
 
                   A'  A"  
 FINAL ALPHA OCC:   4   1
 FINAL BETA  OCC:   4   1
 
 ***FINAL HARTREE-FOCK ENERGY:        -56.2184067238313219 [AU]
 
 RETURNING FROM SCF ALGORITHM
 ======================================================================

 ************************ 2025-10-11 14:15:46 *************************
 Executing integ...

 Allocation of 4096.0 Mbytes of memory...
 
 
 Number of atoms:                  4
 Charge:                           0
 Number of electrons:             10
 Number of core electrons:         2
 Spin multiplicity:                1
 
                 Cartesian coordinates [bohr]      Atomic mass [AMU]  Z
   1  N     0.00000000   -0.00188973    0.21139481    14.003074       7
   2  H     0.00000000    1.77989900   -0.49325455     1.007825       1
   3  H    -1.54143775   -0.88994950   -0.49325455     1.007825       1
   4  H     1.54143775   -0.88994950   -0.49325455     1.007825       1
 
 This molecule is an asymmetric top.
 
 Rotational constants [cm-1]: 
      9.993460557469      9.993440709403      6.284873976984
 
 Point group: Cs  
 Computational point group: Cs  
 
 Cartesian coordinates in standard orientation [bohr]
   1  N     0.00000000    0.00045212    0.12512715
   2  H     0.00000000   -1.78199222   -0.57786215
   3  H    -1.54143775    0.88785513   -0.58034913
   4  H     1.54143775    0.88785513   -0.58034913
 
 Nuclear repulsion energy [au]:         11.943146513585
 
 
 Basis set information:
 
 Maximum angular momentum: g
 Maximum number of contracted Gaussians:   13
 Maximum number of primitive Gaussians:    15
 Spherical harmonic GTOs are used.
 
 
 Conventional basis set:
 
   1  N  cc-pvdz-f12 [ 11s 6p 2d | 5s 5p 2d ]
   2  H  cc-pvdz-f12 [ 5s 2p | 3s 2p ]
   3  H  cc-pvdz-f12 [ 5s 2p | 3s 2p ]
   4  H  cc-pvdz-f12 [ 5s 2p | 3s 2p ]
 
 Total number of basis functions:     57
 
 
 Fitting basis set for the SCF calculation:
 
   1  N  aug-cc-pvtz-ri-jk [ 11s 8p 6d 3f 2g | 11s 8p 6d 3f 2g ]
   2  H  aug-cc-pvtz-ri-jk [ 5s 4p 3d 2f | 5s 4p 3d 2f ]
   3  H  aug-cc-pvtz-ri-jk [ 5s 4p 3d 2f | 5s 4p 3d 2f ]
   4  H  aug-cc-pvtz-ri-jk [ 5s 4p 3d 2f | 5s 4p 3d 2f ]
 
 Total number of basis functions:    242
 
 
 Fitting basis set for the correlation calculation:
 
   1  N  aug-cc-pwcvtz-ri [ 13s 10p 8d 5f 2g | 13s 10p 8d 5f 2g ]
   2  H  aug-cc-pvtz-ri [ 5s 4p 3d 2f | 5s 4p 3d 2f ]
   3  H  aug-cc-pvtz-ri [ 5s 4p 3d 2f | 5s 4p 3d 2f ]
   4  H  aug-cc-pvtz-ri [ 5s 4p 3d 2f | 5s 4p 3d 2f ]
 
 Total number of basis functions:    274
 
 
 Old basis set for SCF restart
 
   1  N  cc-pvdz-f12 [ 11s 6p 2d | 5s 5p 2d ]
   2  H  cc-pvdz-f12 [ 5s 2p | 3s 2p ]
   3  H  cc-pvdz-f12 [ 5s 2p | 3s 2p ]
   4  H  cc-pvdz-f12 [ 5s 2p | 3s 2p ]
 
 Total number of basis functions:     57
 
 
 Complimentary auxiliary basis set (CABS):
 
   1  N  cc-pvdz-f12-optri [ 4s 4p 4d 3f 1g | 4s 4p 4d 3f 1g ]
   2  H  cc-pvdz-f12-optri [ 3s 3p 2d | 3s 3p 2d ]
   3  H  cc-pvdz-f12-optri [ 3s 3p 2d | 3s 3p 2d ]
   4  H  cc-pvdz-f12-optri [ 3s 3p 2d | 3s 3p 2d ]
 
 Total number of basis functions:    132
 
 
 Character table for point group Cs:
 
          E  Qh  
    A'    1   1
    A"    1  -1
 
 Number of basis functions per irrep:
    A'    115
    A"     74
 
 
 Calculation of overlap integrals...
 CPU time [min]:     0.006                   Wall time [min]:     0.059
 
 Calculation of the square root of the overlap matrix...
 Minimum eigenvalue of the overlap matrix: 0.146699E-04
 CPU time [min]:     0.006                   Wall time [min]:     0.062
 
 Calculation of kinetic energy integrals...
 CPU time [min]:     0.006                   Wall time [min]:     0.062
 Calculation of nuclear attraction integrals...
 CPU time [min]:     0.006                   Wall time [min]:     0.063
 Calculation of overlap integrals...
 CPU time [min]:     0.006                   Wall time [min]:     0.063
 
 Calculation of prescreening integrals...
 CPU time [min]:     0.011                   Wall time [min]:     0.082
 
 Calculation of two-center Coulomb integrals...
   2% done.
  13% done.
  25% done.
  39% done.
  57% done.
  69% done.
  89% done.
 100% done.
 CPU time [min]:     0.011                   Wall time [min]:     0.086
 
 Cholesky decomposition of the two-center matrix...
 Reciprocal of the condition number:  0.374607E-04
 CPU time [min]:     0.012                   Wall time [min]:     0.087
 

 ************************ 2025-10-11 14:16:09 *************************
 Executing scf...

 Allocation of 4096.0 Mbytes of memory...
 Constructing Fock-matrix...
 
 First step of Coulomb...
   1% done.
  13% done.
  28% done.
  47% done.
  71% done.
 100% done.
 CPU time [min]:     0.009                   Wall time [min]:     0.015
 
 Second step of Coulomb...
   3% done.
  40% done.
 CPU time [min]:     0.010                   Wall time [min]:     0.021
 
 
 First step of exchange...
 Exchange contribution is evaluated for MOs 1 to 5.
   1% done.
  13% done.
  28% done.
  47% done.
  71% done.
 100% done.
 CPU time [min]:     0.012                   Wall time [min]:     0.030
 
 Fitting and assembly step of exchange...
 CPU time [min]:     0.012                   Wall time [min]:     0.030
 

 ************************ 2025-10-11 14:16:27 *************************
 Executing mp2f12...

 MP2-F12 calculation
 
 Allocation of 4096.0 Mbytes of memory...
 
 Calculating CABS singles correction...
 CPU time [min]:     0.002                   Wall time [min]:     0.004
 
 Closed-shell CC mem. requirement in Mb
 
 Calculating Coulomb integrals in memory...
 CPU time [min]:     0.007                   Wall time [min]:     0.030
 
 Calculating (DelF12)^2 integrals...
 CPU time [min]:     0.008                   Wall time [min]:     0.037
 
 Calculating F12/r12 integrals...
 CPU time [min]:     0.010                   Wall time [min]:     0.043
 
 Calculating F12^2 integrals...
 Calculating F12^2 contribution 
 CPU time [min]:     0.013                   Wall time [min]:     0.060
 
 Calculating F12 integrals...
 CPU time [min]:     0.016                   Wall time [min]:     0.070
 
 Calculating pair energies...
 CPU time [min]:     0.017                   Wall time [min]:     0.075
 
 Reference energy [au]:                   -56.218406723831
 CABS singles correction [au]:             -0.002718952840
 Corrected reference energy [au]:         -56.221125676671
 MP2 correlation energy [au]:              -0.218186387673
 MP2 energy [au]:                         -56.436593111504
 F12 contribution [au]:                    -0.043519690835
 Coupling term [au]:                       -0.003005521319
 MP2-F12 correlation energy [au]:          -0.261706078507
 MP2-F12 energy [au]:                     -56.482831755178
 
 CPU time [min]:     0.017                   Wall time [min]:     0.075
 
 Constructing natural orbitals...
 Number of virtual natural orbitals: 30 (57.69%)
 CPU time [min]:     0.017                   Wall time [min]:     0.078
 
 Calculating MP2 energy and coupling term in NO basis...
 MP2 correlation energy [au]:              -0.213151445970
 MP2 energy [au]:                         -56.431558169801
 MP2 correction [au]:                      -0.005034941703
 Coupling term [au]:                        0.001380137903
 Coupling term correction [au]:            -0.004385659223
 CPU time [min]:     0.017                   Wall time [min]:     0.078
 
 Constructing the natural auxiliary basis...
 Number of natural auxiliary basis functions: 107 (69.5%)
 CPU time [min]:     0.018                   Wall time [min]:     0.082
 
 Constructing natural auxiliary functions...
 Number of natural auxiliary functions: 168 (61.3%)
 CPU time [min]:     0.020                   Wall time [min]:     0.087
 
 Calculating CCSD-F12 intermediates...
 CPU time [min]:     0.021                   Wall time [min]:     0.091
 
 Constructing natural auxiliary functions for the CC calculation...
 Number of CC natural auxiliary functions: 54 (19.7%)
 CPU time [min]:     0.021                   Wall time [min]:     0.093

 ************************ 2025-10-11 14:17:04 *************************
 Executing ccsd...

 Allocation of 4096.0 Mbytes of memory...

 Direct DF-CCSD(T)-F12 calculation
 
 Convergence criterion:  1.0E-06
 
 Number of occupied/virtual/auxiliary orbitals:     4    30    54
      2.71 MB is the minimal memory requirement for (T)
      1.22 MB is the minimal memory requirement for CCSD
 
 Reference energy [au]:             -56.218406723831
 T1 contribution [au]:                0.000000000000
 Same spin MP2 energy [au]:          -0.049701216216
 Opposite spin MP2 energy [au]:      -0.163166726574
 MP2 correlation energy [au]:        -0.212867942790
 Total MP2 energy [au]:             -56.431274666622
 MP2 correction [au]:                -0.005318444882
 
 CABS singles correction [au]:       -0.002718952840
 Corrected reference energy [au]:   -56.221125676671
 MP2-F12 contribution [au]:          -0.044899828738
 
 CPU time [min]:     0.001                   Wall time [min]:     0.009
 
 Starting CCSD iterations...
 
                     Residual norm          Energy
 Iteration  1        0.135536596029      -56.475165687996
 Iteration  2        0.031372415000      -56.479294966466
 Iteration  3        0.009800890105      -56.480042457549
 Iteration  4        0.001758797302      -56.480071162838
 Iteration  5        0.000431449330      -56.480086544807
 Iteration  6        0.000104306608      -56.480086554988
 Iteration  7        0.000021960021      -56.480086663886
 Iteration  8        0.000006016942      -56.480086617435
 
 CCSD iteration has converged in  8 steps.
        4.29 MB memory was utilized by CCSD
 
 T1 diagnostic:      6.645E-03            D1 diagnostic:      1.045E-02
 
 T1 contribution [au]:                            0.000000000081
 CCSD(F12*) correlation energy [au]:             -0.259069986376
 CCSD(F12*) correlation energy + MP2 [au]:       -0.264388431258
 Total CCSD(F12*) energy [au]:                  -56.480195663047
 Total CCSD(F12*) energy + MP2 corr. [au]:      -56.485514107929
 
 CPU time [min]:     0.002                   Wall time [min]:     0.012
 
 Calculation of (T) correction...
 
 
        2.63 MB memory is utilized for (T)

 0%       25%       50%       75%       100%
 |---------|---------|---------|---------| 
 
 (T)  correction [au]:                         -0.006142607410
 (T*) correction [au]:                         -0.007541856869
 (T+) correction [au]:                         -0.007373695986
 CCSD(F12*)(T)  correlation energy [au]:       -0.265212593786
 CCSD(F12*)(T*) correlation energy [au]:       -0.266611843245
 CCSD(F12*)(T+) correlation energy [au]:       -0.266443682361
 CCSD(F12*)(T)  corr. energy + MP2 [au]:       -0.270531038668
 CCSD(F12*)(T*) corr. energy + MP2 [au]:       -0.271930288128
 CCSD(F12*)(T+) corr. energy + MP2 [au]:       -0.271762127244
 Total CCSD(F12*)(T)  energy [au]:            -56.486338270457
 Total CCSD(F12*)(T*) energy [au]:            -56.487737519916
 Total CCSD(F12*)(T+) energy [au]:            -56.487569359033
 Total CCSD(F12*)(T)  energy + MP2 [au]:      -56.491656715339
 Total CCSD(F12*)(T*) energy + MP2 [au]:      -56.493055964799
 Total CCSD(F12*)(T+) energy + MP2 [au]:      -56.492887803915
 CPU time [min]:     0.002                   Wall time [min]:     0.012
 
 ************************ 2025-10-11 14:17:19 *************************
                      Normal termination of mrcc.
 **********************************************************************
