 **********************************************************************
                          MRCC program system
 **********************************************************************
 
                              Written by
     Mihaly Kallay, Peter R. Nagy, David Mester, Laszlo Gyevi-Nagy,
        Jozsef Csoka, P. Bernat Szabo, Zoltan Rolik, Gyula Samu,
      Bence Hegely, Bence Ladoczki, Klara Petrov, Jozsef Csontos,
     Adam Ganyecz, Istvan Ladjanszki, Lorant Szegedy, Mate Farkas,
          Pal D. Mezei, Reka A. Horvath, and Balazs D. Lorincz
 
        Department of Physical Chemistry and Materials Science
            Budapest University of Technology and Economics
                  Budapest P.O.Box 91, H-1521 Hungary
 
                              www.mrcc.hu
 
                            Version: 25.1.2

 ************************ 2025-11-19 22:09:09 *************************
 Executing minp...

 Reading input from MINP...
 
 Input file:
 
mem=4096MB
calc=hf
basis=custom




unit=bohr
geom=xyz
3
Title AutoGenerated by MRCC_Ext Script
O       0.0000000000     0.0000000000     0.2094043313
H       0.0000000000     1.4814999282    -0.8376173252
H       0.0000000000    -1.4814999282    -0.8376173252


charge=0
mult=1



 
 
 Checking keyword combinations...
 
 Keywords:
 
 active=none
 agrid=ld0006-ld0590
 agrid_pssp=ld0006-ld0194
 agrid_pssp_sm=ld0006-ld0074
 basis=custom
 basis_sm=none
 basopt=off
 bfbasis=none
 bfgsmem=10
 bfgstol=1.0d-3
 boysalg=jacobi
 bpcompo=0.985
 bpcompv=0.98
 bpdfo=0.985
 bpocc=0.985
 bppdo=0.985
 bppdv=0.98
 bpedo=0.985
 bpedv=0.98
 bp_subsyso=0.95
 bp_subsysv=0.95
 cabscorr=off
 cabsdual=off
 calc=scf
 ccmaxit=50
 ccprog=mrcc
 ccsdalg=disk
 ccsdmkl=seq
 ccsdrest=off
 ccsdthreads=2
 cctol=6
 charge=0
 cialg=disk
 ciguess=off
 cmpgrp=auto
 comprest=off
 coord_sys=ric
 core=frozen
 corembed=off
 csapprox=off
 cvs=off
 dboc=off
 deltaf12=off
 delocsomofact=
 dendec=cholesky
 dens=0
 denscorr=0
 dfalg=lineq
 dfbasis_cab=none
 dfbasis_cor=none
 dfbasis_scf=none
 dfbasis_scf_sm=auto
 dfintran=ovirt
 dft=off
 dhexc=adc(2)
 diag=david
 docc=
 domrad=10.d0
 drpaalg=fit
 dual=off
 dual_df=off
 dyson=off
 ecp=auto
 edisp=off
 edisp_embed=off
 embed=off
 epairestfact=off
 epairscale=1.d0
 etemp=300
 epert=none
 eps=
 espcharge=off
 excrad=0.d0
 excrad_f12=0.d0
 excrad_fin=0.000000000D+00
 fastdbbsc=v2
 fitting=coulomb
 fmm=off
 fmmord=8
 fnonorb=
 freq=off
 gamma=1.d0
 gauss=spher
 geom=xyz
 gopt=off
 ghost=none
 gtol=7
 grdens=off
 grid=auto
 grid_sm=auto
 gridbatch_cos=2000
 grtol=10
 guido_ct=off
 hamilton=dc
 iface=none
 incore=off
 intalg=auto
 ip_ea=off
 itol=10
 laptol=1.d-2
 lccoporder=trffirst
 lcorthr=normal
 lccrest=off
 ldfgrad_tol=8
 lmp2dens=on
 lnoepso=0.d0
 lnoepsv=1e-6
 localcc=off
 localcorrsymm=off
 locintrf=disk
 mact=
 maxact=off
 maxdim=200
 maxex=0
 maxmicroit=100
 mcscfiguess=hf
 mem=4096mb
 mmprog=
 molden=on
 mp2ongrid=off
 mpitasks=1
 mulmet=0
 mult=1
 nab=off
 nacto=0
 nactv=0
 naf_amp=3.16d-3
 naf_cor=off
 naf_f12=off
 naf_scf=off
 nafalg=albe
 nafdens=off
 naftyp=
 nchol=auto
 ndeps=1e-3
 nstate=1
 nsing=0
 nto=off
 ntrip=0
 num_grad=off
 occ=
 occri=off
 oniom=off
 oniom_eechg=off
 oniom_pcm=off
 oniom_qcorr=off
 optalg=
 optmaxit=50
 optetol=1e-6
 optex=0
 optgtol=1e-4
 optstol=1e-3
 orblocc=off
 orbloce=off
 orbloco=off
 orblocv=off
 orblocguess=cholesky
 osveps=1e-3
 ovirt=off
 ovltol=1e-7
 ovosnorb=80.0
 pao_subsys_tol=1e-3
 pao_tol=1e-3
 pcm=off
 popul=off
 pressure=100000
 pssp=off
 ptfreq=0.0
 ptthreads=2
 qmreg=
 qmmm=off
 qro=off
 qscf=off
 redcost_exc=off
 redcost_tddft=off
 refdet=none
 rest=0
 rgrid=log3
 rism=off
 rohfcore=semicanonical
 rohftype=standard
 scfalg=auto
 scf_conv=auto
 scfdamp=0.0d0
 scfdamp_mode=off
 scfdamp_end=50
 scfdamp_dampstep=0.d0
 scfdamp_dtol=0.0d0
 scfdamp_maxfact=0.0d0
 scfdamp_minfact=0.0d0
 scfdiis=on
 scfdiis_dtol=0.0d0
 scfdiis_end=50
 scfdiis_start=2
 scfdiis_step=1
 scfdiis_watch=off
 scfdiis_wrange=10
 scfdiis_wlimit=5
 scfdiis_delmax=2
 scfdtol=6
 scfext=10
 scfguessdens=
 scfiguess=sad
 scfloc=off
 scflshift=0.20
 scflshift_end=8
 scflshift_dtol=0.0
 scflshift_gaptol=0.20
 scfmaxit=50
 scftype=
 scftol=6
 scspe=1.d0
 scsph=1.d0
 scsps=1.2d0
 scsps_t=1.2d0
 scspt=0.33333333333333
 scspt_t=0.33333333333333
 scspv=1.d0
 spairtol=1e-4
 sqmprog=
 subminp=top
 subsys_bopu=on
 symm=
 talg=occ
 temp=298.15
 test=off
 theodore=off
 tlmo=0.999
 tpao=0.94
 tprint=off
 uncontract=off
 unit=bohr
 usedisk=2
 verbosity=2
 wpairtol=0.100000000E-05

 ************************ 2025-11-19 22:09:20 *************************
 Executing integ...

 Allocation of 4096.0 Mbytes of memory...
 
 
 Number of atoms:                  3
 Charge:                           0
 Number of electrons:             10
 Number of core electrons:         2
 Spin multiplicity:                1
 
                 Cartesian coordinates [bohr]      Atomic mass [AMU]  Z
   1  O     0.00000000    0.00000000    0.20940433    15.994915       8
   2  H     0.00000000    1.48149993   -0.83761733     1.007825       1
   3  H     0.00000000   -1.48149993   -0.83761733     1.007825       1
 
 This molecule is an asymmetric top.
 This molecule is planar.
 
 Rotational constants [cm-1]: 
     30.677019891976     13.607421086722      9.426225512402
 
 Point group: C2v 
 Computational point group: C2v 
 
 Cartesian coordinates in standard orientation [bohr]
   1  O     0.00000000    0.00000000    0.11717730
   2  H     0.00000000    1.48149993   -0.92984436
   3  H     0.00000000   -1.48149993   -0.92984436
 
 Nuclear repulsion energy [au]:          9.157111902384
 
 
 Basis set information:
 
 Maximum angular momentum: d
 Maximum number of contracted Gaussians:    9
 Maximum number of primitive Gaussians:    15
 Spherical harmonic GTOs are used.
 
   1  O  custom [ 15s 7p 1d | 9s 4p 1d ]
   2  H  custom [ 8s | 6s ]
   3  H  custom [ 8s | 6s ]
 
 Total number of basis functions:     38
 
 
 Initializing the SAD routines for the initial guess...
 Checking the files required for the initial guess...
 Density files have not been found for the initial guess.
 Generating SCFDENSITIES.O.custom.0
 Problem with SAD SCF initial guess!
 scfiguess has been changed to ao!
 CPU time [min]:     0.014                   Wall time [min]:     0.466
 
 Character table for point group C2v:
 
          E  C2  Qh  Qv  
    A1    1   1   1   1
    B1    1  -1   1  -1
    B2    1  -1  -1   1
    A2    1   1  -1  -1
 
 Number of basis functions per irrep:
    A1     21
    B1     11
    B2      5
    A2      1
 
 
 Calculation of overlap integrals...
 CPU time [min]:     0.014                   Wall time [min]:     0.466
 
 Calculation of the square root of the overlap matrix...
 Minimum eigenvalue of the overlap matrix: 0.162682E-02
 CPU time [min]:     0.015                   Wall time [min]:     0.466
 
 Calculation of kinetic energy integrals...
 CPU time [min]:     0.015                   Wall time [min]:     0.466
 Calculation of nuclear attraction integrals...
 CPU time [min]:     0.015                   Wall time [min]:     0.466
 
 Calculation of prescreening integrals...
 CPU time [min]:     0.016                   Wall time [min]:     0.466
 
 Calculation of two-electron integrals...
  10% done.
  22% done.
  51% done.
 100% done.
 CPU time [min]:     0.024                   Wall time [min]:     0.468

 ************************ 2025-11-19 22:09:55 *************************
 Executing scf...

 Allocation of 4096.0 Mbytes of memory...
 ======================================================================
 ITERATION STEP   1
 CPU time [min]:     0.009                   Wall time [min]:     0.009
 
 RMS of [F,P]:                                        21.06233460602824
 RMS of difference density:                            0.33396882111405
 Gap [au]:  0.11224051
 ALPHA OCC:   3   1   1   0
 BETA  OCC:   3   1   1   0
 
 ***HARTREE-FOCK ENERGY IN STEP   1 IS       1050.3783667039465399 [AU]
 ======================================================================
 ITERATION STEP   2
 CPU time [min]:     0.011                   Wall time [min]:     0.010
 
 RMS of [F,P]:                                         0.34837032243108
 RMS of difference density:                            0.31474587724076
 Gap [au]:  1.71088078
 ALPHA OCC:   3   1   1   0
 BETA  OCC:   3   1   1   0
 
 ***HARTREE-FOCK ENERGY IN STEP   2 IS        -62.7492359411120546 [AU]
 ======================================================================
 ITERATION STEP   3
 CPU time [min]:     0.013                   Wall time [min]:     0.010
 
 RMS of [F,P]:                                         0.37492500638562
 RMS of difference density:                            0.06622552480751
 Gap [au]:  0.83520821
 ALPHA OCC:   3   1   1   0
 BETA  OCC:   3   1   1   0
 
 ***HARTREE-FOCK ENERGY IN STEP   3 IS        -70.5790304883860529 [AU]
 ======================================================================
 ITERATION STEP   4
 CPU time [min]:     0.014                   Wall time [min]:     0.011
 
 RMS of [F,P]:                                         0.12231105481837
 RMS of difference density:                            0.04524401896669
 Gap [au]:  0.48635049
 ALPHA OCC:   3   1   1   0
 BETA  OCC:   3   1   1   0
 
 ***HARTREE-FOCK ENERGY IN STEP   4 IS        -75.1908164744273080 [AU]
 ======================================================================
 ITERATION STEP   5
 CPU time [min]:     0.016                   Wall time [min]:     0.011
 
 RMS of [F,P]:                                         0.01643700078021
 RMS of difference density:                            0.00563625613631
 Gap [au]:  0.62187145
 ALPHA OCC:   3   1   1   0
 BETA  OCC:   3   1   1   0
 
 ***HARTREE-FOCK ENERGY IN STEP   5 IS        -76.0236927837008807 [AU]
 ======================================================================
 ITERATION STEP   6
 CPU time [min]:     0.018                   Wall time [min]:     0.011
 
 RMS of [F,P]:                                         0.00441296327771
 RMS of difference density:                            0.00184631644175
 Gap [au]:  0.64542674
 ALPHA OCC:   3   1   1   0
 BETA  OCC:   3   1   1   0
 
 ***HARTREE-FOCK ENERGY IN STEP   6 IS        -76.0321518675062009 [AU]
 ======================================================================
 ITERATION STEP   7
 CPU time [min]:     0.020                   Wall time [min]:     0.012
 
 RMS of [F,P]:                                         0.00035293709614
 RMS of difference density:                            0.00041706803418
 Gap [au]:  0.64766279
 ALPHA OCC:   3   1   1   0
 BETA  OCC:   3   1   1   0
 
 ***HARTREE-FOCK ENERGY IN STEP   7 IS        -76.0331168130497730 [AU]
 ======================================================================
 ITERATION STEP   8
 CPU time [min]:     0.021                   Wall time [min]:     0.012
 
 RMS of [F,P]:                                         0.00010799508025
 RMS of difference density:                            0.00011474970352
 Gap [au]:  0.64770992
 ALPHA OCC:   3   1   1   0
 BETA  OCC:   3   1   1   0
 
 ***HARTREE-FOCK ENERGY IN STEP   8 IS        -76.0331373805518069 [AU]
 ======================================================================
 ITERATION STEP   9
 CPU time [min]:     0.023                   Wall time [min]:     0.013
 
 RMS of [F,P]:                                         0.00001294708521
 RMS of difference density:                            0.00001356153415
 Gap [au]:  0.64782717
 ALPHA OCC:   3   1   1   0
 BETA  OCC:   3   1   1   0
 
 ***HARTREE-FOCK ENERGY IN STEP   9 IS        -76.0331390774775713 [AU]
 ======================================================================
 ITERATION STEP  10
 CPU time [min]:     0.025                   Wall time [min]:     0.013
 
 RMS of [F,P]:                                         0.00000211416521
 RMS of difference density:                            0.00000255975766
 Gap [au]:  0.64783178
 ALPHA OCC:   3   1   1   0
 BETA  OCC:   3   1   1   0
 
 ***HARTREE-FOCK ENERGY IN STEP  10 IS        -76.0331391110863422 [AU]
 ======================================================================
 ITERATION STEP  11
 CPU time [min]:     0.027                   Wall time [min]:     0.014
 
 RMS of [F,P]:                                         0.00000049866117
 RMS of difference density:                            0.00000058773393
 Gap [au]:  0.64783174
 ALPHA OCC:   3   1   1   0
 BETA  OCC:   3   1   1   0
 
 ***HARTREE-FOCK ENERGY IN STEP  11 IS        -76.0331391120317051 [AU]
 ======================================================================
 
 SUCCESS...
 THE SCF ITERATION HAS CONVERGED!
 
                   A1  B1  B2  A2  
 FINAL ALPHA OCC:   3   1   1   0
 FINAL BETA  OCC:   3   1   1   0
 
 ***FINAL HARTREE-FOCK ENERGY:        -76.0331391120317051 [AU]
 
 RETURNING FROM SCF ALGORITHM
 ======================================================================
 
 ************************ 2025-11-19 22:10:02 *************************
                      Normal termination of mrcc.
 **********************************************************************
