Start of eT_launch, PID is: 2250274
/home/lcrisci/Bin/eT/eT/build/eT_launch.py:398: UserWarning: More output files than input files, will ignore the excess.
  warn("More output files than input files, will ignore the excess.")
Will use basis set from /local/home/lcrisci/Bin/eT/eT/ao_basis
eT will run with 7 OMP threads
eT will run in /local/scratch/lcrisci/test_eT_I9sG6E1M/et-2250270-1.
Input file:  /local/home/lcrisci/Bin/External/Examples/eT/Iterations/Iteration_2/task_central/et_input_sec_1.inp
Output file: /local/home/lcrisci/Bin/External/Examples/eT/Iterations/Iteration_2/task_central/et_input_sec_1.out
Executable:  /local/home/lcrisci/Bin/eT/eT/build/eT
PID of eT subprocess: 2250279
Deleting scratch
Start of eT_launch, PID is: 2250315
Will use basis set from /local/home/lcrisci/Bin/eT/eT/ao_basis
eT will run with 7 OMP threads
eT will run in /local/scratch/lcrisci/test_eT_I9sG6E1M/et-2250270-2.
Input file:  /local/home/lcrisci/Bin/External/Examples/eT/Iterations/Iteration_2/task_central/et_input_sec_1.inp
Output file: /local/home/lcrisci/Bin/External/Examples/eT/Iterations/Iteration_2/task_central/et_input_sec_2.out
Executable:  /local/home/lcrisci/Bin/eT/eT/build/eT
PID of eT subprocess: 2250320
Input file:  /local/home/lcrisci/Bin/External/Examples/eT/Iterations/Iteration_2/task_central/et_input_sec_2.inp
Output file: /local/home/lcrisci/Bin/External/Examples/eT/Iterations/Iteration_2/task_central/et_input_sec_2.inp
Executable:  /local/home/lcrisci/Bin/eT/eT/build/eT
PID of eT subprocess: 2250361
Deleting scratch
Start of eT_launch, PID is: 2250390
Will use basis set from /local/home/lcrisci/Bin/eT/eT/ao_basis
eT will run with 7 OMP threads
eT will run in /local/scratch/lcrisci/test_eT_I9sG6E1M/et-2250270-3.
Input file:  /local/home/lcrisci/Bin/External/Examples/eT/Iterations/Iteration_2/task_central/et_input_sec_1.inp
Output file: /local/home/lcrisci/Bin/External/Examples/eT/Iterations/Iteration_2/task_central/et_input_sec_3.out
Executable:  /local/home/lcrisci/Bin/eT/eT/build/eT
PID of eT subprocess: 2250401
Input file:  /local/home/lcrisci/Bin/External/Examples/eT/Iterations/Iteration_2/task_central/et_input_sec_2.inp
Output file: /local/home/lcrisci/Bin/External/Examples/eT/Iterations/Iteration_2/task_central/et_input_sec_3.inp
Executable:  /local/home/lcrisci/Bin/eT/eT/build/eT
PID of eT subprocess: 2250436
Input file:  /local/home/lcrisci/Bin/External/Examples/eT/Iterations/Iteration_2/task_central/et_input_sec_3.inp
Output file: /local/home/lcrisci/Bin/External/Examples/eT/Iterations/Iteration_2/task_central/et_input_sec_3.out
Executable:  /local/home/lcrisci/Bin/eT/eT/build/eT
PID of eT subprocess: 2250478
Deleting scratch
Parsing scheme and formula from /local/home/lcrisci/Bin/External/Examples/eT/Iterations/Iteration_2/task_central/et_preamble_sectioning.dat (comment='!')
  Entered !scheme section at line 1.
    Line 2: Found coefficient: 1.0
    Line 3: Found coefficient: -1.0
    Line 4: Found coefficient: 1.0
  Exited !scheme section at line 5.
Finished parsing scheme: [('coeff', 1.0), ('coeff', -1.0), ('coeff', 1.0)]

======================================================================
DEBUG: Output file written to: output.EOut
DEBUG: First 10 lines of output file:
======================================================================
  Line 1: ' -7.627352256733D+01  0.000000000000D+00  0.000000000000D+00  0.000000000000D+00\n'
======================================================================
